Component: ARM Compiler 5.06 update 6 (build 750) Tool: armlink [4d35ed]

==============================================================================

Section Cross References

    startup_stm32f030x6.o(RESET) refers to startup_stm32f030x6.o(STACK) for __initial_sp
    startup_stm32f030x6.o(RESET) refers to startup_stm32f030x6.o(.text) for Reset_Handler
    startup_stm32f030x6.o(RESET) refers to stm32f0xx_it.o(i.NMI_Handler) for NMI_Handler
    startup_stm32f030x6.o(RESET) refers to stm32f0xx_it.o(i.HardFault_Handler) for HardFault_Handler
    startup_stm32f030x6.o(RESET) refers to stm32f0xx_it.o(i.SVC_Handler) for SVC_Handler
    startup_stm32f030x6.o(RESET) refers to stm32f0xx_it.o(i.PendSV_Handler) for PendSV_Handler
    startup_stm32f030x6.o(RESET) refers to stm32f0xx_it.o(i.SysTick_Handler) for SysTick_Handler
    startup_stm32f030x6.o(RESET) refers to stm32f0xx_it.o(i.DMA1_Channel1_IRQHandler) for DMA1_Channel1_IRQHandler
    startup_stm32f030x6.o(RESET) refers to stm32f0xx_it.o(i.DMA1_Channel2_3_IRQHandler) for DMA1_Channel2_3_IRQHandler
    startup_stm32f030x6.o(RESET) refers to stm32f0xx_it.o(i.USART1_IRQHandler) for USART1_IRQHandler
    startup_stm32f030x6.o(.text) refers to system_stm32f0xx.o(i.SystemInit) for SystemInit
    startup_stm32f030x6.o(.text) refers to entry.o(.ARM.Collect$$$$00000000) for __main
    stm32f0xx_hal_dma.o(i.DMA_CalcBaseAndBitshift) refers to uidiv.o(.text) for __aeabi_uidivmod
    stm32f0xx_hal_dma.o(i.HAL_DMA_DeInit) refers to stm32f0xx_hal_dma.o(i.DMA_CalcBaseAndBitshift) for DMA_CalcBaseAndBitshift
    stm32f0xx_hal_dma.o(i.HAL_DMA_Init) refers to stm32f0xx_hal_dma.o(i.DMA_CalcBaseAndBitshift) for DMA_CalcBaseAndBitshift
    stm32f0xx_hal_dma.o(i.HAL_DMA_PollForTransfer) refers to stm32f0xx_hal.o(i.HAL_GetTick) for HAL_GetTick
    stm32f0xx_hal_dma.o(i.HAL_DMA_Start) refers to stm32f0xx_hal_dma.o(i.DMA_SetConfig) for DMA_SetConfig
    stm32f0xx_hal_dma.o(i.HAL_DMA_Start_IT) refers to stm32f0xx_hal_dma.o(i.DMA_SetConfig) for DMA_SetConfig
    stm32f0xx_hal_dma.o(i.HAL_DMA_UnRegisterCallback) refers to stm32f0xx_hal_dma.o(i.__ARM_common_switch8) for __ARM_common_switch8
    stm32f0xx_hal_adc.o(i.ADC_ConversionStop) refers to stm32f0xx_hal.o(i.HAL_GetTick) for HAL_GetTick
    stm32f0xx_hal_adc.o(i.ADC_DMAConvCplt) refers to stm32f0xx_hal_adc.o(i.HAL_ADC_ConvCpltCallback) for HAL_ADC_ConvCpltCallback
    stm32f0xx_hal_adc.o(i.ADC_DMAError) refers to stm32f0xx_hal_adc.o(i.HAL_ADC_ErrorCallback) for HAL_ADC_ErrorCallback
    stm32f0xx_hal_adc.o(i.ADC_DMAHalfConvCplt) refers to stm32f0xx_hal_adc.o(i.HAL_ADC_ConvHalfCpltCallback) for HAL_ADC_ConvHalfCpltCallback
    stm32f0xx_hal_adc.o(i.ADC_Disable) refers to stm32f0xx_hal.o(i.HAL_GetTick) for HAL_GetTick
    stm32f0xx_hal_adc.o(i.ADC_Enable) refers to uidiv.o(.text) for __aeabi_uidivmod
    stm32f0xx_hal_adc.o(i.ADC_Enable) refers to stm32f0xx_hal.o(i.HAL_GetTick) for HAL_GetTick
    stm32f0xx_hal_adc.o(i.ADC_Enable) refers to system_stm32f0xx.o(.data) for SystemCoreClock
    stm32f0xx_hal_adc.o(i.HAL_ADC_ConfigChannel) refers to uidiv.o(.text) for __aeabi_uidivmod
    stm32f0xx_hal_adc.o(i.HAL_ADC_ConfigChannel) refers to system_stm32f0xx.o(.data) for SystemCoreClock
    stm32f0xx_hal_adc.o(i.HAL_ADC_DeInit) refers to stm32f0xx_hal_adc.o(i.ADC_ConversionStop) for ADC_ConversionStop
    stm32f0xx_hal_adc.o(i.HAL_ADC_DeInit) refers to stm32f0xx_hal_msp.o(i.HAL_ADC_MspDeInit) for HAL_ADC_MspDeInit
    stm32f0xx_hal_adc.o(i.HAL_ADC_DeInit) refers to stm32f0xx_hal_adc.o(i.ADC_Disable) for ADC_Disable
    stm32f0xx_hal_adc.o(i.HAL_ADC_IRQHandler) refers to stm32f0xx_hal_adc.o(i.HAL_ADC_ConvCpltCallback) for HAL_ADC_ConvCpltCallback
    stm32f0xx_hal_adc.o(i.HAL_ADC_IRQHandler) refers to stm32f0xx_hal_adc.o(i.HAL_ADC_LevelOutOfWindowCallback) for HAL_ADC_LevelOutOfWindowCallback
    stm32f0xx_hal_adc.o(i.HAL_ADC_IRQHandler) refers to stm32f0xx_hal_adc.o(i.HAL_ADC_ErrorCallback) for HAL_ADC_ErrorCallback
    stm32f0xx_hal_adc.o(i.HAL_ADC_Init) refers to stm32f0xx_hal_msp.o(i.HAL_ADC_MspInit) for HAL_ADC_MspInit
    stm32f0xx_hal_adc.o(i.HAL_ADC_PollForConversion) refers to stm32f0xx_hal.o(i.HAL_GetTick) for HAL_GetTick
    stm32f0xx_hal_adc.o(i.HAL_ADC_PollForEvent) refers to stm32f0xx_hal.o(i.HAL_GetTick) for HAL_GetTick
    stm32f0xx_hal_adc.o(i.HAL_ADC_Start) refers to stm32f0xx_hal_adc.o(i.ADC_Enable) for ADC_Enable
    stm32f0xx_hal_adc.o(i.HAL_ADC_Start_DMA) refers to stm32f0xx_hal_adc.o(i.ADC_Enable) for ADC_Enable
    stm32f0xx_hal_adc.o(i.HAL_ADC_Start_DMA) refers to stm32f0xx_hal_dma.o(i.HAL_DMA_Start_IT) for HAL_DMA_Start_IT
    stm32f0xx_hal_adc.o(i.HAL_ADC_Start_DMA) refers to stm32f0xx_hal_adc.o(i.ADC_DMAConvCplt) for ADC_DMAConvCplt
    stm32f0xx_hal_adc.o(i.HAL_ADC_Start_DMA) refers to stm32f0xx_hal_adc.o(i.ADC_DMAHalfConvCplt) for ADC_DMAHalfConvCplt
    stm32f0xx_hal_adc.o(i.HAL_ADC_Start_DMA) refers to stm32f0xx_hal_adc.o(i.ADC_DMAError) for ADC_DMAError
[...]
    Removing stm32f0xx_hal_i2c.o(i.HAL_I2C_Master_Transmit_IT), (124 bytes).
    Removing stm32f0xx_hal_i2c.o(i.HAL_I2C_MemRxCpltCallback), (2 bytes).
    Removing stm32f0xx_hal_i2c.o(i.HAL_I2C_MemTxCpltCallback), (2 bytes).
    Removing stm32f0xx_hal_i2c.o(i.HAL_I2C_Mem_Read), (344 bytes).
    Removing stm32f0xx_hal_i2c.o(i.HAL_I2C_Mem_Read_DMA), (248 bytes).
    Removing stm32f0xx_hal_i2c.o(i.HAL_I2C_Mem_Read_IT), (188 bytes).
    Removing stm32f0xx_hal_i2c.o(i.HAL_I2C_Mem_Write), (340 bytes).
    Removing stm32f0xx_hal_i2c.o(i.HAL_I2C_Mem_Write_DMA), (244 bytes).
    Removing stm32f0xx_hal_i2c.o(i.HAL_I2C_Mem_Write_IT), (184 bytes).
    Removing stm32f0xx_hal_i2c.o(i.HAL_I2C_MspDeInit), (2 bytes).
    Removing stm32f0xx_hal_i2c.o(i.HAL_I2C_MspInit), (2 bytes).
    Removing stm32f0xx_hal_i2c.o(i.HAL_I2C_SlaveRxCpltCallback), (2 bytes).
    Removing stm32f0xx_hal_i2c.o(i.HAL_I2C_SlaveTxCpltCallback), (2 bytes).
    Removing stm32f0xx_hal_i2c.o(i.HAL_I2C_Slave_Receive), (292 bytes).
    Removing stm32f0xx_hal_i2c.o(i.HAL_I2C_Slave_Receive_DMA), (156 bytes).
    Removing stm32f0xx_hal_i2c.o(i.HAL_I2C_Slave_Receive_IT), (88 bytes).
    Removing stm32f0xx_hal_i2c.o(i.HAL_I2C_Slave_Sequential_Receive_IT), (144 bytes).
    Removing stm32f0xx_hal_i2c.o(i.HAL_I2C_Slave_Sequential_Transmit_IT), (144 bytes).
    Removing stm32f0xx_hal_i2c.o(i.HAL_I2C_Slave_Transmit), (300 bytes).
    Removing stm32f0xx_hal_i2c.o(i.HAL_I2C_Slave_Transmit_DMA), (156 bytes).
    Removing stm32f0xx_hal_i2c.o(i.HAL_I2C_Slave_Transmit_IT), (88 bytes).
    Removing stm32f0xx_hal_i2c.o(i.I2C_DMAAbort), (52 bytes).
    Removing stm32f0xx_hal_i2c.o(i.I2C_DMAError), (24 bytes).
    Removing stm32f0xx_hal_i2c.o(i.I2C_DMAMasterReceiveCplt), (68 bytes).
    Removing stm32f0xx_hal_i2c.o(i.I2C_DMAMasterTransmitCplt), (68 bytes).
    Removing stm32f0xx_hal_i2c.o(i.I2C_DMASlaveReceiveCplt), (2 bytes).
    Removing stm32f0xx_hal_i2c.o(i.I2C_DMASlaveTransmitCplt), (2 bytes).
    Removing stm32f0xx_hal_i2c.o(i.I2C_Disable_IRQ), (86 bytes).
    Removing stm32f0xx_hal_i2c.o(i.I2C_Enable_IRQ), (100 bytes).
    Removing stm32f0xx_hal_i2c.o(i.I2C_Flush_TXDR), (34 bytes).
    Removing stm32f0xx_hal_i2c.o(i.I2C_ITAddrCplt), (122 bytes).
    Removing stm32f0xx_hal_i2c.o(i.I2C_ITError), (204 bytes).
    Removing stm32f0xx_hal_i2c.o(i.I2C_ITListenCplt), (96 bytes).
    Removing stm32f0xx_hal_i2c.o(i.I2C_ITMasterCplt), (160 bytes).
    Removing stm32f0xx_hal_i2c.o(i.I2C_ITMasterSequentialCplt), (70 bytes).
    Removing stm32f0xx_hal_i2c.o(i.I2C_ITSlaveCplt), (232 bytes).
    Removing stm32f0xx_hal_i2c.o(i.I2C_ITSlaveSequentialCplt), (74 bytes).
    Removing stm32f0xx_hal_i2c.o(i.I2C_IsAcknowledgeFailed), (116 bytes).
    Removing stm32f0xx_hal_i2c.o(i.I2C_Master_ISR_DMA), (194 bytes).
    Removing stm32f0xx_hal_i2c.o(i.I2C_Master_ISR_IT), (296 bytes).
    Removing stm32f0xx_hal_i2c.o(i.I2C_RequestMemoryRead), (106 bytes).
    Removing stm32f0xx_hal_i2c.o(i.I2C_RequestMemoryWrite), (106 bytes).
    Removing stm32f0xx_hal_i2c.o(i.I2C_Slave_ISR_DMA), (104 bytes).
    Removing stm32f0xx_hal_i2c.o(i.I2C_Slave_ISR_IT), (280 bytes).
    Removing stm32f0xx_hal_i2c.o(i.I2C_TransferConfig), (36 bytes).
    Removing stm32f0xx_hal_i2c.o(i.I2C_WaitOnFlagUntilTimeout), (72 bytes).
    Removing stm32f0xx_hal_i2c.o(i.I2C_WaitOnRXNEFlagUntilTimeout), (120 bytes).
    Removing stm32f0xx_hal_i2c.o(i.I2C_WaitOnSTOPFlagUntilTimeout), (78 bytes).
    Removing stm32f0xx_hal_i2c.o(i.I2C_WaitOnTXISFlagUntilTimeout), (82 bytes).
    Removing stm32f0xx_hal_tim_ex.o(.rev16_text), (4 bytes).
    Removing stm32f0xx_hal_tim_ex.o(.revsh_text), (4 bytes).
    Removing stm32f0xx_hal_uart_ex.o(.rev16_text), (4 bytes).
    Removing stm32f0xx_hal_uart_ex.o(.revsh_text), (4 bytes).
    Removing stm32f0xx_hal_uart_ex.o(i.HAL_MultiProcessorEx_AddressLength_Set), (54 bytes).
    Removing stm32f0xx_hal_uart_ex.o(i.HAL_RS485Ex_Init), (144 bytes).
    Removing stm32f0xx_hal_rcc.o(.rev16_text), (4 bytes).
    Removing stm32f0xx_hal_rcc.o(.revsh_text), (4 bytes).
    Removing stm32f0xx_hal_rcc.o(i.HAL_RCC_CSSCallback), (2 bytes).
    Removing stm32f0xx_hal_rcc.o(i.HAL_RCC_DeInit), (76 bytes).
    Removing stm32f0xx_hal_rcc.o(i.HAL_RCC_DisableCSS), (20 bytes).
    Removing stm32f0xx_hal_rcc.o(i.HAL_RCC_EnableCSS), (20 bytes).
    Removing stm32f0xx_hal_rcc.o(i.HAL_RCC_GetClockConfig), (56 bytes).
    Removing stm32f0xx_hal_rcc.o(i.HAL_RCC_GetOscConfig), (156 bytes).
    Removing stm32f0xx_hal_rcc.o(i.HAL_RCC_MCOConfig), (80 bytes).
    Removing stm32f0xx_hal_rcc.o(i.HAL_RCC_NMI_IRQHandler), (24 bytes).
    Removing stm32f0xx_hal_i2c_ex.o(.rev16_text), (4 bytes).
    Removing stm32f0xx_hal_i2c_ex.o(.revsh_text), (4 bytes).
    Removing stm32f0xx_hal_i2c_ex.o(i.HAL_I2CEx_ConfigAnalogFilter), (74 bytes).
    Removing stm32f0xx_hal_i2c_ex.o(i.HAL_I2CEx_ConfigDigitalFilter), (72 bytes).
    Removing stm32f0xx_hal_i2c_ex.o(i.HAL_I2CEx_DisableFastModePlus), (36 bytes).
    Removing stm32f0xx_hal_i2c_ex.o(i.HAL_I2CEx_EnableFastModePlus), (36 bytes).
    Removing stm32f0xx_hal_flash.o(.rev16_text), (4 bytes).
    Removing stm32f0xx_hal_flash.o(.revsh_text), (4 bytes).
    Removing stm32f0xx_hal_flash.o(i.FLASH_Program_HalfWord), (32 bytes).
    Removing stm32f0xx_hal_flash.o(i.FLASH_SetErrorCode), (56 bytes).
    Removing stm32f0xx_hal_flash.o(i.FLASH_WaitForLastOperation), (80 bytes).
    Removing stm32f0xx_hal_flash.o(i.HAL_FLASH_EndOfOperationCallback), (2 bytes).
    Removing stm32f0xx_hal_flash.o(i.HAL_FLASH_GetError), (12 bytes).
    Removing stm32f0xx_hal_flash.o(i.HAL_FLASH_IRQHandler), (268 bytes).
    Removing stm32f0xx_hal_flash.o(i.HAL_FLASH_Lock), (20 bytes).
    Removing stm32f0xx_hal_flash.o(i.HAL_FLASH_OB_Launch), (32 bytes).
    Removing stm32f0xx_hal_flash.o(i.HAL_FLASH_OB_Lock), (20 bytes).
    Removing stm32f0xx_hal_flash.o(i.HAL_FLASH_OB_Unlock), (36 bytes).
    Removing stm32f0xx_hal_flash.o(i.HAL_FLASH_OperationErrorCallback), (2 bytes).
    Removing stm32f0xx_hal_flash.o(i.HAL_FLASH_Program), (124 bytes).
    Removing stm32f0xx_hal_flash.o(i.HAL_FLASH_Program_IT), (100 bytes).
    Removing stm32f0xx_hal_flash.o(i.HAL_FLASH_Unlock), (36 bytes).
    Removing stm32f0xx_hal_flash.o(.bss), (32 bytes).
    Removing stm32f0xx_hal_tim.o(.rev16_text), (4 bytes).
    Removing stm32f0xx_hal_tim.o(.revsh_text), (4 bytes).
    Removing stm32f0xx_hal.o(.rev16_text), (4 bytes).
    Removing stm32f0xx_hal.o(.revsh_text), (4 bytes).
    Removing stm32f0xx_hal.o(i.HAL_DBGMCU_DisableDBGStandbyMode), (16 bytes).
    Removing stm32f0xx_hal.o(i.HAL_DBGMCU_DisableDBGStopMode), (16 bytes).
    Removing stm32f0xx_hal.o(i.HAL_DBGMCU_EnableDBGStandbyMode), (16 bytes).
    Removing stm32f0xx_hal.o(i.HAL_DBGMCU_EnableDBGStopMode), (16 bytes).
    Removing stm32f0xx_hal.o(i.HAL_DeInit), (36 bytes).
    Removing stm32f0xx_hal.o(i.HAL_Delay), (28 bytes).
    Removing stm32f0xx_hal.o(i.HAL_GetDEVID), (16 bytes).
    Removing stm32f0xx_hal.o(i.HAL_GetHalVersion), (8 bytes).
    Removing stm32f0xx_hal.o(i.HAL_GetREVID), (12 bytes).
    Removing stm32f0xx_hal.o(i.HAL_GetUIDw0), (12 bytes).
    Removing stm32f0xx_hal.o(i.HAL_GetUIDw1), (12 bytes).
    Removing stm32f0xx_hal.o(i.HAL_GetUIDw2), (12 bytes).
    Removing stm32f0xx_hal.o(i.HAL_MspDeInit), (2 bytes).
    Removing stm32f0xx_hal.o(i.HAL_MspInit), (2 bytes).
    Removing stm32f0xx_hal.o(i.HAL_ResumeTick), (16 bytes).
    Removing stm32f0xx_hal.o(i.HAL_SuspendTick), (16 bytes).
    Removing stm32f0xx_hal_pwr.o(.rev16_text), (4 bytes).
    Removing stm32f0xx_hal_pwr.o(.revsh_text), (4 bytes).
    Removing stm32f0xx_hal_pwr.o(i.HAL_PWR_DeInit), (24 bytes).
    Removing stm32f0xx_hal_pwr.o(i.HAL_PWR_DisableBkUpAccess), (16 bytes).
    Removing stm32f0xx_hal_pwr.o(i.HAL_PWR_DisableSEVOnPend), (16 bytes).
    Removing stm32f0xx_hal_pwr.o(i.HAL_PWR_DisableSleepOnExit), (16 bytes).
    Removing stm32f0xx_hal_pwr.o(i.HAL_PWR_DisableWakeUpPin), (16 bytes).
    Removing stm32f0xx_hal_pwr.o(i.HAL_PWR_EnableBkUpAccess), (16 bytes).
    Removing stm32f0xx_hal_pwr.o(i.HAL_PWR_EnableSEVOnPend), (16 bytes).
    Removing stm32f0xx_hal_pwr.o(i.HAL_PWR_EnableSleepOnExit), (16 bytes).
    Removing stm32f0xx_hal_pwr.o(i.HAL_PWR_EnableWakeUpPin), (16 bytes).
    Removing stm32f0xx_hal_pwr.o(i.HAL_PWR_EnterSLEEPMode), (32 bytes).
    Removing stm32f0xx_hal_pwr.o(i.HAL_PWR_EnterSTANDBYMode), (32 bytes).
    Removing stm32f0xx_hal_pwr.o(i.HAL_PWR_EnterSTOPMode), (52 bytes).
    Removing stm32f0xx_hal_flash_ex.o(.rev16_text), (4 bytes).
    Removing stm32f0xx_hal_flash_ex.o(.revsh_text), (4 bytes).
    Removing stm32f0xx_hal_flash_ex.o(i.FLASH_MassErase), (36 bytes).
    Removing stm32f0xx_hal_flash_ex.o(i.FLASH_OB_GetRDP), (32 bytes).
    Removing stm32f0xx_hal_flash_ex.o(i.FLASH_OB_RDP_LevelConfig), (96 bytes).
    Removing stm32f0xx_hal_flash_ex.o(i.FLASH_PageErase), (36 bytes).
    Removing stm32f0xx_hal_flash_ex.o(i.HAL_FLASHEx_Erase), (160 bytes).
    Removing stm32f0xx_hal_flash_ex.o(i.HAL_FLASHEx_Erase_IT), (88 bytes).
    Removing stm32f0xx_hal_flash_ex.o(i.HAL_FLASHEx_OBErase), (80 bytes).
    Removing stm32f0xx_hal_flash_ex.o(i.HAL_FLASHEx_OBGetConfig), (36 bytes).
    Removing stm32f0xx_hal_flash_ex.o(i.HAL_FLASHEx_OBGetUserData), (28 bytes).
    Removing stm32f0xx_hal_flash_ex.o(i.HAL_FLASHEx_OBProgram), (328 bytes).
    Removing stm32f0xx_hal_rcc_ex.o(.rev16_text), (4 bytes).
    Removing stm32f0xx_hal_rcc_ex.o(.revsh_text), (4 bytes).
    Removing stm32f0xx_hal_rcc_ex.o(i.HAL_RCCEx_GetPeriphCLKConfig), (44 bytes).
    Removing stm32f0xx_hal_rcc_ex.o(i.HAL_RCCEx_GetPeriphCLKFreq), (156 bytes).
    Removing stm32f0xx_hal_cortex.o(.rev16_text), (4 bytes).
    Removing stm32f0xx_hal_cortex.o(.revsh_text), (4 bytes).
    Removing stm32f0xx_hal_cortex.o(i.HAL_NVIC_ClearPendingIRQ), (20 bytes).
    Removing stm32f0xx_hal_cortex.o(i.HAL_NVIC_DisableIRQ), (20 bytes).
    Removing stm32f0xx_hal_cortex.o(i.HAL_NVIC_GetPendingIRQ), (28 bytes).
    Removing stm32f0xx_hal_cortex.o(i.HAL_NVIC_GetPriority), (52 bytes).
    Removing stm32f0xx_hal_cortex.o(i.HAL_NVIC_SetPendingIRQ), (20 bytes).
    Removing stm32f0xx_hal_cortex.o(i.HAL_NVIC_SystemReset), (28 bytes).
    Removing stm32f0xx_hal_adc_ex.o(.rev16_text), (4 bytes).
    Removing stm32f0xx_hal_adc_ex.o(.revsh_text), (4 bytes).
    Removing stm32f0xx_hal_adc_ex.o(i.HAL_ADCEx_Calibration_Start), (176 bytes).
    Removing stm32f0xx_hal_pwr_ex.o(.rev16_text), (4 bytes).
    Removing stm32f0xx_hal_pwr_ex.o(.revsh_text), (4 bytes).
    Removing stm32f0xx_hal_gpio.o(.rev16_text), (4 bytes).
    Removing stm32f0xx_hal_gpio.o(.revsh_text), (4 bytes).
    Removing stm32f0xx_hal_gpio.o(i.HAL_GPIO_DeInit), (212 bytes).
    Removing stm32f0xx_hal_gpio.o(i.HAL_GPIO_EXTI_Callback), (2 bytes).
    Removing stm32f0xx_hal_gpio.o(i.HAL_GPIO_EXTI_IRQHandler), (24 bytes).
    Removing stm32f0xx_hal_gpio.o(i.HAL_GPIO_LockPin), (36 bytes).
    Removing stm32f0xx_hal_gpio.o(i.HAL_GPIO_TogglePin), (8 bytes).
    Removing app_main.o(.rev16_text), (4 bytes).
    Removing app_main.o(.revsh_text), (4 bytes).
    Removing app_main.o(.data), (1 bytes).
    Removing app_main.o(.data), (1 bytes).
    Removing app_main.o(.data), (2 bytes).
    Removing app_main.o(.data), (1 bytes).
    Removing app_main.o(.data), (1 bytes).
    Removing app_main.o(.data), (1 bytes).
    Removing app_main.o(.data), (1 bytes).
    Removing bt_mode.o(.rev16_text), (4 bytes).
    Removing bt_mode.o(.revsh_text), (4 bytes).
    Removing bt_mode.o(i.BT_Send_Command), (2 bytes).
    Removing bt_mode.o(i.char_to_bcd), (34 bytes).
    Removing bt_mode.o(i.hex_to_char), (34 bytes).
    Removing bt_mode.o(.bss), (100 bytes).
    Removing io_iic.o(.rev16_text), (4 bytes).
    Removing io_iic.o(.revsh_text), (4 bytes).
    Removing key.o(.rev16_text), (4 bytes).
    Removing key.o(.revsh_text), (4 bytes).
    Removing key.o(.constdata), (2 bytes).
    Removing key.o(.constdata), (2 bytes).
    Removing key.o(.data), (2 bytes).
    Removing key.o(.data), (1 bytes).
    Removing rgb.o(.rev16_text), (4 bytes).
    Removing rgb.o(.revsh_text), (4 bytes).
    Removing rgb.o(i.led_color_campFire), (2 bytes).
    Removing rgb.o(.bss), (110 bytes).
    Removing rgb.o(.bss), (110 bytes).
    Removing rgb.o(.bss), (1440 bytes).
    Removing rgb.o(.data), (8 bytes).
    Removing rgb.o(.data), (12 bytes).
    Removing rgb.o(.data), (12 bytes).
    Removing rgb.o(.data), (12 bytes).
    Removing rgb.o(.data), (12 bytes).
    Removing rgb.o(.data), (36 bytes).
    Removing rgb.o(.data), (36 bytes).
    Removing rgb_flashing.o(.rev16_text), (4 bytes).
    Removing rgb_flashing.o(.revsh_text), (4 bytes).
    Removing sn3236.o(.rev16_text), (4 bytes).
    Removing sn3236.o(.revsh_text), (4 bytes).
    Removing sn3236.o(.data), (1 bytes).
    Removing main.o(.rev16_text), (4 bytes).
    Removing main.o(.revsh_text), (4 bytes).
    Removing stm32f0xx_it.o(.rev16_text), (4 bytes).
    Removing stm32f0xx_it.o(.revsh_text), (4 bytes).
    Removing stm32f0xx_hal_msp.o(.rev16_text), (4 bytes).
    Removing stm32f0xx_hal_msp.o(.revsh_text), (4 bytes).
    Removing stm32f0xx_hal_msp.o(i.HAL_ADC_MspDeInit), (48 bytes).
    Removing stm32f0xx_hal_msp.o(i.HAL_UART_MspDeInit), (64 bytes).
    Removing system_stm32f0xx.o(.rev16_text), (4 bytes).
    Removing system_stm32f0xx.o(.revsh_text), (4 bytes).
    Removing system_stm32f0xx.o(i.SystemCoreClockUpdate), (108 bytes).
    Removing stm32f0xx_hal_dma.o(i.__ARM_common_switch8), (26 bytes).

298 unused section(s) (total 19148 bytes) removed from the image.

==============================================================================

Image Symbol Table

    Local Symbols

    Symbol Name                              Value     Ov Type        Size  Object(Section)

    ..//Src/system_stm32f0xx.c               0x00000000   Number         0  system_stm32f0xx.o ABSOLUTE
    ../Drivers/STM32F0xx_HAL_Driver/Src/stm32f0xx_hal.c 0x00000000   Number         0  stm32f0xx_hal.o ABSOLUTE
    ../Drivers/STM32F0xx_HAL_Driver/Src/stm32f0xx_hal_adc.c 0x00000000   Number         0  stm32f0xx_hal_adc.o ABSOLUTE
    ../Drivers/STM32F0xx_HAL_Driver/Src/stm32f0xx_hal_adc_ex.c 0x00000000   Number         0  stm32f0xx_hal_adc_ex.o ABSOLUTE
    ../Drivers/STM32F0xx_HAL_Driver/Src/stm32f0xx_hal_cortex.c 0x00000000   Number         0  stm32f0xx_hal_cortex.o ABSOLUTE
    ../Drivers/STM32F0xx_HAL_Driver/Src/stm32f0xx_hal_dma.c 0x00000000   Number         0  stm32f0xx_hal_dma.o ABSOLUTE
    ../Drivers/STM32F0xx_HAL_Driver/Src/stm32f0xx_hal_flash.c 0x00000000   Number         0  stm32f0xx_hal_flash.o ABSOLUTE
    ../Drivers/STM32F0xx_HAL_Driver/Src/stm32f0xx_hal_flash_ex.c 0x00000000   Number         0  stm32f0xx_hal_flash_ex.o ABSOLUTE
    ../Drivers/STM32F0xx_HAL_Driver/Src/stm32f0xx_hal_gpio.c 0x00000000   Number         0  stm32f0xx_hal_gpio.o ABSOLUTE
    ../Drivers/STM32F0xx_HAL_Driver/Src/stm32f0xx_hal_i2c.c 0x00000000   Number         0  stm32f0xx_hal_i2c.o ABSOLUTE
    ../Drivers/STM32F0xx_HAL_Driver/Src/stm32f0xx_hal_i2c_ex.c 0x00000000   Number         0  stm32f0xx_hal_i2c_ex.o ABSOLUTE
    ../Drivers/STM32F0xx_HAL_Driver/Src/stm32f0xx_hal_pwr.c 0x00000000   Number         0  stm32f0xx_hal_pwr.o ABSOLUTE
    ../Drivers/STM32F0xx_HAL_Driver/Src/stm32f0xx_hal_pwr_ex.c 0x00000000   Number         0  stm32f0xx_hal_pwr_ex.o ABSOLUTE
    ../Drivers/STM32F0xx_HAL_Driver/Src/stm32f0xx_hal_rcc.c 0x00000000   Number         0  stm32f0xx_hal_rcc.o ABSOLUTE
    ../Drivers/STM32F0xx_HAL_Driver/Src/stm32f0xx_hal_rcc_ex.c 0x00000000   Number         0  stm32f0xx_hal_rcc_ex.o ABSOLUTE
    ../Drivers/STM32F0xx_HAL_Driver/Src/stm32f0xx_hal_tim.c 0x00000000   Number         0  stm32f0xx_hal_tim.o ABSOLUTE
    ../Drivers/STM32F0xx_HAL_Driver/Src/stm32f0xx_hal_tim_ex.c 0x00000000   Number         0  stm32f0xx_hal_tim_ex.o ABSOLUTE
    ../Drivers/STM32F0xx_HAL_Driver/Src/stm32f0xx_hal_uart.c 0x00000000   Number         0  stm32f0xx_hal_uart.o ABSOLUTE
    ../Drivers/STM32F0xx_HAL_Driver/Src/stm32f0xx_hal_uart_ex.c 0x00000000   Number         0  stm32f0xx_hal_uart_ex.o ABSOLUTE
    ../Src/main.c                            0x00000000   Number         0  main.o ABSOLUTE
    ../Src/stm32f0xx_hal_msp.c               0x00000000   Number         0  stm32f0xx_hal_msp.o ABSOLUTE
    ../Src/stm32f0xx_it.c                    0x00000000   Number         0  stm32f0xx_it.o ABSOLUTE
    ../clib/microlib/division.c              0x00000000   Number         0  uidiv.o ABSOLUTE
    ../clib/microlib/init/entry.s            0x00000000   Number         0  entry8b.o ABSOLUTE
    ../clib/microlib/init/entry.s            0x00000000   Number         0  entry7b.o ABSOLUTE
    ../clib/microlib/init/entry.s            0x00000000   Number         0  entry7a.o ABSOLUTE
    ../clib/microlib/init/entry.s            0x00000000   Number         0  entry5.o ABSOLUTE
    ../clib/microlib/init/entry.s            0x00000000   Number         0  entry9a.o ABSOLUTE
    ../clib/microlib/init/entry.s            0x00000000   Number         0  entry11b.o ABSOLUTE
    ../clib/microlib/init/entry.s            0x00000000   Number         0  entry2.o ABSOLUTE
    ../clib/microlib/init/entry.s            0x00000000   Number         0  entry8a.o ABSOLUTE
    ../clib/microlib/init/entry.s            0x00000000   Number         0  entry.o ABSOLUTE
    ../clib/microlib/init/entry.s            0x00000000   Number         0  entry10b.o ABSOLUTE
    ../clib/microlib/init/entry.s            0x00000000   Number         0  entry11a.o ABSOLUTE
    ../clib/microlib/init/entry.s            0x00000000   Number         0  entry10a.o ABSOLUTE
    ../clib/microlib/init/entry.s            0x00000000   Number         0  entry9b.o ABSOLUTE
    ../clib/microlib/longlong.c              0x00000000   Number         0  llushr.o ABSOLUTE
    ../clib/microlib/string/memset.c         0x00000000   Number         0  memseta.o ABSOLUTE
    ..\App\IO_IIC.c                          0x00000000   Number         0  io_iic.o ABSOLUTE
    ..\App\Key.c                             0x00000000   Number         0  key.o ABSOLUTE
    ..\App\SN3236.c                          0x00000000   Number         0  sn3236.o ABSOLUTE
    ..\App\app_main.c                        0x00000000   Number         0  app_main.o ABSOLUTE
    ..\App\bt_mode.c                         0x00000000   Number         0  bt_mode.o ABSOLUTE
    ..\App\rgb.c                             0x00000000   Number         0  rgb.o ABSOLUTE
    ..\App\rgb_flashing.c                    0x00000000   Number         0  rgb_flashing.o ABSOLUTE
    ..\Drivers\STM32F0xx_HAL_Driver\Src\stm32f0xx_hal.c 0x00000000   Number         0  stm32f0xx_hal.o ABSOLUTE
    ..\Drivers\STM32F0xx_HAL_Driver\Src\stm32f0xx_hal_adc.c 0x00000000   Number         0  stm32f0xx_hal_adc.o ABSOLUTE
    ..\Drivers\STM32F0xx_HAL_Driver\Src\stm32f0xx_hal_adc_ex.c 0x00000000   Number         0  stm32f0xx_hal_adc_ex.o ABSOLUTE
    ..\Drivers\STM32F0xx_HAL_Driver\Src\stm32f0xx_hal_cortex.c 0x00000000   Number         0  stm32f0xx_hal_cortex.o ABSOLUTE
    ..\Drivers\STM32F0xx_HAL_Driver\Src\stm32f0xx_hal_dma.c 0x00000000   Number         0  stm32f0xx_hal_dma.o ABSOLUTE
    ..\Drivers\STM32F0xx_HAL_Driver\Src\stm32f0xx_hal_flash.c 0x00000000   Number         0  stm32f0xx_hal_flash.o ABSOLUTE
    ..\Drivers\STM32F0xx_HAL_Driver\Src\stm32f0xx_hal_flash_ex.c 0x00000000   Number         0  stm32f0xx_hal_flash_ex.o ABSOLUTE
    ..\Drivers\STM32F0xx_HAL_Driver\Src\stm32f0xx_hal_gpio.c 0x00000000   Number         0  stm32f0xx_hal_gpio.o ABSOLUTE
    ..\Drivers\STM32F0xx_HAL_Driver\Src\stm32f0xx_hal_i2c.c 0x00000000   Number         0  stm32f0xx_hal_i2c.o ABSOLUTE
    ..\Drivers\STM32F0xx_HAL_Driver\Src\stm32f0xx_hal_i2c_ex.c 0x00000000   Number         0  stm32f0xx_hal_i2c_ex.o ABSOLUTE
    ..\Drivers\STM32F0xx_HAL_Driver\Src\stm32f0xx_hal_pwr.c 0x00000000   Number         0  stm32f0xx_hal_pwr.o ABSOLUTE
    ..\Drivers\STM32F0xx_HAL_Driver\Src\stm32f0xx_hal_pwr_ex.c 0x00000000   Number         0  stm32f0xx_hal_pwr_ex.o ABSOLUTE
    ..\Drivers\STM32F0xx_HAL_Driver\Src\stm32f0xx_hal_rcc.c 0x00000000   Number         0  stm32f0xx_hal_rcc.o ABSOLUTE
    ..\Drivers\STM32F0xx_HAL_Driver\Src\stm32f0xx_hal_rcc_ex.c 0x00000000   Number         0  stm32f0xx_hal_rcc_ex.o ABSOLUTE
    ..\Drivers\STM32F0xx_HAL_Driver\Src\stm32f0xx_hal_tim.c 0x00000000   Number         0  stm32f0xx_hal_tim.o ABSOLUTE
    ..\Drivers\STM32F0xx_HAL_Driver\Src\stm32f0xx_hal_tim_ex.c 0x00000000   Number         0  stm32f0xx_hal_tim_ex.o ABSOLUTE
    ..\Drivers\STM32F0xx_HAL_Driver\Src\stm32f0xx_hal_uart.c 0x00000000   Number         0  stm32f0xx_hal_uart.o ABSOLUTE
    ..\Drivers\STM32F0xx_HAL_Driver\Src\stm32f0xx_hal_uart_ex.c 0x00000000   Number         0  stm32f0xx_hal_uart_ex.o ABSOLUTE
    ..\Src\main.c                            0x00000000   Number         0  main.o ABSOLUTE
    ..\Src\stm32f0xx_hal_msp.c               0x00000000   Number         0  stm32f0xx_hal_msp.o ABSOLUTE
    ..\Src\stm32f0xx_it.c                    0x00000000   Number         0  stm32f0xx_it.o ABSOLUTE
    ..\\App\\IO_IIC.c                        0x00000000   Number         0  io_iic.o ABSOLUTE
    ..\\App\\Key.c                           0x00000000   Number         0  key.o ABSOLUTE
    ..\\App\\SN3236.c                        0x00000000   Number         0  sn3236.o ABSOLUTE
    ..\\App\\app_main.c                      0x00000000   Number         0  app_main.o ABSOLUTE
    ..\\App\\bt_mode.c                       0x00000000   Number         0  bt_mode.o ABSOLUTE
    ..\\App\\rgb.c                           0x00000000   Number         0  rgb.o ABSOLUTE
    ..\\App\\rgb_flashing.c                  0x00000000   Number         0  rgb_flashing.o ABSOLUTE
    ..\\Src\system_stm32f0xx.c               0x00000000   Number         0  system_stm32f0xx.o ABSOLUTE
    dc.s                                     0x00000000   Number         0  dc.o ABSOLUTE
    handlers.s                               0x00000000   Number         0  handlers.o ABSOLUTE
    init.s                                   0x00000000   Number         0  init.o ABSOLUTE
    startup_stm32f030x6.s                    0x00000000   Number         0  startup_stm32f030x6.o ABSOLUTE
    RESET                                    0x08000000   Section      176  startup_stm32f030x6.o(RESET)
    .ARM.Collect$$$$00000000                 0x080000b0   Section        0  entry.o(.ARM.Collect$$$$00000000)
    .ARM.Collect$$$$00000001                 0x080000b0   Section        4  entry2.o(.ARM.Collect$$$$00000001)
    .ARM.Collect$$$$00000004                 0x080000b4   Section        4  entry5.o(.ARM.Collect$$$$00000004)
    .ARM.Collect$$$$00000008                 0x080000b8   Section        0  entry7b.o(.ARM.Collect$$$$00000008)
    .ARM.Collect$$$$0000000A                 0x080000b8   Section        0  entry8b.o(.ARM.Collect$$$$0000000A)
    .ARM.Collect$$$$0000000B                 0x080000b8   Section        8  entry9a.o(.ARM.Collect$$$$0000000B)
    .ARM.Collect$$$$0000000D                 0x080000c0   Section        0  entry10a.o(.ARM.Collect$$$$0000000D)
    .ARM.Collect$$$$0000000F                 0x080000c0   Section        0  entry11a.o(.ARM.Collect$$$$0000000F)
    .ARM.Collect$$$$00002712                 0x080000c0   Section        4  entry2.o(.ARM.Collect$$$$00002712)
    __lit__00000000                          0x080000c0   Data           4  entry2.o(.ARM.Collect$$$$00002712)
    .text                                    0x080000c4   Section       28  startup_stm32f030x6.o(.text)
    .text                                    0x080000e0   Section        0  uidiv.o(.text)
    .text                                    0x0800010c   Section        0  memseta.o(.text)
    .text                                    0x08000130   Section       36  init.o(.text)
    i.ADAverageValue                         0x08000154   Section        0  rgb.o(i.ADAverageValue)
    i.ADC_ConversionStop                     0x08000188   Section        0  stm32f0xx_hal_adc.o(i.ADC_ConversionStop)
    ADC_ConversionStop                       0x08000189   Thumb Code    82  stm32f0xx_hal_adc.o(i.ADC_ConversionStop)
    i.ADC_DMAConvCplt                        0x080001da   Section        0  stm32f0xx_hal_adc.o(i.ADC_DMAConvCplt)
    ADC_DMAConvCplt                          0x080001db   Thumb Code   108  stm32f0xx_hal_adc.o(i.ADC_DMAConvCplt)
    i.ADC_DMAError                           0x08000246   Section        0  stm32f0xx_hal_adc.o(i.ADC_DMAError)
    ADC_DMAError                             0x08000247   Thumb Code    26  stm32f0xx_hal_adc.o(i.ADC_DMAError)
    i.ADC_DMAHalfConvCplt                    0x08000260   Section        0  stm32f0xx_hal_adc.o(i.ADC_DMAHalfConvCplt)
    ADC_DMAHalfConvCplt                      0x08000261   Thumb Code    10  stm32f0xx_hal_adc.o(i.ADC_DMAHalfConvCplt)
    i.ADC_Disable                            0x0800026a   Section        0  stm32f0xx_hal_adc.o(i.ADC_Disable)
    ADC_Disable                              0x0800026b   Thumb Code   102  stm32f0xx_hal_adc.o(i.ADC_Disable)
    i.ADC_Enable                             0x080002d0   Section        0  stm32f0xx_hal_adc.o(i.ADC_Enable)
    ADC_Enable                               0x080002d1   Thumb Code   120  stm32f0xx_hal_adc.o(i.ADC_Enable)
    i.ADC_GetBuffer                          0x08000354   Section        0  app_main.o(i.ADC_GetBuffer)
    i.Array_CampFire                         0x080003b8   Section        0  rgb.o(i.Array_CampFire)
    i.Array_CampFire2                        0x08000c34   Section        0  rgb.o(i.Array_CampFire2)
    i.Array_CampFire3                        0x080011ac   Section        0  rgb.o(i.Array_CampFire3)
    i.BlueMode_Handle                        0x0800128c   Section        0  bt_mode.o(i.BlueMode_Handle)
    i.BlueMode_Receive                       0x080012a0   Section        0  bt_mode.o(i.BlueMode_Receive)
    i.DMA1_Channel1_IRQHandler               0x08001388   Section        0  stm32f0xx_it.o(i.DMA1_Channel1_IRQHandler)
    i.DMA1_Channel2_3_IRQHandler             0x080013a0   Section        0  stm32f0xx_it.o(i.DMA1_Channel2_3_IRQHandler)
    i.DMA_CalcBaseAndBitshift                0x080013b8   Section        0  stm32f0xx_hal_dma.o(i.DMA_CalcBaseAndBitshift)
    DMA_CalcBaseAndBitshift                  0x080013b9   Thumb Code    26  stm32f0xx_hal_dma.o(i.DMA_CalcBaseAndBitshift)
    i.DMA_SetConfig                          0x080013dc   Section        0  stm32f0xx_hal_dma.o(i.DMA_SetConfig)
    DMA_SetConfig                            0x080013dd   Thumb Code    40  stm32f0xx_hal_dma.o(i.DMA_SetConfig)
    i.Delay_1us                              0x08001404   Section        0  io_iic.o(i.Delay_1us)
    i.FireMode_Handle                        0x08001410   Section        0  rgb.o(i.FireMode_Handle)
    i.GetKeyValue                            0x0800156c   Section        0  key.o(i.GetKeyValue)
    i.HAL_ADC_ConfigChannel                  0x08001588   Section        0  stm32f0xx_hal_adc.o(i.HAL_ADC_ConfigChannel)
    i.HAL_ADC_ConvCpltCallback               0x08001698   Section        0  stm32f0xx_hal_adc.o(i.HAL_ADC_ConvCpltCallback)
    i.HAL_ADC_ConvHalfCpltCallback           0x0800169a   Section        0  stm32f0xx_hal_adc.o(i.HAL_ADC_ConvHalfCpltCallback)
    i.HAL_ADC_ErrorCallback                  0x0800169c   Section        0  stm32f0xx_hal_adc.o(i.HAL_ADC_ErrorCallback)
    i.HAL_ADC_Init                           0x080016a0   Section        0  stm32f0xx_hal_adc.o(i.HAL_ADC_Init)
    i.HAL_ADC_MspInit                        0x08001814   Section        0  stm32f0xx_hal_msp.o(i.HAL_ADC_MspInit)
    i.HAL_ADC_Start_DMA                      0x080018a8   Section        0  stm32f0xx_hal_adc.o(i.HAL_ADC_Start_DMA)
    i.HAL_ADC_Stop_DMA                       0x08001948   Section        0  stm32f0xx_hal_adc.o(i.HAL_ADC_Stop_DMA)
    i.HAL_DMA_Abort                          0x080019b8   Section        0  stm32f0xx_hal_dma.o(i.HAL_DMA_Abort)
    i.HAL_DMA_Abort_IT                       0x080019e4   Section        0  stm32f0xx_hal_dma.o(i.HAL_DMA_Abort_IT)
    i.HAL_DMA_IRQHandler                     0x08001a2c   Section        0  stm32f0xx_hal_dma.o(i.HAL_DMA_IRQHandler)
    i.HAL_DMA_Init                           0x08001ac8   Section        0  stm32f0xx_hal_dma.o(i.HAL_DMA_Init)
    i.HAL_DMA_Start_IT                       0x08001b20   Section        0  stm32f0xx_hal_dma.o(i.HAL_DMA_Start_IT)
    i.HAL_GPIO_Init                          0x08001b8c   Section        0  stm32f0xx_hal_gpio.o(i.HAL_GPIO_Init)
    i.HAL_GPIO_ReadPin                       0x08001cd4   Section        0  stm32f0xx_hal_gpio.o(i.HAL_GPIO_ReadPin)
    i.HAL_GPIO_WritePin                      0x08001cde   Section        0  stm32f0xx_hal_gpio.o(i.HAL_GPIO_WritePin)
    i.HAL_GetTick                            0x08001cec   Section        0  stm32f0xx_hal.o(i.HAL_GetTick)
    i.HAL_IncTick                            0x08001cf8   Section        0  stm32f0xx_hal.o(i.HAL_IncTick)
    i.HAL_Init                               0x08001d08   Section        0  stm32f0xx_hal.o(i.HAL_Init)
    i.HAL_InitTick                           0x08001d28   Section        0  stm32f0xx_hal.o(i.HAL_InitTick)
    i.HAL_MspInit                            0x08001d4c   Section        0  stm32f0xx_hal_msp.o(i.HAL_MspInit)
    i.HAL_NVIC_EnableIRQ                     0x08001d84   Section        0  stm32f0xx_hal_cortex.o(i.HAL_NVIC_EnableIRQ)
    i.HAL_NVIC_SetPriority                   0x08001d98   Section        0  stm32f0xx_hal_cortex.o(i.HAL_NVIC_SetPriority)
    i.HAL_RCCEx_PeriphCLKConfig              0x08001da0   Section        0  stm32f0xx_hal_rcc_ex.o(i.HAL_RCCEx_PeriphCLKConfig)
    i.HAL_RCC_ClockConfig                    0x08001e88   Section        0  stm32f0xx_hal_rcc.o(i.HAL_RCC_ClockConfig)
    i.HAL_RCC_GetHCLKFreq                    0x08001fb4   Section        0  stm32f0xx_hal_rcc.o(i.HAL_RCC_GetHCLKFreq)
    i.HAL_RCC_GetPCLK1Freq                   0x08001fc0   Section        0  stm32f0xx_hal_rcc.o(i.HAL_RCC_GetPCLK1Freq)
    i.HAL_RCC_GetSysClockFreq                0x08001fe0   Section        0  stm32f0xx_hal_rcc.o(i.HAL_RCC_GetSysClockFreq)
    i.HAL_RCC_OscConfig                      0x08002058   Section        0  stm32f0xx_hal_rcc.o(i.HAL_RCC_OscConfig)
    i.HAL_SYSTICK_CLKSourceConfig            0x080023ac   Section        0  stm32f0xx_hal_cortex.o(i.HAL_SYSTICK_CLKSourceConfig)
    i.HAL_SYSTICK_Callback                   0x080023c4   Section        0  stm32f0xx_hal_cortex.o(i.HAL_SYSTICK_Callback)
    i.HAL_SYSTICK_Config                     0x080023c8   Section        0  stm32f0xx_hal_cortex.o(i.HAL_SYSTICK_Config)
    i.HAL_SYSTICK_IRQHandler                 0x080023f8   Section        0  stm32f0xx_hal_cortex.o(i.HAL_SYSTICK_IRQHandler)
    i.HAL_UART_DMAStop                       0x08002400   Section        0  stm32f0xx_hal_uart.o(i.HAL_UART_DMAStop)
    i.HAL_UART_ErrorCallback                 0x08002458   Section        0  stm32f0xx_hal_uart.o(i.HAL_UART_ErrorCallback)
    i.HAL_UART_IRQHandler                    0x0800245c   Section        0  stm32f0xx_hal_uart.o(i.HAL_UART_IRQHandler)
    i.HAL_UART_Init                          0x08002570   Section        0  stm32f0xx_hal_uart.o(i.HAL_UART_Init)
    i.HAL_UART_MspInit                       0x080025dc   Section        0  stm32f0xx_hal_msp.o(i.HAL_UART_MspInit)
    i.HAL_UART_Receive_DMA                   0x080026b8   Section        0  stm32f0xx_hal_uart.o(i.HAL_UART_Receive_DMA)
    i.HAL_UART_RxCpltCallback                0x0800275c   Section        0  stm32f0xx_hal_uart.o(i.HAL_UART_RxCpltCallback)
    i.HAL_UART_RxHalfCpltCallback            0x0800275e   Section        0  stm32f0xx_hal_uart.o(i.HAL_UART_RxHalfCpltCallback)
    i.HAL_UART_Transmit_DMA                  0x08002760   Section        0  stm32f0xx_hal_uart.o(i.HAL_UART_Transmit_DMA)
    i.HAL_UART_TxCpltCallback                0x080027f8   Section        0  stm32f0xx_hal_uart.o(i.HAL_UART_TxCpltCallback)
    i.HAL_UART_TxHalfCpltCallback            0x080027fa   Section        0  stm32f0xx_hal_uart.o(i.HAL_UART_TxHalfCpltCallback)
    i.HardFault_Handler                      0x080027fc   Section        0  stm32f0xx_it.o(i.HardFault_Handler)
    i.IIC_Init1                              0x08002800   Section        0  io_iic.o(i.IIC_Init1)
    i.IIC_Send_Byte1                         0x080028c0   Section        0  io_iic.o(i.IIC_Send_Byte1)
    i.IIC_Send_Byte_Mix                      0x08002930   Section        0  io_iic.o(i.IIC_Send_Byte_Mix)
    i.IIC_Start1                             0x08002a28   Section        0  io_iic.o(i.IIC_Start1)
    i.IIC_Stop1                              0x08002a60   Section        0  io_iic.o(i.IIC_Stop1)
    i.IIC_Wait_Ack                           0x08002ab4   Section        0  io_iic.o(i.IIC_Wait_Ack)
    i.KeyComMsg                              0x08002acc   Section        0  key.o(i.KeyComMsg)
    i.KeyEventPorc                           0x08002bb4   Section        0  key.o(i.KeyEventPorc)
    i.KeyScan                                0x08002c78   Section        0  key.o(i.KeyScan)
    i.MX_ADC_Init                            0x08002c84   Section        0  main.o(i.MX_ADC_Init)
    MX_ADC_Init                              0x08002c85   Thumb Code   100  main.o(i.MX_ADC_Init)
    i.MX_GPIO_Init                           0x08002cf4   Section        0  main.o(i.MX_GPIO_Init)
    MX_GPIO_Init                             0x08002cf5   Thumb Code   152  main.o(i.MX_GPIO_Init)
    i.MX_USART1_UART_Init                    0x08002d9c   Section        0  main.o(i.MX_USART1_UART_Init)
    MX_USART1_UART_Init                      0x08002d9d   Thumb Code    74  main.o(i.MX_USART1_UART_Init)
    i.Mapping_Arrary                         0x08002df4   Section        0  rgb.o(i.Mapping_Arrary)
    i.NMI_Handler                            0x08002ef8   Section        0  stm32f0xx_it.o(i.NMI_Handler)
    i.NVIC_SetPriority                       0x08002efc   Section        0  stm32f0xx_hal_cortex.o(i.NVIC_SetPriority)
    NVIC_SetPriority                         0x08002efd   Thumb Code    60  stm32f0xx_hal_cortex.o(i.NVIC_SetPriority)
    i.PendSV_Handler                         0x08002f40   Section        0  stm32f0xx_it.o(i.PendSV_Handler)
    i.PowerON_Reset                          0x08002f44   Section        0  app_main.o(i.PowerON_Reset)
    i.RGBMode_Handle                         0x0800300c   Section        0  rgb.o(i.RGBMode_Handle)
    i.SN3236_Driver                          0x08003014   Section        0  sn3236.o(i.SN3236_Driver)
    i.SN3236_Init1                           0x08003024   Section        0  sn3236.o(i.SN3236_Init1)
    i.SN3236_RegWrite                        0x08003078   Section        0  sn3236.o(i.SN3236_RegWrite)
    i.SVC_Handler                            0x080030bc   Section        0  stm32f0xx_it.o(i.SVC_Handler)
    i.SysTick_Handler                        0x080030c0   Section        0  stm32f0xx_it.o(i.SysTick_Handler)
    i.SystemClock_Config                     0x0800312c   Section        0  main.o(i.SystemClock_Config)
    i.SystemInit                             0x080031a8   Section        0  system_stm32f0xx.o(i.SystemInit)
    i.UART_AdvFeatureConfig                  0x08003204   Section        0  stm32f0xx_hal_uart.o(i.UART_AdvFeatureConfig)
    i.UART_CheckIdleState                    0x080032ce   Section        0  stm32f0xx_hal_uart.o(i.UART_CheckIdleState)
    i.UART_DMAAbortOnError                   0x080032e0   Section        0  stm32f0xx_hal_uart.o(i.UART_DMAAbortOnError)
    UART_DMAAbortOnError                     0x080032e1   Thumb Code    20  stm32f0xx_hal_uart.o(i.UART_DMAAbortOnError)
    i.UART_DMAError                          0x080032f4   Section        0  stm32f0xx_hal_uart.o(i.UART_DMAError)
    UART_DMAError                            0x080032f5   Thumb Code    74  stm32f0xx_hal_uart.o(i.UART_DMAError)
    i.UART_DMAReceiveCplt                    0x0800333e   Section        0  stm32f0xx_hal_uart.o(i.UART_DMAReceiveCplt)
    UART_DMAReceiveCplt                      0x0800333f   Thumb Code    64  stm32f0xx_hal_uart.o(i.UART_DMAReceiveCplt)
    i.UART_DMARxHalfCplt                     0x0800337e   Section        0  stm32f0xx_hal_uart.o(i.UART_DMARxHalfCplt)
    UART_DMARxHalfCplt                       0x0800337f   Thumb Code    10  stm32f0xx_hal_uart.o(i.UART_DMARxHalfCplt)
    i.UART_DMATransmitCplt                   0x08003388   Section        0  stm32f0xx_hal_uart.o(i.UART_DMATransmitCplt)
    UART_DMATransmitCplt                     0x08003389   Thumb Code    48  stm32f0xx_hal_uart.o(i.UART_DMATransmitCplt)
    i.UART_DMATxHalfCplt                     0x080033b8   Section        0  stm32f0xx_hal_uart.o(i.UART_DMATxHalfCplt)
    UART_DMATxHalfCplt                       0x080033b9   Thumb Code    10  stm32f0xx_hal_uart.o(i.UART_DMATxHalfCplt)
    i.UART_EndRxTransfer                     0x080033c2   Section        0  stm32f0xx_hal_uart.o(i.UART_EndRxTransfer)
    UART_EndRxTransfer                       0x080033c3   Thumb Code    30  stm32f0xx_hal_uart.o(i.UART_EndRxTransfer)
    i.UART_EndTransmit_IT                    0x080033e0   Section        0  stm32f0xx_hal_uart.o(i.UART_EndTransmit_IT)
    i.UART_EndTxTransfer                     0x080033fa   Section        0  stm32f0xx_hal_uart.o(i.UART_EndTxTransfer)
    UART_EndTxTransfer                       0x080033fb   Thumb Code    18  stm32f0xx_hal_uart.o(i.UART_EndTxTransfer)
    i.UART_Receive_IT                        0x0800340c   Section        0  stm32f0xx_hal_uart.o(i.UART_Receive_IT)
    i.UART_SetConfig                         0x08003488   Section        0  stm32f0xx_hal_uart.o(i.UART_SetConfig)
    i.UART_Transmit_IT                       0x0800359c   Section        0  stm32f0xx_hal_uart.o(i.UART_Transmit_IT)
    i.USART1_IRQHandler                      0x08003604   Section        0  stm32f0xx_it.o(i.USART1_IRQHandler)
    i.Usart1SendData_DMA                     0x08003630   Section        0  bt_mode.o(i.Usart1SendData_DMA)
    i._Error_Handler                         0x08003668   Section        0  main.o(i._Error_Handler)
    i.__scatterload_copy                     0x0800366a   Section       14  handlers.o(i.__scatterload_copy)
    i.__scatterload_null                     0x08003678   Section        2  handlers.o(i.__scatterload_null)
    i.__scatterload_zeroinit                 0x0800367a   Section       14  handlers.o(i.__scatterload_zeroinit)
    i.app_main                               0x08003688   Section        0  app_main.o(i.app_main)
    i.main                                   0x080036f8   Section        0  main.o(i.main)
    .constdata                               0x08003748   Section     9576  rgb.o(.constdata)
    .constdata                               0x08005cb0   Section       16  system_stm32f0xx.o(.constdata)
    .constdata                               0x08005cc0   Section        8  system_stm32f0xx.o(.constdata)
    .data                                    0x20000000   Section        4  stm32f0xx_hal.o(.data)
    .data                                    0x20000004   Section       12  app_main.o(.data)
    .data                                    0x20000010   Section        1  app_main.o(.data)
    .data                                    0x20000011   Section        1  app_main.o(.data)
    .data                                    0x20000012   Section        1  bt_mode.o(.data)
    .data                                    0x20000013   Section        2  bt_mode.o(.data)
    .data                                    0x20000016   Section       36  key.o(.data)
    KeyCurValue                              0x2000001e   Data           1  key.o(.data)
    KeyLastValue                             0x2000001f   Data           1  key.o(.data)
    cntUart_Send                             0x20000020   Data           2  key.o(.data)
    .data                                    0x2000003a   Section        8  rgb.o(.data)
    .data                                    0x20000044   Section        4  system_stm32f0xx.o(.data)
    .bss                                     0x20000048   Section      300  bt_mode.o(.bss)
    .bss                                     0x20000174   Section      144  rgb.o(.bss)
    .bss                                     0x20000204   Section       20  rgb_flashing.o(.bss)
    .bss                                     0x20000218   Section       20  rgb_flashing.o(.bss)
    .bss                                     0x2000022c   Section      147  sn3236.o(.bss)
    .bss                                     0x200002bf   Section       36  sn3236.o(.bss)
    .bss                                     0x200002e3   Section       36  sn3236.o(.bss)
    .bss                                     0x20000307   Section       36  sn3236.o(.bss)
    .bss                                     0x2000032b   Section       36  sn3236.o(.bss)
    .bss                                     0x2000034f   Section       36  sn3236.o(.bss)
    .bss                                     0x20000373   Section       36  sn3236.o(.bss)
    .bss                                     0x20000398   Section      188  main.o(.bss)
    .bss                                     0x20000454   Section       68  main.o(.bss)
    .bss                                     0x20000498   Section       68  main.o(.bss)
    .bss                                     0x200004dc   Section       68  main.o(.bss)
    STACK                                    0x20000520   Section     1024  startup_stm32f030x6.o(STACK)

    Global Symbols

    Symbol Name                              Value     Ov Type        Size  Object(Section)

    BuildAttributes$$THM_ISAv3M$S$PE$A:L22$X:L11$S22$IEEE1$IW$USESV6$~STKCKD$USESV7$~SHL$OSPACE$EBA8$MICROLIB$REQ8$PRES8$EABIv2 0x00000000   Number         0  anon$$obj.o ABSOLUTE
    __ARM_use_no_argv                        0x00000000   Number         0  main.o ABSOLUTE
    __cpp_initialize__aeabi_                  - Undefined Weak Reference
    __cxa_finalize                            - Undefined Weak Reference
    __decompress                              - Undefined Weak Reference
    _clock_init                               - Undefined Weak Reference
    _microlib_exit                            - Undefined Weak Reference
    __Vectors_Size                           0x000000b0   Number         0  startup_stm32f030x6.o ABSOLUTE
    __Vectors                                0x08000000   Data           4  startup_stm32f030x6.o(RESET)
    __Vectors_End                            0x080000b0   Data           0  startup_stm32f030x6.o(RESET)
    __main                                   0x080000b1   Thumb Code     0  entry.o(.ARM.Collect$$$$00000000)
    _main_stk                                0x080000b1   Thumb Code     0  entry2.o(.ARM.Collect$$$$00000001)
    _main_scatterload                        0x080000b5   Thumb Code     0  entry5.o(.ARM.Collect$$$$00000004)
    __main_after_scatterload                 0x080000b9   Thumb Code     0  entry5.o(.ARM.Collect$$$$00000004)
    _main_clock                              0x080000b9   Thumb Code     0  entry7b.o(.ARM.Collect$$$$00000008)
    _main_cpp_init                           0x080000b9   Thumb Code     0  entry8b.o(.ARM.Collect$$$$0000000A)
    _main_init                               0x080000b9   Thumb Code     0  entry9a.o(.ARM.Collect$$$$0000000B)
    __rt_final_cpp                           0x080000c1   Thumb Code     0  entry10a.o(.ARM.Collect$$$$0000000D)
    __rt_final_exit                          0x080000c1   Thumb Code     0  entry11a.o(.ARM.Collect$$$$0000000F)
    Reset_Handler                            0x080000c5   Thumb Code     8  startup_stm32f030x6.o(.text)
    ADC1_IRQHandler                          0x080000d7   Thumb Code     0  startup_stm32f030x6.o(.text)
    DMA1_Channel4_5_IRQHandler               0x080000d7   Thumb Code     0  startup_stm32f030x6.o(.text)
    EXTI0_1_IRQHandler                       0x080000d7   Thumb Code     0  startup_stm32f030x6.o(.text)
    EXTI2_3_IRQHandler                       0x080000d7   Thumb Code     0  startup_stm32f030x6.o(.text)
    EXTI4_15_IRQHandler                      0x080000d7   Thumb Code     0  startup_stm32f030x6.o(.text)
    FLASH_IRQHandler                         0x080000d7   Thumb Code     0  startup_stm32f030x6.o(.text)
    I2C1_IRQHandler                          0x080000d7   Thumb Code     0  startup_stm32f030x6.o(.text)
    RCC_IRQHandler                           0x080000d7   Thumb Code     0  startup_stm32f030x6.o(.text)
    RTC_IRQHandler                           0x080000d7   Thumb Code     0  startup_stm32f030x6.o(.text)
    SPI1_IRQHandler                          0x080000d7   Thumb Code     0  startup_stm32f030x6.o(.text)
    TIM14_IRQHandler                         0x080000d7   Thumb Code     0  startup_stm32f030x6.o(.text)
    TIM16_IRQHandler                         0x080000d7   Thumb Code     0  startup_stm32f030x6.o(.text)
    TIM17_IRQHandler                         0x080000d7   Thumb Code     0  startup_stm32f030x6.o(.text)
    TIM1_BRK_UP_TRG_COM_IRQHandler           0x080000d7   Thumb Code     0  startup_stm32f030x6.o(.text)
    TIM1_CC_IRQHandler                       0x080000d7   Thumb Code     0  startup_stm32f030x6.o(.text)
    TIM3_IRQHandler                          0x080000d7   Thumb Code     0  startup_stm32f030x6.o(.text)
    WWDG_IRQHandler                          0x080000d7   Thumb Code     0  startup_stm32f030x6.o(.text)
    __aeabi_uidiv                            0x080000e1   Thumb Code     0  uidiv.o(.text)
    __aeabi_uidivmod                         0x080000e1   Thumb Code    44  uidiv.o(.text)
    __aeabi_memset                           0x0800010d   Thumb Code    14  memseta.o(.text)
    __aeabi_memset4                          0x0800010d   Thumb Code     0  memseta.o(.text)
    __aeabi_memset8                          0x0800010d   Thumb Code     0  memseta.o(.text)
    __aeabi_memclr                           0x0800011b   Thumb Code     4  memseta.o(.text)
    __aeabi_memclr4                          0x0800011b   Thumb Code     0  memseta.o(.text)
    __aeabi_memclr8                          0x0800011b   Thumb Code     0  memseta.o(.text)
    _memset$wrapper                          0x0800011f   Thumb Code    18  memseta.o(.text)
    __scatterload                            0x08000131   Thumb Code    28  init.o(.text)
    __scatterload_rt2                        0x08000131   Thumb Code     0  init.o(.text)
    ADAverageValue                           0x08000155   Thumb Code    42  rgb.o(i.ADAverageValue)
    ADC_GetBuffer                            0x08000355   Thumb Code    64  app_main.o(i.ADC_GetBuffer)
    Array_CampFire                           0x080003b9   Thumb Code  2172  rgb.o(i.Array_CampFire)
    Array_CampFire2                          0x08000c35   Thumb Code  1388  rgb.o(i.Array_CampFire2)
    Array_CampFire3                          0x080011ad   Thumb Code   208  rgb.o(i.Array_CampFire3)
    BlueMode_Handle                          0x0800128d   Thumb Code    14  bt_mode.o(i.BlueMode_Handle)
    BlueMode_Receive                         0x080012a1   Thumb Code   190  bt_mode.o(i.BlueMode_Receive)
    DMA1_Channel1_IRQHandler                 0x08001389   Thumb Code    16  stm32f0xx_it.o(i.DMA1_Channel1_IRQHandler)
    DMA1_Channel2_3_IRQHandler               0x080013a1   Thumb Code    16  stm32f0xx_it.o(i.DMA1_Channel2_3_IRQHandler)
    Delay_1us                                0x08001405   Thumb Code    12  io_iic.o(i.Delay_1us)
    FireMode_Handle                          0x08001411   Thumb Code   326  rgb.o(i.FireMode_Handle)
    GetKeyValue                              0x0800156d   Thumb Code    22  key.o(i.GetKeyValue)
    HAL_ADC_ConfigChannel                    0x08001589   Thumb Code   254  stm32f0xx_hal_adc.o(i.HAL_ADC_ConfigChannel)
    HAL_ADC_ConvCpltCallback                 0x08001699   Thumb Code     2  stm32f0xx_hal_adc.o(i.HAL_ADC_ConvCpltCallback)
    HAL_ADC_ConvHalfCpltCallback             0x0800169b   Thumb Code     2  stm32f0xx_hal_adc.o(i.HAL_ADC_ConvHalfCpltCallback)
    HAL_ADC_ErrorCallback                    0x0800169d   Thumb Code     2  stm32f0xx_hal_adc.o(i.HAL_ADC_ErrorCallback)
    HAL_ADC_Init                             0x080016a1   Thumb Code   364  stm32f0xx_hal_adc.o(i.HAL_ADC_Init)
    HAL_ADC_MspInit                          0x08001815   Thumb Code   104  stm32f0xx_hal_msp.o(i.HAL_ADC_MspInit)
    HAL_ADC_Start_DMA                        0x080018a9   Thumb Code   144  stm32f0xx_hal_adc.o(i.HAL_ADC_Start_DMA)
    HAL_ADC_Stop_DMA                         0x08001949   Thumb Code   112  stm32f0xx_hal_adc.o(i.HAL_ADC_Stop_DMA)
    HAL_DMA_Abort                            0x080019b9   Thumb Code    44  stm32f0xx_hal_dma.o(i.HAL_DMA_Abort)
    HAL_DMA_Abort_IT                         0x080019e5   Thumb Code    72  stm32f0xx_hal_dma.o(i.HAL_DMA_Abort_IT)
    HAL_DMA_IRQHandler                       0x08001a2d   Thumb Code   156  stm32f0xx_hal_dma.o(i.HAL_DMA_IRQHandler)
    HAL_DMA_Init                             0x08001ac9   Thumb Code    84  stm32f0xx_hal_dma.o(i.HAL_DMA_Init)
    HAL_DMA_Start_IT                         0x08001b21   Thumb Code   106  stm32f0xx_hal_dma.o(i.HAL_DMA_Start_IT)
    HAL_GPIO_Init                            0x08001b8d   Thumb Code   302  stm32f0xx_hal_gpio.o(i.HAL_GPIO_Init)
    HAL_GPIO_ReadPin                         0x08001cd5   Thumb Code    10  stm32f0xx_hal_gpio.o(i.HAL_GPIO_ReadPin)
    HAL_GPIO_WritePin                        0x08001cdf   Thumb Code    12  stm32f0xx_hal_gpio.o(i.HAL_GPIO_WritePin)
    HAL_GetTick                              0x08001ced   Thumb Code     6  stm32f0xx_hal.o(i.HAL_GetTick)
    HAL_IncTick                              0x08001cf9   Thumb Code    10  stm32f0xx_hal.o(i.HAL_IncTick)
    HAL_Init                                 0x08001d09   Thumb Code    26  stm32f0xx_hal.o(i.HAL_Init)
    HAL_InitTick                             0x08001d29   Thumb Code    34  stm32f0xx_hal.o(i.HAL_InitTick)
    HAL_MspInit                              0x08001d4d   Thumb Code    50  stm32f0xx_hal_msp.o(i.HAL_MspInit)
    HAL_NVIC_EnableIRQ                       0x08001d85   Thumb Code    14  stm32f0xx_hal_cortex.o(i.HAL_NVIC_EnableIRQ)
    HAL_NVIC_SetPriority                     0x08001d99   Thumb Code     8  stm32f0xx_hal_cortex.o(i.HAL_NVIC_SetPriority)
    HAL_RCCEx_PeriphCLKConfig                0x08001da1   Thumb Code   218  stm32f0xx_hal_rcc_ex.o(i.HAL_RCCEx_PeriphCLKConfig)
    HAL_RCC_ClockConfig                      0x08001e89   Thumb Code   280  stm32f0xx_hal_rcc.o(i.HAL_RCC_ClockConfig)
    HAL_RCC_GetHCLKFreq                      0x08001fb5   Thumb Code     6  stm32f0xx_hal_rcc.o(i.HAL_RCC_GetHCLKFreq)
    HAL_RCC_GetPCLK1Freq                     0x08001fc1   Thumb Code    20  stm32f0xx_hal_rcc.o(i.HAL_RCC_GetPCLK1Freq)
    HAL_RCC_GetSysClockFreq                  0x08001fe1   Thumb Code    76  stm32f0xx_hal_rcc.o(i.HAL_RCC_GetSysClockFreq)
    HAL_RCC_OscConfig                        0x08002059   Thumb Code   840  stm32f0xx_hal_rcc.o(i.HAL_RCC_OscConfig)
    HAL_SYSTICK_CLKSourceConfig              0x080023ad   Thumb Code    20  stm32f0xx_hal_cortex.o(i.HAL_SYSTICK_CLKSourceConfig)
    HAL_SYSTICK_Callback                     0x080023c5   Thumb Code     2  stm32f0xx_hal_cortex.o(i.HAL_SYSTICK_Callback)
    HAL_SYSTICK_Config                       0x080023c9   Thumb Code    38  stm32f0xx_hal_cortex.o(i.HAL_SYSTICK_Config)
    HAL_SYSTICK_IRQHandler                   0x080023f9   Thumb Code     8  stm32f0xx_hal_cortex.o(i.HAL_SYSTICK_IRQHandler)
    HAL_UART_DMAStop                         0x08002401   Thumb Code    88  stm32f0xx_hal_uart.o(i.HAL_UART_DMAStop)
    HAL_UART_ErrorCallback                   0x08002459   Thumb Code     2  stm32f0xx_hal_uart.o(i.HAL_UART_ErrorCallback)
    HAL_UART_IRQHandler                      0x0800245d   Thumb Code   272  stm32f0xx_hal_uart.o(i.HAL_UART_IRQHandler)
    HAL_UART_Init                            0x08002571   Thumb Code   108  stm32f0xx_hal_uart.o(i.HAL_UART_Init)
    HAL_UART_MspInit                         0x080025dd   Thumb Code   170  stm32f0xx_hal_msp.o(i.HAL_UART_MspInit)
    HAL_UART_Receive_DMA                     0x080026b9   Thumb Code   150  stm32f0xx_hal_uart.o(i.HAL_UART_Receive_DMA)
    HAL_UART_RxCpltCallback                  0x0800275d   Thumb Code     2  stm32f0xx_hal_uart.o(i.HAL_UART_RxCpltCallback)
    HAL_UART_RxHalfCpltCallback              0x0800275f   Thumb Code     2  stm32f0xx_hal_uart.o(i.HAL_UART_RxHalfCpltCallback)
    HAL_UART_Transmit_DMA                    0x08002761   Thumb Code   138  stm32f0xx_hal_uart.o(i.HAL_UART_Transmit_DMA)
    HAL_UART_TxCpltCallback                  0x080027f9   Thumb Code     2  stm32f0xx_hal_uart.o(i.HAL_UART_TxCpltCallback)
    HAL_UART_TxHalfCpltCallback              0x080027fb   Thumb Code     2  stm32f0xx_hal_uart.o(i.HAL_UART_TxHalfCpltCallback)
    HardFault_Handler                        0x080027fd   Thumb Code     2  stm32f0xx_it.o(i.HardFault_Handler)
    IIC_Init1                                0x08002801   Thumb Code   188  io_iic.o(i.IIC_Init1)
    IIC_Send_Byte1                           0x080028c1   Thumb Code   108  io_iic.o(i.IIC_Send_Byte1)
    IIC_Send_Byte_Mix                        0x08002931   Thumb Code   202  io_iic.o(i.IIC_Send_Byte_Mix)
    IIC_Start1                               0x08002a29   Thumb Code    52  io_iic.o(i.IIC_Start1)
    IIC_Stop1                                0x08002a61   Thumb Code    80  io_iic.o(i.IIC_Stop1)
    IIC_Wait_Ack                             0x08002ab5   Thumb Code    20  io_iic.o(i.IIC_Wait_Ack)
    KeyComMsg                                0x08002acd   Thumb Code   212  key.o(i.KeyComMsg)
    KeyEventPorc                             0x08002bb5   Thumb Code   192  key.o(i.KeyEventPorc)
    KeyScan                                  0x08002c79   Thumb Code    12  key.o(i.KeyScan)
    Mapping_Arrary                           0x08002df5   Thumb Code   248  rgb.o(i.Mapping_Arrary)
    NMI_Handler                              0x08002ef9   Thumb Code     2  stm32f0xx_it.o(i.NMI_Handler)
    PendSV_Handler                           0x08002f41   Thumb Code     2  stm32f0xx_it.o(i.PendSV_Handler)
    PowerON_Reset                            0x08002f45   Thumb Code   196  app_main.o(i.PowerON_Reset)
    RGBMode_Handle                           0x0800300d   Thumb Code     8  rgb.o(i.RGBMode_Handle)
    SN3236_Driver                            0x08003015   Thumb Code    10  sn3236.o(i.SN3236_Driver)
    SN3236_Init1                             0x08003025   Thumb Code    76  sn3236.o(i.SN3236_Init1)
    SN3236_RegWrite                          0x08003079   Thumb Code    68  sn3236.o(i.SN3236_RegWrite)
    SVC_Handler                              0x080030bd   Thumb Code     2  stm32f0xx_it.o(i.SVC_Handler)
    SysTick_Handler                          0x080030c1   Thumb Code    78  stm32f0xx_it.o(i.SysTick_Handler)
    SystemClock_Config                       0x0800312d   Thumb Code   124  main.o(i.SystemClock_Config)
    SystemInit                               0x080031a9   Thumb Code    78  system_stm32f0xx.o(i.SystemInit)
    UART_AdvFeatureConfig                    0x08003205   Thumb Code   202  stm32f0xx_hal_uart.o(i.UART_AdvFeatureConfig)
    UART_CheckIdleState                      0x080032cf   Thumb Code    18  stm32f0xx_hal_uart.o(i.UART_CheckIdleState)
    UART_EndTransmit_IT                      0x080033e1   Thumb Code    26  stm32f0xx_hal_uart.o(i.UART_EndTransmit_IT)
    UART_Receive_IT                          0x0800340d   Thumb Code   122  stm32f0xx_hal_uart.o(i.UART_Receive_IT)
    UART_SetConfig                           0x08003489   Thumb Code   258  stm32f0xx_hal_uart.o(i.UART_SetConfig)
    UART_Transmit_IT                         0x0800359d   Thumb Code   102  stm32f0xx_hal_uart.o(i.UART_Transmit_IT)
    USART1_IRQHandler                        0x08003605   Thumb Code    36  stm32f0xx_it.o(i.USART1_IRQHandler)
    Usart1SendData_DMA                       0x08003631   Thumb Code    46  bt_mode.o(i.Usart1SendData_DMA)
    _Error_Handler                           0x08003669   Thumb Code     2  main.o(i._Error_Handler)
    __scatterload_copy                       0x0800366b   Thumb Code    14  handlers.o(i.__scatterload_copy)
    __scatterload_null                       0x08003679   Thumb Code     2  handlers.o(i.__scatterload_null)
    __scatterload_zeroinit                   0x0800367b   Thumb Code    14  handlers.o(i.__scatterload_zeroinit)
    app_main                                 0x08003689   Thumb Code   108  app_main.o(i.app_main)
    main                                     0x080036f9   Thumb Code    76  main.o(i.main)
    campFire1_tab1                           0x08003748   Data          72  rgb.o(.constdata)
    campFire1_tab2                           0x08003790   Data         108  rgb.o(.constdata)
    campFire1_tab3                           0x080037fc   Data         108  rgb.o(.constdata)
    campFire1_tab4                           0x08003868   Data         108  rgb.o(.constdata)
    campFire1_tab5                           0x080038d4   Data         108  rgb.o(.constdata)
    campFire1_tab6                           0x08003940   Data         108  rgb.o(.constdata)
    campFire1_tab7                           0x080039ac   Data         108  rgb.o(.constdata)
    campFire1_tab8                           0x08003a18   Data         108  rgb.o(.constdata)
    campFire1_tab9                           0x08003a84   Data         108  rgb.o(.constdata)
    campFire1_tab10                          0x08003af0   Data         108  rgb.o(.constdata)
    campFire1_tab11                          0x08003b5c   Data         108  rgb.o(.constdata)
    campFire1_tab12                          0x08003bc8   Data         108  rgb.o(.constdata)
    campFire1_tab13                          0x08003c34   Data         108  rgb.o(.constdata)
    campFire1_tab14                          0x08003ca0   Data         108  rgb.o(.constdata)
    campFire1_tab15                          0x08003d0c   Data         108  rgb.o(.constdata)
    campFire1_tab16                          0x08003d78   Data         108  rgb.o(.constdata)
    campFire1_tab17                          0x08003de4   Data         108  rgb.o(.constdata)
    campFire1_tab18                          0x08003e50   Data         108  rgb.o(.constdata)
    campFire1_tab19                          0x08003ebc   Data         108  rgb.o(.constdata)
    campFire1_tab20                          0x08003f28   Data         108  rgb.o(.constdata)
    campFire1_tab21                          0x08003f94   Data         108  rgb.o(.constdata)
    campFire1_tab22                          0x08004000   Data         108  rgb.o(.constdata)
    campFire1_tab23                          0x0800406c   Data         108  rgb.o(.constdata)
    campFire1_tab24                          0x080040d8   Data         108  rgb.o(.constdata)
    campFire1_tab25                          0x08004144   Data         108  rgb.o(.constdata)
    campFire1_tab26                          0x080041b0   Data         108  rgb.o(.constdata)
    campFire1_tab27                          0x0800421c   Data         108  rgb.o(.constdata)
    campFire1_tab28                          0x08004288   Data         108  rgb.o(.constdata)
    campFire1_tab29                          0x080042f4   Data         108  rgb.o(.constdata)
    campFire1_tab30                          0x08004360   Data         108  rgb.o(.constdata)
    campFire1_tab31                          0x080043cc   Data         108  rgb.o(.constdata)
    campFire1_tab32                          0x08004438   Data         108  rgb.o(.constdata)
    campFire1_tab33                          0x080044a4   Data         108  rgb.o(.constdata)
    campFire1_tab34                          0x08004510   Data         108  rgb.o(.constdata)
    campFire1_tab35                          0x0800457c   Data         108  rgb.o(.constdata)
    campFire1_tab36                          0x080045e8   Data         108  rgb.o(.constdata)
    campFire1_tab37                          0x08004654   Data         108  rgb.o(.constdata)
    campFire1_tab38                          0x080046c0   Data         108  rgb.o(.constdata)
    campFire1_tab39                          0x0800472c   Data         108  rgb.o(.constdata)
    campFire1_tab40                          0x08004798   Data         108  rgb.o(.constdata)
    campFire1_tab41                          0x08004804   Data         108  rgb.o(.constdata)
    campFire1_tab42                          0x08004870   Data         108  rgb.o(.constdata)
    campFire1_tab43                          0x080048dc   Data         108  rgb.o(.constdata)
    campFire1_tab44                          0x08004948   Data         108  rgb.o(.constdata)
    campFire1_tab45                          0x080049b4   Data         108  rgb.o(.constdata)
    campFire1_tab46                          0x08004a20   Data         108  rgb.o(.constdata)
    campFire1_tab47                          0x08004a8c   Data         108  rgb.o(.constdata)
    campFire1_tab48                          0x08004af8   Data         108  rgb.o(.constdata)
    campFire1_tab49                          0x08004b64   Data         108  rgb.o(.constdata)
    campFire1_tab50                          0x08004bd0   Data         108  rgb.o(.constdata)
    campFire1_tab51                          0x08004c3c   Data         108  rgb.o(.constdata)
    campFire1_tab52                          0x08004ca8   Data         108  rgb.o(.constdata)
    campFire1_tab53                          0x08004d14   Data         108  rgb.o(.constdata)
    campFire1_tab54                          0x08004d80   Data         108  rgb.o(.constdata)
    campFire1_tab55                          0x08004dec   Data         108  rgb.o(.constdata)
    campFire1_tab56                          0x08004e58   Data         108  rgb.o(.constdata)
    campFire1_tab57                          0x08004ec4   Data         108  rgb.o(.constdata)
    campFire1_tab58                          0x08004f30   Data         108  rgb.o(.constdata)
    campFire1_tab59                          0x08004f9c   Data         108  rgb.o(.constdata)
    campFire1_tab60                          0x08005008   Data         108  rgb.o(.constdata)
    campFire1_tab61                          0x08005074   Data         108  rgb.o(.constdata)
    campFire2_tab1                           0x080050e0   Data          72  rgb.o(.constdata)
    campFire2_tab2                           0x08005128   Data          72  rgb.o(.constdata)
    campFire2_tab3                           0x08005170   Data          72  rgb.o(.constdata)
    campFire2_tab4                           0x080051b8   Data          72  rgb.o(.constdata)
    campFire2_tab5                           0x08005200   Data          72  rgb.o(.constdata)
    campFire2_tab6                           0x08005248   Data          72  rgb.o(.constdata)
    campFire2_tab7                           0x08005290   Data          72  rgb.o(.constdata)
    campFire2_tab8                           0x080052d8   Data          72  rgb.o(.constdata)
    campFire2_tab9                           0x08005320   Data          72  rgb.o(.constdata)
    campFire2_tab10                          0x08005368   Data          72  rgb.o(.constdata)
    campFire2_tab11                          0x080053b0   Data          72  rgb.o(.constdata)
    campFire2_tab12                          0x080053f8   Data          72  rgb.o(.constdata)
    campFire2_tab13                          0x08005440   Data          72  rgb.o(.constdata)
    campFire2_tab14                          0x08005488   Data          72  rgb.o(.constdata)
    campFire2_tab15                          0x080054d0   Data          72  rgb.o(.constdata)
    campFire2_tab16                          0x08005518   Data          72  rgb.o(.constdata)
    campFire2_tab17                          0x08005560   Data          72  rgb.o(.constdata)
    campFire2_tab18                          0x080055a8   Data          72  rgb.o(.constdata)
    campFire2_tab19                          0x080055f0   Data          72  rgb.o(.constdata)
    campFire2_tab20                          0x08005638   Data          72  rgb.o(.constdata)
    campFire2_tab21                          0x08005680   Data          72  rgb.o(.constdata)
    campFire2_tab22                          0x080056c8   Data          72  rgb.o(.constdata)
    campFire2_tab23                          0x08005710   Data          72  rgb.o(.constdata)
    campFire2_tab24                          0x08005758   Data          72  rgb.o(.constdata)
    campFire2_tab25                          0x080057a0   Data          72  rgb.o(.constdata)
    campFire2_tab26                          0x080057e8   Data          72  rgb.o(.constdata)
    campFire2_tab27                          0x08005830   Data          72  rgb.o(.constdata)
    campFire2_tab28                          0x08005878   Data          72  rgb.o(.constdata)
    campFire2_tab29                          0x080058c0   Data          72  rgb.o(.constdata)
    campFire2_tab30                          0x08005908   Data          72  rgb.o(.constdata)
    campFire2_tab31                          0x08005950   Data          72  rgb.o(.constdata)
    campFire2_tab32                          0x08005998   Data          72  rgb.o(.constdata)
    campFire2_tab33                          0x080059e0   Data          72  rgb.o(.constdata)
    campFire2_tab34                          0x08005a28   Data          72  rgb.o(.constdata)
    campFire2_tab35                          0x08005a70   Data          72  rgb.o(.constdata)
    campFire2_tab36                          0x08005ab8   Data          72  rgb.o(.constdata)
    campFire2_tab37                          0x08005b00   Data          72  rgb.o(.constdata)
    campFire2_tab38                          0x08005b48   Data          72  rgb.o(.constdata)
    campFire2_tab39                          0x08005b90   Data          72  rgb.o(.constdata)
    campFire3_tab1                           0x08005bd8   Data          72  rgb.o(.constdata)
    campFire3_tab2                           0x08005c20   Data          72  rgb.o(.constdata)
    campFire3_tab3                           0x08005c68   Data          72  rgb.o(.constdata)
    AHBPrescTable                            0x08005cb0   Data          16  system_stm32f0xx.o(.constdata)
    APBPrescTable                            0x08005cc0   Data           8  system_stm32f0xx.o(.constdata)
    Region$$Table$$Base                      0x08005cc8   Number         0  anon$$obj.o(Region$$Table)
    Region$$Table$$Limit                     0x08005ce8   Number         0  anon$$obj.o(Region$$Table)
    uwTick                                   0x20000000   Data           4  stm32f0xx_hal.o(.data)
    PlayMode                                 0x20000004   Data           1  app_main.o(.data)
    FireSize1                                0x20000005   Data           1  app_main.o(.data)
    electricityBrightness                    0x20000006   Data           1  app_main.o(.data)
    keyBT                                    0x20000007   Data           1  app_main.o(.data)
    keyBT_bk                                 0x20000008   Data           1  app_main.o(.data)
    Adc_Dma_Irq_f                            0x20000009   Data           1  app_main.o(.data)
    AppTick1ms                               0x2000000a   Data           1  app_main.o(.data)
    AppTick0                                 0x2000000b   Data           1  app_main.o(.data)
    AppTick1                                 0x2000000c   Data           1  app_main.o(.data)
    AppTick2                                 0x2000000d   Data           1  app_main.o(.data)
    AppTick3                                 0x2000000e   Data           1  app_main.o(.data)
    brightness1                              0x2000000f   Data           1  app_main.o(.data)
    cntAppTick                               0x20000010   Data           1  app_main.o(.data)
    AppTick5                                 0x20000011   Data           1  app_main.o(.data)
    enUart_Send                              0x20000012   Data           1  bt_mode.o(.data)
    BT_Work                                  0x20000013   Data           1  bt_mode.o(.data)
    Uart1_RX_Timeout                         0x20000014   Data           1  bt_mode.o(.data)
    gbKeyPress                               0x20000016   Data           1  key.o(.data)
    gbKeyNone                                0x20000017   Data           1  key.o(.data)
    KeyValue                                 0x20000018   Data           1  key.o(.data)
    KeyEvent                                 0x20000019   Data           1  key.o(.data)
    cntKeyLoop                               0x2000001a   Data           1  key.o(.data)
    KeyCurValueBK                            0x2000001b   Data           1  key.o(.data)
    cntKeyLong                               0x2000001c   Data           1  key.o(.data)
    keyNum                                   0x2000001d   Data           1  key.o(.data)
    SPASongs_Num_Table                       0x20000022   Data          24  key.o(.data)
    Flag_LEDSwitchover                       0x2000003a   Data           1  rgb.o(.data)
    RGB_Work                                 0x2000003b   Data           1  rgb.o(.data)
    step                                     0x2000003c   Data           1  rgb.o(.data)
    num_Delay                                0x2000003d   Data           1  rgb.o(.data)
    num_Delay2                               0x2000003e   Data           1  rgb.o(.data)
    num_Delay3                               0x2000003f   Data           1  rgb.o(.data)
    Flag_ADAverageZero                       0x20000040   Data           1  rgb.o(.data)
    Flag_LEDLowest                           0x20000041   Data           1  rgb.o(.data)
    SystemCoreClock                          0x20000044   Data           4  system_stm32f0xx.o(.data)
    Uart1_ReceiveBuffer                      0x20000048   Data         100  bt_mode.o(.bss)
    Uart1_TransmitBuffer                     0x200000ac   Data         100  bt_mode.o(.bss)
    BT_ReceiveBuffer                         0x20000110   Data         100  bt_mode.o(.bss)
    data1                                    0x20000174   Data          72  rgb.o(.bss)
    Mapping_SN3236_Pwm1_1                    0x200001bc   Data          36  rgb.o(.bss)
    Mapping_SN3236_Pwm1_2                    0x200001e0   Data          36  rgb.o(.bss)
    AdcDma_Buf                               0x20000204   Data          20  rgb_flashing.o(.bss)
    AdcAudio_Buf                             0x20000218   Data          20  rgb_flashing.o(.bss)
    SN3236_Pwm1_1                            0x2000022c   Data          36  sn3236.o(.bss)
    SN3236_Pwm1_2                            0x20000250   Data          36  sn3236.o(.bss)
    SN3236_RegBuffer                         0x20000274   Data          75  sn3236.o(.bss)
    SN3236_Pwm2_1                            0x200002bf   Data          36  sn3236.o(.bss)
    SN3236_Pwm2_2                            0x200002e3   Data          36  sn3236.o(.bss)
    SN3236_Pwm3_1                            0x20000307   Data          36  sn3236.o(.bss)
    SN3236_Pwm3_2                            0x2000032b   Data          36  sn3236.o(.bss)
    SN3236_Pwm4_1                            0x2000034f   Data          36  sn3236.o(.bss)
    SN3236_Pwm4_2                            0x20000373   Data          36  sn3236.o(.bss)
    hadc                                     0x20000398   Data          76  main.o(.bss)
    huart1                                   0x200003e4   Data         112  main.o(.bss)
    hdma_adc                                 0x20000454   Data          68  main.o(.bss)
    hdma_usart1_tx                           0x20000498   Data          68  main.o(.bss)
    hdma_usart1_rx                           0x200004dc   Data          68  main.o(.bss)
    __initial_sp                             0x20000920   Data           0  startup_stm32f030x6.o(STACK)



==============================================================================

Memory Map of the image

  Image Entry point : 0x080000b1

  Load Region LR_IROM1 (Base: 0x08000000, Size: 0x00005d30, Max: 0x00008000, ABSOLUTE)

    Execution Region ER_IROM1 (Exec base: 0x08000000, Load base: 0x08000000, Size: 0x00005ce8, Max: 0x00008000, ABSOLUTE)

    Exec Addr    Load Addr    Size         Type   Attr      Idx    E Section Name        Object

    0x08000000   0x08000000   0x000000b0   Data   RO            3    RESET               startup_stm32f030x6.o
    0x080000b0   0x080000b0   0x00000000   Code   RO         2534  * .ARM.Collect$$$$00000000  mc_p.l(entry.o)
    0x080000b0   0x080000b0   0x00000004   Code   RO         2543    .ARM.Collect$$$$00000001  mc_p.l(entry2.o)
    0x080000b4   0x080000b4   0x00000004   Code   RO         2546    .ARM.Collect$$$$00000004  mc_p.l(entry5.o)
    0x080000b8   0x080000b8   0x00000000   Code   RO         2548    .ARM.Collect$$$$00000008  mc_p.l(entry7b.o)
    0x080000b8   0x080000b8   0x00000000   Code   RO         2550    .ARM.Collect$$$$0000000A  mc_p.l(entry8b.o)
    0x080000b8   0x080000b8   0x00000008   Code   RO         2551    .ARM.Collect$$$$0000000B  mc_p.l(entry9a.o)
    0x080000c0   0x080000c0   0x00000000   Code   RO         2553    .ARM.Collect$$$$0000000D  mc_p.l(entry10a.o)
    0x080000c0   0x080000c0   0x00000000   Code   RO         2555    .ARM.Collect$$$$0000000F  mc_p.l(entry11a.o)
    0x080000c0   0x080000c0   0x00000004   Code   RO         2544    .ARM.Collect$$$$00002712  mc_p.l(entry2.o)
    0x080000c4   0x080000c4   0x0000001c   Code   RO            4    .text               startup_stm32f030x6.o
    0x080000e0   0x080000e0   0x0000002c   Code   RO         2537    .text               mc_p.l(uidiv.o)
    0x0800010c   0x0800010c   0x00000024   Code   RO         2541    .text               mc_p.l(memseta.o)
    0x08000130   0x08000130   0x00000024   Code   RO         2557    .text               mc_p.l(init.o)
    0x08000154   0x08000154   0x00000034   Code   RO         2184    i.ADAverageValue    rgb.o
    0x08000188   0x08000188   0x00000052   Code   RO          203    i.ADC_ConversionStop  stm32f0xx_hal_adc.o
    0x080001da   0x080001da   0x0000006c   Code   RO          204    i.ADC_DMAConvCplt   stm32f0xx_hal_adc.o
    0x08000246   0x08000246   0x0000001a   Code   RO          205    i.ADC_DMAError      stm32f0xx_hal_adc.o
    0x08000260   0x08000260   0x0000000a   Code   RO          206    i.ADC_DMAHalfConvCplt  stm32f0xx_hal_adc.o
    0x0800026a   0x0800026a   0x00000066   Code   RO          207    i.ADC_Disable       stm32f0xx_hal_adc.o
    0x080002d0   0x080002d0   0x00000084   Code   RO          208    i.ADC_Enable        stm32f0xx_hal_adc.o
    0x08000354   0x08000354   0x00000064   Code   RO         1939    i.ADC_GetBuffer     app_main.o
    0x080003b8   0x080003b8   0x0000087c   Code   RO         2185    i.Array_CampFire    rgb.o
    0x08000c34   0x08000c34   0x00000578   Code   RO         2186    i.Array_CampFire2   rgb.o
    0x080011ac   0x080011ac   0x000000e0   Code   RO         2187    i.Array_CampFire3   rgb.o
    0x0800128c   0x0800128c   0x00000014   Code   RO         2017    i.BlueMode_Handle   bt_mode.o
    0x080012a0   0x080012a0   0x000000e8   Code   RO         2018    i.BlueMode_Receive  bt_mode.o
    0x08001388   0x08001388   0x00000018   Code   RO         2391    i.DMA1_Channel1_IRQHandler  stm32f0xx_it.o
    0x080013a0   0x080013a0   0x00000018   Code   RO         2392    i.DMA1_Channel2_3_IRQHandler  stm32f0xx_it.o
    0x080013b8   0x080013b8   0x00000024   Code   RO           12    i.DMA_CalcBaseAndBitshift  stm32f0xx_hal_dma.o
    0x080013dc   0x080013dc   0x00000028   Code   RO           13    i.DMA_SetConfig     stm32f0xx_hal_dma.o
    0x08001404   0x08001404   0x0000000c   Code   RO         2079    i.Delay_1us         io_iic.o
    0x08001410   0x08001410   0x0000015c   Code   RO         2188    i.FireMode_Handle   rgb.o
    0x0800156c   0x0800156c   0x0000001c   Code   RO         2139    i.GetKeyValue       key.o
    0x08001588   0x08001588   0x00000110   Code   RO          210    i.HAL_ADC_ConfigChannel  stm32f0xx_hal_adc.o
    0x08001698   0x08001698   0x00000002   Code   RO          211    i.HAL_ADC_ConvCpltCallback  stm32f0xx_hal_adc.o
    0x0800169a   0x0800169a   0x00000002   Code   RO          212    i.HAL_ADC_ConvHalfCpltCallback  stm32f0xx_hal_adc.o
    0x0800169c   0x0800169c   0x00000002   Code   RO          214    i.HAL_ADC_ErrorCallback  stm32f0xx_hal_adc.o
    0x0800169e   0x0800169e   0x00000002   PAD
    0x080016a0   0x080016a0   0x00000174   Code   RO          219    i.HAL_ADC_Init      stm32f0xx_hal_adc.o
    0x08001814   0x08001814   0x00000094   Code   RO         2458    i.HAL_ADC_MspInit   stm32f0xx_hal_msp.o
    0x080018a8   0x080018a8   0x000000a0   Code   RO          226    i.HAL_ADC_Start_DMA  stm32f0xx_hal_adc.o
    0x08001948   0x08001948   0x00000070   Code   RO          229    i.HAL_ADC_Stop_DMA  stm32f0xx_hal_adc.o
    0x080019b8   0x080019b8   0x0000002c   Code   RO           14    i.HAL_DMA_Abort     stm32f0xx_hal_dma.o
    0x080019e4   0x080019e4   0x00000048   Code   RO           15    i.HAL_DMA_Abort_IT  stm32f0xx_hal_dma.o
    0x08001a2c   0x08001a2c   0x0000009c   Code   RO           19    i.HAL_DMA_IRQHandler  stm32f0xx_hal_dma.o
    0x08001ac8   0x08001ac8   0x00000058   Code   RO           20    i.HAL_DMA_Init      stm32f0xx_hal_dma.o
    0x08001b20   0x08001b20   0x0000006a   Code   RO           24    i.HAL_DMA_Start_IT  stm32f0xx_hal_dma.o
    0x08001b8a   0x08001b8a   0x00000002   PAD
    0x08001b8c   0x08001b8c   0x00000148   Code   RO         1880    i.HAL_GPIO_Init     stm32f0xx_hal_gpio.o
    0x08001cd4   0x08001cd4   0x0000000a   Code   RO         1882    i.HAL_GPIO_ReadPin  stm32f0xx_hal_gpio.o
    0x08001cde   0x08001cde   0x0000000c   Code   RO         1884    i.HAL_GPIO_WritePin  stm32f0xx_hal_gpio.o
    0x08001cea   0x08001cea   0x00000002   PAD
    0x08001cec   0x08001cec   0x0000000c   Code   RO         1432    i.HAL_GetTick       stm32f0xx_hal.o
    0x08001cf8   0x08001cf8   0x00000010   Code   RO         1436    i.HAL_IncTick       stm32f0xx_hal.o
    0x08001d08   0x08001d08   0x00000020   Code   RO         1437    i.HAL_Init          stm32f0xx_hal.o
    0x08001d28   0x08001d28   0x00000022   Code   RO         1438    i.HAL_InitTick      stm32f0xx_hal.o
    0x08001d4a   0x08001d4a   0x00000002   PAD
    0x08001d4c   0x08001d4c   0x00000038   Code   RO         2459    i.HAL_MspInit       stm32f0xx_hal_msp.o
    0x08001d84   0x08001d84   0x00000014   Code   RO         1751    i.HAL_NVIC_EnableIRQ  stm32f0xx_hal_cortex.o
    0x08001d98   0x08001d98   0x00000008   Code   RO         1755    i.HAL_NVIC_SetPriority  stm32f0xx_hal_cortex.o
    0x08001da0   0x08001da0   0x000000e8   Code   RO         1719    i.HAL_RCCEx_PeriphCLKConfig  stm32f0xx_hal_rcc_ex.o
    0x08001e88   0x08001e88   0x0000012c   Code   RO         1181    i.HAL_RCC_ClockConfig  stm32f0xx_hal_rcc.o
    0x08001fb4   0x08001fb4   0x0000000c   Code   RO         1186    i.HAL_RCC_GetHCLKFreq  stm32f0xx_hal_rcc.o
    0x08001fc0   0x08001fc0   0x00000020   Code   RO         1188    i.HAL_RCC_GetPCLK1Freq  stm32f0xx_hal_rcc.o
    0x08001fe0   0x08001fe0   0x00000078   Code   RO         1189    i.HAL_RCC_GetSysClockFreq  stm32f0xx_hal_rcc.o
    0x08002058   0x08002058   0x00000354   Code   RO         1192    i.HAL_RCC_OscConfig  stm32f0xx_hal_rcc.o
    0x080023ac   0x080023ac   0x00000018   Code   RO         1757    i.HAL_SYSTICK_CLKSourceConfig  stm32f0xx_hal_cortex.o
    0x080023c4   0x080023c4   0x00000002   Code   RO         1758    i.HAL_SYSTICK_Callback  stm32f0xx_hal_cortex.o
    0x080023c6   0x080023c6   0x00000002   PAD
    0x080023c8   0x080023c8   0x00000030   Code   RO         1759    i.HAL_SYSTICK_Config  stm32f0xx_hal_cortex.o
    0x080023f8   0x080023f8   0x00000008   Code   RO         1760    i.HAL_SYSTICK_IRQHandler  stm32f0xx_hal_cortex.o
    0x08002400   0x08002400   0x00000058   Code   RO          397    i.HAL_UART_DMAStop  stm32f0xx_hal_uart.o
    0x08002458   0x08002458   0x00000002   Code   RO          399    i.HAL_UART_ErrorCallback  stm32f0xx_hal_uart.o
    0x0800245a   0x0800245a   0x00000002   PAD
    0x0800245c   0x0800245c   0x00000114   Code   RO          402    i.HAL_UART_IRQHandler  stm32f0xx_hal_uart.o
    0x08002570   0x08002570   0x0000006c   Code   RO          403    i.HAL_UART_Init     stm32f0xx_hal_uart.o
    0x080025dc   0x080025dc   0x000000dc   Code   RO         2461    i.HAL_UART_MspInit  stm32f0xx_hal_msp.o
    0x080026b8   0x080026b8   0x000000a4   Code   RO          407    i.HAL_UART_Receive_DMA  stm32f0xx_hal_uart.o
    0x0800275c   0x0800275c   0x00000002   Code   RO          409    i.HAL_UART_RxCpltCallback  stm32f0xx_hal_uart.o
    0x0800275e   0x0800275e   0x00000002   Code   RO          410    i.HAL_UART_RxHalfCpltCallback  stm32f0xx_hal_uart.o
    0x08002760   0x08002760   0x00000098   Code   RO          412    i.HAL_UART_Transmit_DMA  stm32f0xx_hal_uart.o
    0x080027f8   0x080027f8   0x00000002   Code   RO          414    i.HAL_UART_TxCpltCallback  stm32f0xx_hal_uart.o
    0x080027fa   0x080027fa   0x00000002   Code   RO          415    i.HAL_UART_TxHalfCpltCallback  stm32f0xx_hal_uart.o
    0x080027fc   0x080027fc   0x00000002   Code   RO         2393    i.HardFault_Handler  stm32f0xx_it.o
    0x080027fe   0x080027fe   0x00000002   PAD
    0x08002800   0x08002800   0x000000c0   Code   RO         2080    i.IIC_Init1         io_iic.o
    0x080028c0   0x080028c0   0x00000070   Code   RO         2081    i.IIC_Send_Byte1    io_iic.o
    0x08002930   0x08002930   0x000000f8   Code   RO         2082    i.IIC_Send_Byte_Mix  io_iic.o
    0x08002a28   0x08002a28   0x00000038   Code   RO         2083    i.IIC_Start1        io_iic.o
    0x08002a60   0x08002a60   0x00000054   Code   RO         2084    i.IIC_Stop1         io_iic.o
    0x08002ab4   0x08002ab4   0x00000018   Code   RO         2085    i.IIC_Wait_Ack      io_iic.o
    0x08002acc   0x08002acc   0x000000e8   Code   RO         2140    i.KeyComMsg         key.o
    0x08002bb4   0x08002bb4   0x000000c4   Code   RO         2141    i.KeyEventPorc      key.o
    0x08002c78   0x08002c78   0x0000000c   Code   RO         2142    i.KeyScan           key.o
    0x08002c84   0x08002c84   0x00000070   Code   RO         2330    i.MX_ADC_Init       main.o
    0x08002cf4   0x08002cf4   0x000000a8   Code   RO         2331    i.MX_GPIO_Init      main.o
    0x08002d9c   0x08002d9c   0x00000058   Code   RO         2332    i.MX_USART1_UART_Init  main.o
    0x08002df4   0x08002df4   0x00000104   Code   RO         2189    i.Mapping_Arrary    rgb.o
    0x08002ef8   0x08002ef8   0x00000002   Code   RO         2394    i.NMI_Handler       stm32f0xx_it.o
    0x08002efa   0x08002efa   0x00000002   PAD
    0x08002efc   0x08002efc   0x00000044   Code   RO         1761    i.NVIC_SetPriority  stm32f0xx_hal_cortex.o
    0x08002f40   0x08002f40   0x00000002   Code   RO         2395    i.PendSV_Handler    stm32f0xx_it.o
    0x08002f42   0x08002f42   0x00000002   PAD
    0x08002f44   0x08002f44   0x000000c8   Code   RO         1940    i.PowerON_Reset     app_main.o
    0x0800300c   0x0800300c   0x00000008   Code   RO         2190    i.RGBMode_Handle    rgb.o
    0x08003014   0x08003014   0x00000010   Code   RO         2285    i.SN3236_Driver     sn3236.o
    0x08003024   0x08003024   0x00000054   Code   RO         2286    i.SN3236_Init1      sn3236.o
    0x08003078   0x08003078   0x00000044   Code   RO         2287    i.SN3236_RegWrite   sn3236.o
    0x080030bc   0x080030bc   0x00000002   Code   RO         2396    i.SVC_Handler       stm32f0xx_it.o
    0x080030be   0x080030be   0x00000002   PAD
    0x080030c0   0x080030c0   0x0000006c   Code   RO         2397    i.SysTick_Handler   stm32f0xx_it.o
    0x0800312c   0x0800312c   0x0000007c   Code   RO         2333    i.SystemClock_Config  main.o
    0x080031a8   0x080031a8   0x0000005c   Code   RO         2503    i.SystemInit        system_stm32f0xx.o
    0x08003204   0x08003204   0x000000ca   Code   RO          416    i.UART_AdvFeatureConfig  stm32f0xx_hal_uart.o
    0x080032ce   0x080032ce   0x00000012   Code   RO          417    i.UART_CheckIdleState  stm32f0xx_hal_uart.o
    0x080032e0   0x080032e0   0x00000014   Code   RO          418    i.UART_DMAAbortOnError  stm32f0xx_hal_uart.o
    0x080032f4   0x080032f4   0x0000004a   Code   RO          419    i.UART_DMAError     stm32f0xx_hal_uart.o
    0x0800333e   0x0800333e   0x00000040   Code   RO          420    i.UART_DMAReceiveCplt  stm32f0xx_hal_uart.o
    0x0800337e   0x0800337e   0x0000000a   Code   RO          422    i.UART_DMARxHalfCplt  stm32f0xx_hal_uart.o
    0x08003388   0x08003388   0x00000030   Code   RO          424    i.UART_DMATransmitCplt  stm32f0xx_hal_uart.o
    0x080033b8   0x080033b8   0x0000000a   Code   RO          426    i.UART_DMATxHalfCplt  stm32f0xx_hal_uart.o
    0x080033c2   0x080033c2   0x0000001e   Code   RO          428    i.UART_EndRxTransfer  stm32f0xx_hal_uart.o
    0x080033e0   0x080033e0   0x0000001a   Code   RO          429    i.UART_EndTransmit_IT  stm32f0xx_hal_uart.o
    0x080033fa   0x080033fa   0x00000012   Code   RO          430    i.UART_EndTxTransfer  stm32f0xx_hal_uart.o
    0x0800340c   0x0800340c   0x0000007a   Code   RO          431    i.UART_Receive_IT   stm32f0xx_hal_uart.o
    0x08003486   0x08003486   0x00000002   PAD
    0x08003488   0x08003488   0x00000114   Code   RO          432    i.UART_SetConfig    stm32f0xx_hal_uart.o
    0x0800359c   0x0800359c   0x00000066   Code   RO          433    i.UART_Transmit_IT  stm32f0xx_hal_uart.o
    0x08003602   0x08003602   0x00000002   PAD
    0x08003604   0x08003604   0x0000002c   Code   RO         2398    i.USART1_IRQHandler  stm32f0xx_it.o
    0x08003630   0x08003630   0x00000038   Code   RO         2019    i.Usart1SendData_DMA  bt_mode.o
    0x08003668   0x08003668   0x00000002   Code   RO         2334    i._Error_Handler    main.o
    0x0800366a   0x0800366a   0x0000000e   Code   RO         2561    i.__scatterload_copy  mc_p.l(handlers.o)
    0x08003678   0x08003678   0x00000002   Code   RO         2562    i.__scatterload_null  mc_p.l(handlers.o)
    0x0800367a   0x0800367a   0x0000000e   Code   RO         2563    i.__scatterload_zeroinit  mc_p.l(handlers.o)
    0x08003688   0x08003688   0x00000070   Code   RO         1941    i.app_main          app_main.o
    0x080036f8   0x080036f8   0x00000050   Code   RO         2335    i.main              main.o
    0x08003748   0x08003748   0x00002568   Data   RO         2196    .constdata          rgb.o
    0x08005cb0   0x08005cb0   0x00000010   Data   RO         2504    .constdata          system_stm32f0xx.o
    0x08005cc0   0x08005cc0   0x00000008   Data   RO         2505    .constdata          system_stm32f0xx.o
    0x08005cc8   0x08005cc8   0x00000020   Data   RO         2559    Region$$Table       anon$$obj.o


    Execution Region RW_IRAM1 (Exec base: 0x20000000, Load base: 0x08005ce8, Size: 0x00000920, Max: 0x00001000, ABSOLUTE)

    Exec Addr    Load Addr    Size         Type   Attr      Idx    E Section Name        Object

    0x20000000   0x08005ce8   0x00000004   Data   RW         1443    .data               stm32f0xx_hal.o
    0x20000004   0x08005cec   0x0000000c   Data   RW         1942    .data               app_main.o
    0x20000010   0x08005cf8   0x00000001   Data   RW         1946    .data               app_main.o
    0x20000011   0x08005cf9   0x00000001   Data   RW         1949    .data               app_main.o
    0x20000012   0x08005cfa   0x00000001   Data   RW         2024    .data               bt_mode.o
    0x20000013   0x08005cfb   0x00000002   Data   RW         2025    .data               bt_mode.o
    0x20000015   0x08005cfd   0x00000001   PAD
    0x20000016   0x08005cfe   0x00000024   Data   RW         2145    .data               key.o
    0x2000003a   0x08005d22   0x00000008   Data   RW         2204    .data               rgb.o
    0x20000042   0x08005d2a   0x00000002   PAD
    0x20000044   0x08005d2c   0x00000004   Data   RW         2506    .data               system_stm32f0xx.o
    0x20000048        -       0x0000012c   Zero   RW         2022    .bss                bt_mode.o
    0x20000174        -       0x00000090   Zero   RW         2194    .bss                rgb.o
    0x20000204        -       0x00000014   Zero   RW         2264    .bss                rgb_flashing.o
    0x20000218        -       0x00000014   Zero   RW         2265    .bss                rgb_flashing.o
    0x2000022c        -       0x00000093   Zero   RW         2288    .bss                sn3236.o
    0x200002bf        -       0x00000024   Zero   RW         2289    .bss                sn3236.o
    0x200002e3        -       0x00000024   Zero   RW         2290    .bss                sn3236.o
    0x20000307        -       0x00000024   Zero   RW         2291    .bss                sn3236.o
    0x2000032b        -       0x00000024   Zero   RW         2292    .bss                sn3236.o
    0x2000034f        -       0x00000024   Zero   RW         2293    .bss                sn3236.o
    0x20000373        -       0x00000024   Zero   RW         2294    .bss                sn3236.o
    0x20000397   0x08005d30   0x00000001   PAD
    0x20000398        -       0x000000bc   Zero   RW         2336    .bss                main.o
    0x20000454        -       0x00000044   Zero   RW         2337    .bss                main.o
    0x20000498        -       0x00000044   Zero   RW         2338    .bss                main.o
    0x200004dc        -       0x00000044   Zero   RW         2339    .bss                main.o
    0x20000520        -       0x00000400   Zero   RW            1    STACK               startup_stm32f030x6.o


==============================================================================

Image component sizes


      Code (inc. data)   RO Data    RW Data    ZI Data      Debug   Object Name

       412         44          0         14          0       3380   app_main.o
       308         58          0          3        300       2673   bt_mode.o
       728         66          0          0          0       4113   io_iic.o
       468         30          0         36          0       3362   key.o
       574         46          0          0        392       4326   main.o
      4464        204       9576          8        144      21793   rgb.o
         0          0          0          0         40        594   rgb_flashing.o
       168         14          0          0        363       2585   sn3236.o
        28          8        176          0       1024        644   startup_stm32f030x6.o
        94         18          0          4          0       3151   stm32f0xx_hal.o
      1382         54          0          0          0       9936   stm32f0xx_hal_adc.o
       178         28          0          0          0      10647   stm32f0xx_hal_cortex.o
       542         14          0          0          0     244606   stm32f0xx_hal_dma.o
       350         26          0          0          0       2923   stm32f0xx_hal_gpio.o
       424        100          0          0          0       2408   stm32f0xx_hal_msp.o
      1316         94          0          0          0       5093   stm32f0xx_hal_rcc.o
       232         14          0          0          0       1392   stm32f0xx_hal_rcc_ex.o
      1818         50          0          0          0      16249   stm32f0xx_hal_uart.o
       208         54          0          0          0       3679   stm32f0xx_it.o
        92         14         24          4          0       1183   system_stm32f0xx.o

    ----------------------------------------------------------------------
     13810        936       9808         72       2264     344737   Object Totals
         0          0         32          0          0          0   (incl. Generated)
        24          0          0          3          1          0   (incl. Padding)

    ----------------------------------------------------------------------

      Code (inc. data)   RO Data    RW Data    ZI Data      Debug   Library Member Name

         0          0          0          0          0          0   entry.o
         0          0          0          0          0          0   entry10a.o
         0          0          0          0          0          0   entry11a.o
         8          4          0          0          0          0   entry2.o
         4          0          0          0          0          0   entry5.o
         0          0          0          0          0          0   entry7b.o
         0          0          0          0          0          0   entry8b.o
         8          4          0          0          0          0   entry9a.o
        30          0          0          0          0          0   handlers.o
        36          8          0          0          0         68   init.o
        36          0          0          0          0        100   memseta.o
        44          0          0          0          0         72   uidiv.o

    ----------------------------------------------------------------------
       166         16          0          0          0        240   Library Totals
         0          0          0          0          0          0   (incl. Padding)

    ----------------------------------------------------------------------

      Code (inc. data)   RO Data    RW Data    ZI Data      Debug   Library Name

       166         16          0          0          0        240   mc_p.l

    ----------------------------------------------------------------------
       166         16          0          0          0        240   Library Totals

    ----------------------------------------------------------------------

==============================================================================


      Code (inc. data)   RO Data    RW Data    ZI Data      Debug   

     13976        952       9808         72       2264     340597   Grand Totals
     13976        952       9808         72       2264     340597   ELF Image Totals
     13976        952       9808         72          0          0   ROM Totals

==============================================================================

    Total RO  Size (Code + RO Data)                23784 (  23.23kB)
    Total RW  Size (RW Data + ZI Data)              2336 (   2.28kB)
    Total ROM Size (Code + RO Data + RW Data)      23856 (  23.30kB)

==============================================================================

