Component: ARM Compiler 5.06 update 6 (build 750) Tool: armlink [4d35ed]

==============================================================================

Section Cross References

    startup_stm32f030x6.o(RESET) refers to startup_stm32f030x6.o(STACK) for __initial_sp
    startup_stm32f030x6.o(RESET) refers to startup_stm32f030x6.o(.text) for Reset_Handler
    startup_stm32f030x6.o(RESET) refers to stm32f0xx_it.o(i.NMI_Handler) for NMI_Handler
    startup_stm32f030x6.o(RESET) refers to stm32f0xx_it.o(i.HardFault_Handler) for HardFault_Handler
    startup_stm32f030x6.o(RESET) refers to stm32f0xx_it.o(i.SVC_Handler) for SVC_Handler
    startup_stm32f030x6.o(RESET) refers to stm32f0xx_it.o(i.PendSV_Handler) for PendSV_Handler
    startup_stm32f030x6.o(RESET) refers to stm32f0xx_it.o(i.SysTick_Handler) for SysTick_Handler
    startup_stm32f030x6.o(RESET) refers to stm32f0xx_it.o(i.DMA1_Channel1_IRQHandler) for DMA1_Channel1_IRQHandler
    startup_stm32f030x6.o(RESET) refers to stm32f0xx_it.o(i.USART1_IRQHandler) for USART1_IRQHandler
    startup_stm32f030x6.o(.text) refers to system_stm32f0xx.o(i.SystemInit) for SystemInit
    startup_stm32f030x6.o(.text) refers to entry.o(.ARM.Collect$$$$00000000) for __main
    stm32f0xx_hal_dma.o(i.DMA_CalcBaseAndBitshift) refers to uidiv.o(.text) for __aeabi_uidivmod
    stm32f0xx_hal_dma.o(i.HAL_DMA_DeInit) refers to stm32f0xx_hal_dma.o(i.DMA_CalcBaseAndBitshift) for DMA_CalcBaseAndBitshift
    stm32f0xx_hal_dma.o(i.HAL_DMA_Init) refers to stm32f0xx_hal_dma.o(i.DMA_CalcBaseAndBitshift) for DMA_CalcBaseAndBitshift
    stm32f0xx_hal_dma.o(i.HAL_DMA_PollForTransfer) refers to stm32f0xx_hal.o(i.HAL_GetTick) for HAL_GetTick
    stm32f0xx_hal_dma.o(i.HAL_DMA_Start) refers to stm32f0xx_hal_dma.o(i.DMA_SetConfig) for DMA_SetConfig
    stm32f0xx_hal_dma.o(i.HAL_DMA_Start_IT) refers to stm32f0xx_hal_dma.o(i.DMA_SetConfig) for DMA_SetConfig
    stm32f0xx_hal_dma.o(i.HAL_DMA_UnRegisterCallback) refers to stm32f0xx_hal_dma.o(i.__ARM_common_switch8) for __ARM_common_switch8
    stm32f0xx_hal_adc.o(i.ADC_ConversionStop) refers to stm32f0xx_hal.o(i.HAL_GetTick) for HAL_GetTick
    stm32f0xx_hal_adc.o(i.ADC_DMAConvCplt) refers to stm32f0xx_hal_adc.o(i.HAL_ADC_ConvCpltCallback) for HAL_ADC_ConvCpltCallback
    stm32f0xx_hal_adc.o(i.ADC_DMAError) refers to stm32f0xx_hal_adc.o(i.HAL_ADC_ErrorCallback) for HAL_ADC_ErrorCallback
    stm32f0xx_hal_adc.o(i.ADC_DMAHalfConvCplt) refers to stm32f0xx_hal_adc.o(i.HAL_ADC_ConvHalfCpltCallback) for HAL_ADC_ConvHalfCpltCallback
    stm32f0xx_hal_adc.o(i.ADC_Disable) refers to stm32f0xx_hal.o(i.HAL_GetTick) for HAL_GetTick
    stm32f0xx_hal_adc.o(i.ADC_Enable) refers to uidiv.o(.text) for __aeabi_uidivmod
    stm32f0xx_hal_adc.o(i.ADC_Enable) refers to stm32f0xx_hal.o(i.HAL_GetTick) for HAL_GetTick
    stm32f0xx_hal_adc.o(i.ADC_Enable) refers to system_stm32f0xx.o(.data) for SystemCoreClock
    stm32f0xx_hal_adc.o(i.HAL_ADC_ConfigChannel) refers to uidiv.o(.text) for __aeabi_uidivmod
    stm32f0xx_hal_adc.o(i.HAL_ADC_ConfigChannel) refers to system_stm32f0xx.o(.data) for SystemCoreClock
    stm32f0xx_hal_adc.o(i.HAL_ADC_DeInit) refers to stm32f0xx_hal_adc.o(i.ADC_ConversionStop) for ADC_ConversionStop
    stm32f0xx_hal_adc.o(i.HAL_ADC_DeInit) refers to stm32f0xx_hal_msp.o(i.HAL_ADC_MspDeInit) for HAL_ADC_MspDeInit
    stm32f0xx_hal_adc.o(i.HAL_ADC_DeInit) refers to stm32f0xx_hal_adc.o(i.ADC_Disable) for ADC_Disable
    stm32f0xx_hal_adc.o(i.HAL_ADC_IRQHandler) refers to stm32f0xx_hal_adc.o(i.HAL_ADC_ConvCpltCallback) for HAL_ADC_ConvCpltCallback
    stm32f0xx_hal_adc.o(i.HAL_ADC_IRQHandler) refers to stm32f0xx_hal_adc.o(i.HAL_ADC_LevelOutOfWindowCallback) for HAL_ADC_LevelOutOfWindowCallback
    stm32f0xx_hal_adc.o(i.HAL_ADC_IRQHandler) refers to stm32f0xx_hal_adc.o(i.HAL_ADC_ErrorCallback) for HAL_ADC_ErrorCallback
    stm32f0xx_hal_adc.o(i.HAL_ADC_Init) refers to stm32f0xx_hal_msp.o(i.HAL_ADC_MspInit) for HAL_ADC_MspInit
    stm32f0xx_hal_adc.o(i.HAL_ADC_PollForConversion) refers to stm32f0xx_hal.o(i.HAL_GetTick) for HAL_GetTick
    stm32f0xx_hal_adc.o(i.HAL_ADC_PollForEvent) refers to stm32f0xx_hal.o(i.HAL_GetTick) for HAL_GetTick
    stm32f0xx_hal_adc.o(i.HAL_ADC_Start) refers to stm32f0xx_hal_adc.o(i.ADC_Enable) for ADC_Enable
    stm32f0xx_hal_adc.o(i.HAL_ADC_Start_DMA) refers to stm32f0xx_hal_adc.o(i.ADC_Enable) for ADC_Enable
    stm32f0xx_hal_adc.o(i.HAL_ADC_Start_DMA) refers to stm32f0xx_hal_dma.o(i.HAL_DMA_Start_IT) for HAL_DMA_Start_IT
    stm32f0xx_hal_adc.o(i.HAL_ADC_Start_DMA) refers to stm32f0xx_hal_adc.o(i.ADC_DMAConvCplt) for ADC_DMAConvCplt
    stm32f0xx_hal_adc.o(i.HAL_ADC_Start_DMA) refers to stm32f0xx_hal_adc.o(i.ADC_DMAHalfConvCplt) for ADC_DMAHalfConvCplt
    stm32f0xx_hal_adc.o(i.HAL_ADC_Start_DMA) refers to stm32f0xx_hal_adc.o(i.ADC_DMAError) for ADC_DMAError
    stm32f0xx_hal_adc.o(i.HAL_ADC_Start_IT) refers to stm32f0xx_hal_adc.o(i.ADC_Enable) for ADC_Enable
[...]

    Removing startup_stm32f030x6.o(HEAP), (512 bytes).
    Removing stm32f0xx_hal_dma.o(.rev16_text), (4 bytes).
    Removing stm32f0xx_hal_dma.o(.revsh_text), (4 bytes).
    Removing stm32f0xx_hal_dma.o(i.HAL_DMA_DeInit), (66 bytes).
    Removing stm32f0xx_hal_dma.o(i.HAL_DMA_GetError), (4 bytes).
    Removing stm32f0xx_hal_dma.o(i.HAL_DMA_GetState), (6 bytes).
    Removing stm32f0xx_hal_dma.o(i.HAL_DMA_PollForTransfer), (176 bytes).
    Removing stm32f0xx_hal_dma.o(i.HAL_DMA_RegisterCallback), (72 bytes).
    Removing stm32f0xx_hal_dma.o(i.HAL_DMA_Start), (74 bytes).
    Removing stm32f0xx_hal_dma.o(i.HAL_DMA_UnRegisterCallback), (78 bytes).
    Removing stm32f0xx_hal_adc.o(.rev16_text), (4 bytes).
    Removing stm32f0xx_hal_adc.o(.revsh_text), (4 bytes).
    Removing stm32f0xx_hal_adc.o(i.HAL_ADC_AnalogWDGConfig), (156 bytes).
    Removing stm32f0xx_hal_adc.o(i.HAL_ADC_DeInit), (160 bytes).
    Removing stm32f0xx_hal_adc.o(i.HAL_ADC_GetError), (4 bytes).
    Removing stm32f0xx_hal_adc.o(i.HAL_ADC_GetState), (4 bytes).
    Removing stm32f0xx_hal_adc.o(i.HAL_ADC_GetValue), (6 bytes).
    Removing stm32f0xx_hal_adc.o(i.HAL_ADC_IRQHandler), (208 bytes).
    Removing stm32f0xx_hal_adc.o(i.HAL_ADC_LevelOutOfWindowCallback), (2 bytes).
    Removing stm32f0xx_hal_adc.o(i.HAL_ADC_MspDeInit), (2 bytes).
    Removing stm32f0xx_hal_adc.o(i.HAL_ADC_MspInit), (2 bytes).
    Removing stm32f0xx_hal_adc.o(i.HAL_ADC_PollForConversion), (190 bytes).
    Removing stm32f0xx_hal_adc.o(i.HAL_ADC_PollForEvent), (116 bytes).
    Removing stm32f0xx_hal_adc.o(i.HAL_ADC_Start), (92 bytes).
    Removing stm32f0xx_hal_adc.o(i.HAL_ADC_Start_IT), (124 bytes).
    Removing stm32f0xx_hal_adc.o(i.HAL_ADC_Stop), (62 bytes).
    Removing stm32f0xx_hal_adc.o(i.HAL_ADC_Stop_IT), (72 bytes).
    Removing stm32f0xx_hal_uart.o(.rev16_text), (4 bytes).
    Removing stm32f0xx_hal_uart.o(.revsh_text), (4 bytes).
    Removing stm32f0xx_hal_uart.o(i.HAL_HalfDuplex_EnableReceiver), (54 bytes).
    Removing stm32f0xx_hal_uart.o(i.HAL_HalfDuplex_EnableTransmitter), (54 bytes).
    Removing stm32f0xx_hal_uart.o(i.HAL_HalfDuplex_Init), (108 bytes).
    Removing stm32f0xx_hal_uart.o(i.HAL_MultiProcessor_DisableMuteMode), (46 bytes).
    Removing stm32f0xx_hal_uart.o(i.HAL_MultiProcessor_EnableMuteMode), (46 bytes).
    Removing stm32f0xx_hal_uart.o(i.HAL_MultiProcessor_EnterMuteMode), (12 bytes).
    Removing stm32f0xx_hal_uart.o(i.HAL_MultiProcessor_Init), (140 bytes).
    Removing stm32f0xx_hal_uart.o(i.HAL_UART_Abort), (120 bytes).
    Removing stm32f0xx_hal_uart.o(i.HAL_UART_AbortCpltCallback), (2 bytes).
    Removing stm32f0xx_hal_uart.o(i.HAL_UART_AbortReceive), (80 bytes).
    Removing stm32f0xx_hal_uart.o(i.HAL_UART_AbortReceiveCpltCallback), (2 bytes).
    Removing stm32f0xx_hal_uart.o(i.HAL_UART_AbortReceive_IT), (116 bytes).
    Removing stm32f0xx_hal_uart.o(i.HAL_UART_AbortTransmit), (62 bytes).
    Removing stm32f0xx_hal_uart.o(i.HAL_UART_AbortTransmitCpltCallback), (2 bytes).
    Removing stm32f0xx_hal_uart.o(i.HAL_UART_AbortTransmit_IT), (92 bytes).
    Removing stm32f0xx_hal_uart.o(i.HAL_UART_Abort_IT), (196 bytes).
    Removing stm32f0xx_hal_uart.o(i.HAL_UART_DMAPause), (94 bytes).
    Removing stm32f0xx_hal_uart.o(i.HAL_UART_DMAResume), (86 bytes).
    Removing stm32f0xx_hal_uart.o(i.HAL_UART_DeInit), (62 bytes).
    Removing stm32f0xx_hal_uart.o(i.HAL_UART_GetError), (4 bytes).
    Removing stm32f0xx_hal_uart.o(i.HAL_UART_GetState), (12 bytes).
    Removing stm32f0xx_hal_uart.o(i.HAL_UART_MspDeInit), (2 bytes).
    Removing stm32f0xx_hal_uart.o(i.HAL_UART_MspInit), (2 bytes).
    Removing stm32f0xx_hal_uart.o(i.HAL_UART_Receive), (228 bytes).
    Removing stm32f0xx_hal_uart.o(i.HAL_UART_Receive_DMA), (164 bytes).
    Removing stm32f0xx_hal_uart.o(i.HAL_UART_RxCpltCallback), (2 bytes).
    Removing stm32f0xx_hal_uart.o(i.HAL_UART_RxHalfCpltCallback), (2 bytes).
    Removing stm32f0xx_hal_uart.o(i.HAL_UART_Transmit), (200 bytes).
    Removing stm32f0xx_hal_uart.o(i.HAL_UART_Transmit_DMA), (152 bytes).
    Removing stm32f0xx_hal_uart.o(i.HAL_UART_TxHalfCpltCallback), (2 bytes).
    Removing stm32f0xx_hal_uart.o(i.UART_DMAError), (74 bytes).
    Removing stm32f0xx_hal_uart.o(i.UART_DMAReceiveCplt), (64 bytes).
    Removing stm32f0xx_hal_uart.o(i.UART_DMARxAbortCallback), (54 bytes).
    Removing stm32f0xx_hal_uart.o(i.UART_DMARxHalfCplt), (10 bytes).
    Removing stm32f0xx_hal_uart.o(i.UART_DMARxOnlyAbortCallback), (28 bytes).
    Removing stm32f0xx_hal_uart.o(i.UART_DMATransmitCplt), (48 bytes).
    Removing stm32f0xx_hal_uart.o(i.UART_DMATxAbortCallback), (54 bytes).
    Removing stm32f0xx_hal_uart.o(i.UART_DMATxHalfCplt), (10 bytes).
    Removing stm32f0xx_hal_uart.o(i.UART_DMATxOnlyAbortCallback), (22 bytes).
    Removing stm32f0xx_hal_uart.o(i.UART_WaitOnFlagUntilTimeout), (98 bytes).
    Removing stm32f0xx_hal_i2c.o(.rev16_text), (4 bytes).
    Removing stm32f0xx_hal_i2c.o(.revsh_text), (4 bytes).
    Removing stm32f0xx_hal_i2c.o(i.HAL_I2C_AbortCpltCallback), (2 bytes).
    Removing stm32f0xx_hal_i2c.o(i.HAL_I2C_AddrCallback), (2 bytes).
    Removing stm32f0xx_hal_i2c.o(i.HAL_I2C_DeInit), (52 bytes).
    Removing stm32f0xx_hal_i2c.o(i.HAL_I2C_DisableListen_IT), (48 bytes).
    Removing stm32f0xx_hal_i2c.o(i.HAL_I2C_ER_IRQHandler), (88 bytes).
    Removing stm32f0xx_hal_i2c.o(i.HAL_I2C_EV_IRQHandler), (16 bytes).
    Removing stm32f0xx_hal_i2c.o(i.HAL_I2C_EnableListen_IT), (40 bytes).
    Removing stm32f0xx_hal_i2c.o(i.HAL_I2C_ErrorCallback), (2 bytes).
    Removing stm32f0xx_hal_i2c.o(i.HAL_I2C_GetError), (4 bytes).
    Removing stm32f0xx_hal_i2c.o(i.HAL_I2C_GetMode), (6 bytes).
    Removing stm32f0xx_hal_i2c.o(i.HAL_I2C_GetState), (6 bytes).
    Removing stm32f0xx_hal_i2c.o(i.HAL_I2C_Init), (180 bytes).
    Removing stm32f0xx_hal_i2c.o(i.HAL_I2C_IsDeviceReady), (284 bytes).
    Removing stm32f0xx_hal_i2c.o(i.HAL_I2C_ListenCpltCallback), (2 bytes).
    Removing stm32f0xx_hal_i2c.o(i.HAL_I2C_MasterRxCpltCallback), (2 bytes).
    Removing stm32f0xx_hal_i2c.o(i.HAL_I2C_MasterTxCpltCallback), (2 bytes).
    Removing stm32f0xx_hal_i2c.o(i.HAL_I2C_Master_Abort_IT), (88 bytes).
    Removing stm32f0xx_hal_i2c.o(i.HAL_I2C_Master_Receive), (280 bytes).
    Removing stm32f0xx_hal_i2c.o(i.HAL_I2C_Master_Receive_DMA), (236 bytes).
    Removing stm32f0xx_hal_i2c.o(i.HAL_I2C_Master_Receive_IT), (124 bytes).
    Removing stm32f0xx_hal_i2c.o(i.HAL_I2C_Master_Sequential_Receive_IT), (116 bytes).
    Removing stm32f0xx_hal_i2c.o(i.HAL_I2C_Master_Sequential_Transmit_IT), (116 bytes).
    Removing stm32f0xx_hal_i2c.o(i.HAL_I2C_Master_Transmit), (280 bytes).
    Removing stm32f0xx_hal_i2c.o(i.HAL_I2C_Master_Transmit_DMA), (240 bytes).
    Removing stm32f0xx_hal_i2c.o(i.HAL_I2C_Master_Transmit_IT), (124 bytes).
    Removing stm32f0xx_hal_i2c.o(i.HAL_I2C_MemRxCpltCallback), (2 bytes).
    Removing stm32f0xx_hal_i2c.o(i.HAL_I2C_MemTxCpltCallback), (2 bytes).
    Removing stm32f0xx_hal_i2c.o(i.HAL_I2C_Mem_Read), (344 bytes).
    Removing stm32f0xx_hal_i2c.o(i.HAL_I2C_Mem_Read_DMA), (248 bytes).
    Removing stm32f0xx_hal_i2c.o(i.HAL_I2C_Mem_Read_IT), (188 bytes).
    Removing stm32f0xx_hal_i2c.o(i.HAL_I2C_Mem_Write), (340 bytes).
    Removing stm32f0xx_hal_i2c.o(i.HAL_I2C_Mem_Write_DMA), (244 bytes).
    Removing stm32f0xx_hal_i2c.o(i.HAL_I2C_Mem_Write_IT), (184 bytes).
    Removing stm32f0xx_hal_i2c.o(i.HAL_I2C_MspDeInit), (2 bytes).
    Removing stm32f0xx_hal_i2c.o(i.HAL_I2C_MspInit), (2 bytes).
    Removing stm32f0xx_hal_i2c.o(i.HAL_I2C_SlaveRxCpltCallback), (2 bytes).
    Removing stm32f0xx_hal_i2c.o(i.HAL_I2C_SlaveTxCpltCallback), (2 bytes).
    Removing stm32f0xx_hal_i2c.o(i.HAL_I2C_Slave_Receive), (292 bytes).
    Removing stm32f0xx_hal_i2c.o(i.HAL_I2C_Slave_Receive_DMA), (156 bytes).
    Removing stm32f0xx_hal_i2c.o(i.HAL_I2C_Slave_Receive_IT), (88 bytes).
    Removing stm32f0xx_hal_i2c.o(i.HAL_I2C_Slave_Sequential_Receive_IT), (144 bytes).
    Removing stm32f0xx_hal_i2c.o(i.HAL_I2C_Slave_Sequential_Transmit_IT), (144 bytes).
    Removing stm32f0xx_hal_i2c.o(i.HAL_I2C_Slave_Transmit), (300 bytes).
    Removing stm32f0xx_hal_i2c.o(i.HAL_I2C_Slave_Transmit_DMA), (156 bytes).
    Removing stm32f0xx_hal_i2c.o(i.HAL_I2C_Slave_Transmit_IT), (88 bytes).
    Removing stm32f0xx_hal_i2c.o(i.I2C_DMAAbort), (52 bytes).
    Removing stm32f0xx_hal_i2c.o(i.I2C_DMAError), (24 bytes).
    Removing stm32f0xx_hal_i2c.o(i.I2C_DMAMasterReceiveCplt), (68 bytes).
    Removing stm32f0xx_hal_i2c.o(i.I2C_DMAMasterTransmitCplt), (68 bytes).
    Removing stm32f0xx_hal_i2c.o(i.I2C_DMASlaveReceiveCplt), (2 bytes).
    Removing stm32f0xx_hal_i2c.o(i.I2C_DMASlaveTransmitCplt), (2 bytes).
    Removing stm32f0xx_hal_i2c.o(i.I2C_Disable_IRQ), (86 bytes).
    Removing stm32f0xx_hal_i2c.o(i.I2C_Enable_IRQ), (100 bytes).
    Removing stm32f0xx_hal_i2c.o(i.I2C_Flush_TXDR), (34 bytes).
    Removing stm32f0xx_hal_i2c.o(i.I2C_ITAddrCplt), (122 bytes).
    Removing stm32f0xx_hal_i2c.o(i.I2C_ITError), (204 bytes).
    Removing stm32f0xx_hal_i2c.o(i.I2C_ITListenCplt), (96 bytes).
    Removing stm32f0xx_hal_i2c.o(i.I2C_ITMasterCplt), (160 bytes).
    Removing stm32f0xx_hal_i2c.o(i.I2C_ITMasterSequentialCplt), (70 bytes).
    Removing stm32f0xx_hal_i2c.o(i.I2C_ITSlaveCplt), (232 bytes).
    Removing stm32f0xx_hal_i2c.o(i.I2C_ITSlaveSequentialCplt), (74 bytes).
    Removing stm32f0xx_hal_i2c.o(i.I2C_IsAcknowledgeFailed), (116 bytes).
    Removing stm32f0xx_hal_i2c.o(i.I2C_Master_ISR_DMA), (194 bytes).
    Removing stm32f0xx_hal_i2c.o(i.I2C_Master_ISR_IT), (296 bytes).
    Removing stm32f0xx_hal_i2c.o(i.I2C_RequestMemoryRead), (106 bytes).
    Removing stm32f0xx_hal_i2c.o(i.I2C_RequestMemoryWrite), (106 bytes).
    Removing stm32f0xx_hal_i2c.o(i.I2C_Slave_ISR_DMA), (104 bytes).
    Removing stm32f0xx_hal_i2c.o(i.I2C_Slave_ISR_IT), (280 bytes).
    Removing stm32f0xx_hal_i2c.o(i.I2C_TransferConfig), (36 bytes).
    Removing stm32f0xx_hal_i2c.o(i.I2C_WaitOnFlagUntilTimeout), (72 bytes).
    Removing stm32f0xx_hal_i2c.o(i.I2C_WaitOnRXNEFlagUntilTimeout), (120 bytes).
    Removing stm32f0xx_hal_i2c.o(i.I2C_WaitOnSTOPFlagUntilTimeout), (78 bytes).
    Removing stm32f0xx_hal_i2c.o(i.I2C_WaitOnTXISFlagUntilTimeout), (82 bytes).
    Removing stm32f0xx_hal_tim_ex.o(.rev16_text), (4 bytes).
    Removing stm32f0xx_hal_tim_ex.o(.revsh_text), (4 bytes).
    Removing stm32f0xx_hal_uart_ex.o(.rev16_text), (4 bytes).
    Removing stm32f0xx_hal_uart_ex.o(.revsh_text), (4 bytes).
    Removing stm32f0xx_hal_uart_ex.o(i.HAL_MultiProcessorEx_AddressLength_Set), (54 bytes).
    Removing stm32f0xx_hal_uart_ex.o(i.HAL_RS485Ex_Init), (144 bytes).
    Removing stm32f0xx_hal_rcc.o(.rev16_text), (4 bytes).
    Removing stm32f0xx_hal_rcc.o(.revsh_text), (4 bytes).
    Removing stm32f0xx_hal_rcc.o(i.HAL_RCC_CSSCallback), (2 bytes).
    Removing stm32f0xx_hal_rcc.o(i.HAL_RCC_DeInit), (76 bytes).
    Removing stm32f0xx_hal_rcc.o(i.HAL_RCC_DisableCSS), (20 bytes).
    Removing stm32f0xx_hal_rcc.o(i.HAL_RCC_EnableCSS), (20 bytes).
    Removing stm32f0xx_hal_rcc.o(i.HAL_RCC_GetClockConfig), (56 bytes).
    Removing stm32f0xx_hal_rcc.o(i.HAL_RCC_GetOscConfig), (156 bytes).
    Removing stm32f0xx_hal_rcc.o(i.HAL_RCC_MCOConfig), (80 bytes).
    Removing stm32f0xx_hal_rcc.o(i.HAL_RCC_NMI_IRQHandler), (24 bytes).
    Removing stm32f0xx_hal_i2c_ex.o(.rev16_text), (4 bytes).
    Removing stm32f0xx_hal_i2c_ex.o(.revsh_text), (4 bytes).
    Removing stm32f0xx_hal_i2c_ex.o(i.HAL_I2CEx_ConfigAnalogFilter), (74 bytes).
    Removing stm32f0xx_hal_i2c_ex.o(i.HAL_I2CEx_ConfigDigitalFilter), (72 bytes).
    Removing stm32f0xx_hal_i2c_ex.o(i.HAL_I2CEx_DisableFastModePlus), (36 bytes).
    Removing stm32f0xx_hal_i2c_ex.o(i.HAL_I2CEx_EnableFastModePlus), (36 bytes).
    Removing stm32f0xx_hal_flash.o(.rev16_text), (4 bytes).
    Removing stm32f0xx_hal_flash.o(.revsh_text), (4 bytes).
    Removing stm32f0xx_hal_flash.o(i.FLASH_Program_HalfWord), (32 bytes).
    Removing stm32f0xx_hal_flash.o(i.FLASH_SetErrorCode), (56 bytes).
    Removing stm32f0xx_hal_flash.o(i.FLASH_WaitForLastOperation), (80 bytes).
    Removing stm32f0xx_hal_flash.o(i.HAL_FLASH_EndOfOperationCallback), (2 bytes).
    Removing stm32f0xx_hal_flash.o(i.HAL_FLASH_GetError), (12 bytes).
    Removing stm32f0xx_hal_flash.o(i.HAL_FLASH_IRQHandler), (268 bytes).
    Removing stm32f0xx_hal_flash.o(i.HAL_FLASH_Lock), (20 bytes).
    Removing stm32f0xx_hal_flash.o(i.HAL_FLASH_OB_Launch), (32 bytes).
    Removing stm32f0xx_hal_flash.o(i.HAL_FLASH_OB_Lock), (20 bytes).
    Removing stm32f0xx_hal_flash.o(i.HAL_FLASH_OB_Unlock), (36 bytes).
    Removing stm32f0xx_hal_flash.o(i.HAL_FLASH_OperationErrorCallback), (2 bytes).
    Removing stm32f0xx_hal_flash.o(i.HAL_FLASH_Program), (124 bytes).
    Removing stm32f0xx_hal_flash.o(i.HAL_FLASH_Program_IT), (100 bytes).
    Removing stm32f0xx_hal_flash.o(i.HAL_FLASH_Unlock), (36 bytes).
    Removing stm32f0xx_hal_flash.o(.bss), (32 bytes).
    Removing stm32f0xx_hal_tim.o(.rev16_text), (4 bytes).
    Removing stm32f0xx_hal_tim.o(.revsh_text), (4 bytes).
    Removing stm32f0xx_hal.o(.rev16_text), (4 bytes).
    Removing stm32f0xx_hal.o(.revsh_text), (4 bytes).
    Removing stm32f0xx_hal.o(i.HAL_DBGMCU_DisableDBGStandbyMode), (16 bytes).
    Removing stm32f0xx_hal.o(i.HAL_DBGMCU_DisableDBGStopMode), (16 bytes).
    Removing stm32f0xx_hal.o(i.HAL_DBGMCU_EnableDBGStandbyMode), (16 bytes).
    Removing stm32f0xx_hal.o(i.HAL_DBGMCU_EnableDBGStopMode), (16 bytes).
    Removing stm32f0xx_hal.o(i.HAL_DeInit), (36 bytes).
    Removing stm32f0xx_hal.o(i.HAL_Delay), (28 bytes).
    Removing stm32f0xx_hal.o(i.HAL_GetDEVID), (16 bytes).
    Removing stm32f0xx_hal.o(i.HAL_GetHalVersion), (8 bytes).
    Removing stm32f0xx_hal.o(i.HAL_GetREVID), (12 bytes).
    Removing stm32f0xx_hal.o(i.HAL_GetUIDw0), (12 bytes).
    Removing stm32f0xx_hal.o(i.HAL_GetUIDw1), (12 bytes).
    Removing stm32f0xx_hal.o(i.HAL_GetUIDw2), (12 bytes).
    Removing stm32f0xx_hal.o(i.HAL_MspDeInit), (2 bytes).
    Removing stm32f0xx_hal.o(i.HAL_MspInit), (2 bytes).
    Removing stm32f0xx_hal.o(i.HAL_ResumeTick), (16 bytes).
    Removing stm32f0xx_hal.o(i.HAL_SuspendTick), (16 bytes).
    Removing stm32f0xx_hal_pwr.o(.rev16_text), (4 bytes).
    Removing stm32f0xx_hal_pwr.o(.revsh_text), (4 bytes).
    Removing stm32f0xx_hal_pwr.o(i.HAL_PWR_DeInit), (24 bytes).
    Removing stm32f0xx_hal_pwr.o(i.HAL_PWR_DisableBkUpAccess), (16 bytes).
    Removing stm32f0xx_hal_pwr.o(i.HAL_PWR_DisableSEVOnPend), (16 bytes).
    Removing stm32f0xx_hal_pwr.o(i.HAL_PWR_DisableSleepOnExit), (16 bytes).
    Removing stm32f0xx_hal_pwr.o(i.HAL_PWR_DisableWakeUpPin), (16 bytes).
    Removing stm32f0xx_hal_pwr.o(i.HAL_PWR_EnableBkUpAccess), (16 bytes).
    Removing stm32f0xx_hal_pwr.o(i.HAL_PWR_EnableSEVOnPend), (16 bytes).
    Removing stm32f0xx_hal_pwr.o(i.HAL_PWR_EnableSleepOnExit), (16 bytes).
    Removing stm32f0xx_hal_pwr.o(i.HAL_PWR_EnableWakeUpPin), (16 bytes).
    Removing stm32f0xx_hal_pwr.o(i.HAL_PWR_EnterSLEEPMode), (32 bytes).
    Removing stm32f0xx_hal_pwr.o(i.HAL_PWR_EnterSTANDBYMode), (32 bytes).
    Removing stm32f0xx_hal_pwr.o(i.HAL_PWR_EnterSTOPMode), (52 bytes).
    Removing stm32f0xx_hal_flash_ex.o(.rev16_text), (4 bytes).
    Removing stm32f0xx_hal_flash_ex.o(.revsh_text), (4 bytes).
    Removing stm32f0xx_hal_flash_ex.o(i.FLASH_MassErase), (36 bytes).
    Removing stm32f0xx_hal_flash_ex.o(i.FLASH_OB_GetRDP), (32 bytes).
    Removing stm32f0xx_hal_flash_ex.o(i.FLASH_OB_RDP_LevelConfig), (96 bytes).
    Removing stm32f0xx_hal_flash_ex.o(i.FLASH_PageErase), (36 bytes).
    Removing stm32f0xx_hal_flash_ex.o(i.HAL_FLASHEx_Erase), (160 bytes).
    Removing stm32f0xx_hal_flash_ex.o(i.HAL_FLASHEx_Erase_IT), (88 bytes).
    Removing stm32f0xx_hal_flash_ex.o(i.HAL_FLASHEx_OBErase), (80 bytes).
    Removing stm32f0xx_hal_flash_ex.o(i.HAL_FLASHEx_OBGetConfig), (36 bytes).
    Removing stm32f0xx_hal_flash_ex.o(i.HAL_FLASHEx_OBGetUserData), (28 bytes).
    Removing stm32f0xx_hal_flash_ex.o(i.HAL_FLASHEx_OBProgram), (328 bytes).
    Removing stm32f0xx_hal_rcc_ex.o(.rev16_text), (4 bytes).
    Removing stm32f0xx_hal_rcc_ex.o(.revsh_text), (4 bytes).
    Removing stm32f0xx_hal_rcc_ex.o(i.HAL_RCCEx_GetPeriphCLKConfig), (44 bytes).
    Removing stm32f0xx_hal_rcc_ex.o(i.HAL_RCCEx_GetPeriphCLKFreq), (156 bytes).
    Removing stm32f0xx_hal_cortex.o(.rev16_text), (4 bytes).
    Removing stm32f0xx_hal_cortex.o(.revsh_text), (4 bytes).
    Removing stm32f0xx_hal_cortex.o(i.HAL_NVIC_ClearPendingIRQ), (20 bytes).
    Removing stm32f0xx_hal_cortex.o(i.HAL_NVIC_DisableIRQ), (20 bytes).
    Removing stm32f0xx_hal_cortex.o(i.HAL_NVIC_GetPendingIRQ), (28 bytes).
    Removing stm32f0xx_hal_cortex.o(i.HAL_NVIC_GetPriority), (52 bytes).
    Removing stm32f0xx_hal_cortex.o(i.HAL_NVIC_SetPendingIRQ), (20 bytes).
    Removing stm32f0xx_hal_cortex.o(i.HAL_NVIC_SystemReset), (28 bytes).
    Removing stm32f0xx_hal_adc_ex.o(.rev16_text), (4 bytes).
    Removing stm32f0xx_hal_adc_ex.o(.revsh_text), (4 bytes).
    Removing stm32f0xx_hal_pwr_ex.o(.rev16_text), (4 bytes).
    Removing stm32f0xx_hal_pwr_ex.o(.revsh_text), (4 bytes).
    Removing stm32f0xx_hal_gpio.o(.rev16_text), (4 bytes).
    Removing stm32f0xx_hal_gpio.o(.revsh_text), (4 bytes).
    Removing stm32f0xx_hal_gpio.o(i.HAL_GPIO_DeInit), (212 bytes).
    Removing stm32f0xx_hal_gpio.o(i.HAL_GPIO_EXTI_Callback), (2 bytes).
    Removing stm32f0xx_hal_gpio.o(i.HAL_GPIO_EXTI_IRQHandler), (24 bytes).
    Removing stm32f0xx_hal_gpio.o(i.HAL_GPIO_LockPin), (36 bytes).
    Removing stm32f0xx_hal_gpio.o(i.HAL_GPIO_TogglePin), (8 bytes).
    Removing app_main.o(.rev16_text), (4 bytes).
    Removing app_main.o(.revsh_text), (4 bytes).
    Removing app_main.o(.data), (1 bytes).
    Removing bt_mode.o(.rev16_text), (4 bytes).
    Removing bt_mode.o(.revsh_text), (4 bytes).
    Removing bt_mode.o(.data), (1 bytes).
    Removing h_adc.o(.rev16_text), (4 bytes).
    Removing h_adc.o(.revsh_text), (4 bytes).
    Removing key.o(.rev16_text), (4 bytes).
    Removing key.o(.revsh_text), (4 bytes).
    Removing big_fire.o(.rev16_text), (4 bytes).
    Removing big_fire.o(.revsh_text), (4 bytes).
    Removing big_fire.o(.data), (1 bytes).
    Removing big_fire.o(.data), (1 bytes).
    Removing small_fire.o(.rev16_text), (4 bytes).
    Removing small_fire.o(.revsh_text), (4 bytes).
    Removing small_fire.o(.data), (1 bytes).
    Removing small_fire.o(.data), (1 bytes).
    Removing music_fire.o(.rev16_text), (4 bytes).
    Removing music_fire.o(.revsh_text), (4 bytes).
    Removing led_driver.o(.rev16_text), (4 bytes).
    Removing led_driver.o(.revsh_text), (4 bytes).
    Removing led_driver.o(i.delay), (12 bytes).
    Removing led_driver.o(.bss), (60 bytes).
    Removing led_driver.o(.data), (1 bytes).
    Removing level_fire.o(.rev16_text), (4 bytes).
    Removing level_fire.o(.revsh_text), (4 bytes).
    Removing middle_fire.o(.rev16_text), (4 bytes).
    Removing middle_fire.o(.revsh_text), (4 bytes).
    Removing middle_fire.o(.data), (1 bytes).
    Removing middle_fire.o(.data), (1 bytes).
    Removing wind_fire.o(.rev16_text), (4 bytes).
    Removing wind_fire.o(.revsh_text), (4 bytes).
    Removing main.o(.rev16_text), (4 bytes).
    Removing main.o(.revsh_text), (4 bytes).
    Removing stm32f0xx_it.o(.rev16_text), (4 bytes).
    Removing stm32f0xx_it.o(.revsh_text), (4 bytes).
    Removing stm32f0xx_hal_msp.o(.rev16_text), (4 bytes).
    Removing stm32f0xx_hal_msp.o(.revsh_text), (4 bytes).
    Removing stm32f0xx_hal_msp.o(i.HAL_ADC_MspDeInit), (48 bytes).
    Removing stm32f0xx_hal_msp.o(i.HAL_UART_MspDeInit), (48 bytes).
    Removing system_stm32f0xx.o(.rev16_text), (4 bytes).
    Removing system_stm32f0xx.o(.revsh_text), (4 bytes).
    Removing system_stm32f0xx.o(i.SystemCoreClockUpdate), (108 bytes).
    Removing stm32f0xx_hal_dma.o(i.__ARM_common_switch8), (26 bytes).

297 unused section(s) (total 17397 bytes) removed from the image.

==============================================================================

Image Symbol Table

    Local Symbols

    Symbol Name                              Value     Ov Type        Size  Object(Section)

    ..//Src/system_stm32f0xx.c               0x00000000   Number         0  system_stm32f0xx.o ABSOLUTE
    ../Drivers/STM32F0xx_HAL_Driver/Src/stm32f0xx_hal.c 0x00000000   Number         0  stm32f0xx_hal.o ABSOLUTE
    ../Drivers/STM32F0xx_HAL_Driver/Src/stm32f0xx_hal_adc.c 0x00000000   Number         0  stm32f0xx_hal_adc.o ABSOLUTE
    ../Drivers/STM32F0xx_HAL_Driver/Src/stm32f0xx_hal_adc_ex.c 0x00000000   Number         0  stm32f0xx_hal_adc_ex.o ABSOLUTE
    ../Drivers/STM32F0xx_HAL_Driver/Src/stm32f0xx_hal_cortex.c 0x00000000   Number         0  stm32f0xx_hal_cortex.o ABSOLUTE
    ../Drivers/STM32F0xx_HAL_Driver/Src/stm32f0xx_hal_dma.c 0x00000000   Number         0  stm32f0xx_hal_dma.o ABSOLUTE
    ../Drivers/STM32F0xx_HAL_Driver/Src/stm32f0xx_hal_flash.c 0x00000000   Number         0  stm32f0xx_hal_flash.o ABSOLUTE
    ../Drivers/STM32F0xx_HAL_Driver/Src/stm32f0xx_hal_flash_ex.c 0x00000000   Number         0  stm32f0xx_hal_flash_ex.o ABSOLUTE
    ../Drivers/STM32F0xx_HAL_Driver/Src/stm32f0xx_hal_gpio.c 0x00000000   Number         0  stm32f0xx_hal_gpio.o ABSOLUTE
    ../Drivers/STM32F0xx_HAL_Driver/Src/stm32f0xx_hal_i2c.c 0x00000000   Number         0  stm32f0xx_hal_i2c.o ABSOLUTE
    ../Drivers/STM32F0xx_HAL_Driver/Src/stm32f0xx_hal_i2c_ex.c 0x00000000   Number         0  stm32f0xx_hal_i2c_ex.o ABSOLUTE
    ../Drivers/STM32F0xx_HAL_Driver/Src/stm32f0xx_hal_pwr.c 0x00000000   Number         0  stm32f0xx_hal_pwr.o ABSOLUTE
    ../Drivers/STM32F0xx_HAL_Driver/Src/stm32f0xx_hal_pwr_ex.c 0x00000000   Number         0  stm32f0xx_hal_pwr_ex.o ABSOLUTE
    ../Drivers/STM32F0xx_HAL_Driver/Src/stm32f0xx_hal_rcc.c 0x00000000   Number         0  stm32f0xx_hal_rcc.o ABSOLUTE
    ../Drivers/STM32F0xx_HAL_Driver/Src/stm32f0xx_hal_rcc_ex.c 0x00000000   Number         0  stm32f0xx_hal_rcc_ex.o ABSOLUTE
    ../Drivers/STM32F0xx_HAL_Driver/Src/stm32f0xx_hal_tim.c 0x00000000   Number         0  stm32f0xx_hal_tim.o ABSOLUTE
    ../Drivers/STM32F0xx_HAL_Driver/Src/stm32f0xx_hal_tim_ex.c 0x00000000   Number         0  stm32f0xx_hal_tim_ex.o ABSOLUTE
    ../Drivers/STM32F0xx_HAL_Driver/Src/stm32f0xx_hal_uart.c 0x00000000   Number         0  stm32f0xx_hal_uart.o ABSOLUTE
    ../Drivers/STM32F0xx_HAL_Driver/Src/stm32f0xx_hal_uart_ex.c 0x00000000   Number         0  stm32f0xx_hal_uart_ex.o ABSOLUTE
    ../Src/main.c                            0x00000000   Number         0  main.o ABSOLUTE
    ../Src/stm32f0xx_hal_msp.c               0x00000000   Number         0  stm32f0xx_hal_msp.o ABSOLUTE
    ../Src/stm32f0xx_it.c                    0x00000000   Number         0  stm32f0xx_it.o ABSOLUTE
    ../clib/microlib/division.c              0x00000000   Number         0  uidiv.o ABSOLUTE
    ../clib/microlib/init/entry.s            0x00000000   Number         0  entry7b.o ABSOLUTE
    ../clib/microlib/init/entry.s            0x00000000   Number         0  entry7a.o ABSOLUTE
    ../clib/microlib/init/entry.s            0x00000000   Number         0  entry5.o ABSOLUTE
    ../clib/microlib/init/entry.s            0x00000000   Number         0  entry10a.o ABSOLUTE
    ../clib/microlib/init/entry.s            0x00000000   Number         0  entry11b.o ABSOLUTE
    ../clib/microlib/init/entry.s            0x00000000   Number         0  entry11a.o ABSOLUTE
    ../clib/microlib/init/entry.s            0x00000000   Number         0  entry10b.o ABSOLUTE
    ../clib/microlib/init/entry.s            0x00000000   Number         0  entry2.o ABSOLUTE
    ../clib/microlib/init/entry.s            0x00000000   Number         0  entry9b.o ABSOLUTE
    ../clib/microlib/init/entry.s            0x00000000   Number         0  entry.o ABSOLUTE
    ../clib/microlib/init/entry.s            0x00000000   Number         0  entry9a.o ABSOLUTE
    ../clib/microlib/init/entry.s            0x00000000   Number         0  entry8b.o ABSOLUTE
    ../clib/microlib/init/entry.s            0x00000000   Number         0  entry8a.o ABSOLUTE
    ../clib/microlib/longlong.c              0x00000000   Number         0  llushr.o ABSOLUTE
    ../clib/microlib/string/memset.c         0x00000000   Number         0  memseta.o ABSOLUTE
    ..\App\Key.c                             0x00000000   Number         0  key.o ABSOLUTE
    ..\App\app_main.c                        0x00000000   Number         0  app_main.o ABSOLUTE
    ..\App\big_fire.c                        0x00000000   Number         0  big_fire.o ABSOLUTE
    ..\App\bt_mode.c                         0x00000000   Number         0  bt_mode.o ABSOLUTE
    ..\App\h_adc.c                           0x00000000   Number         0  h_adc.o ABSOLUTE
    ..\App\led_driver.c                      0x00000000   Number         0  led_driver.o ABSOLUTE
    ..\App\level_fire.c                      0x00000000   Number         0  level_fire.o ABSOLUTE
    ..\App\middle_fire.c                     0x00000000   Number         0  middle_fire.o ABSOLUTE
    ..\App\music_fire.c                      0x00000000   Number         0  music_fire.o ABSOLUTE
    ..\App\small_fire.c                      0x00000000   Number         0  small_fire.o ABSOLUTE
    ..\App\wind_fire.c                       0x00000000   Number         0  wind_fire.o ABSOLUTE
    ..\Drivers\STM32F0xx_HAL_Driver\Src\stm32f0xx_hal.c 0x00000000   Number         0  stm32f0xx_hal.o ABSOLUTE
    ..\Drivers\STM32F0xx_HAL_Driver\Src\stm32f0xx_hal_adc.c 0x00000000   Number         0  stm32f0xx_hal_adc.o ABSOLUTE
    ..\Drivers\STM32F0xx_HAL_Driver\Src\stm32f0xx_hal_adc_ex.c 0x00000000   Number         0  stm32f0xx_hal_adc_ex.o ABSOLUTE
    ..\Drivers\STM32F0xx_HAL_Driver\Src\stm32f0xx_hal_cortex.c 0x00000000   Number         0  stm32f0xx_hal_cortex.o ABSOLUTE
    ..\Drivers\STM32F0xx_HAL_Driver\Src\stm32f0xx_hal_dma.c 0x00000000   Number         0  stm32f0xx_hal_dma.o ABSOLUTE
    ..\Drivers\STM32F0xx_HAL_Driver\Src\stm32f0xx_hal_flash.c 0x00000000   Number         0  stm32f0xx_hal_flash.o ABSOLUTE
    ..\Drivers\STM32F0xx_HAL_Driver\Src\stm32f0xx_hal_flash_ex.c 0x00000000   Number         0  stm32f0xx_hal_flash_ex.o ABSOLUTE
    ..\Drivers\STM32F0xx_HAL_Driver\Src\stm32f0xx_hal_gpio.c 0x00000000   Number         0  stm32f0xx_hal_gpio.o ABSOLUTE
    ..\Drivers\STM32F0xx_HAL_Driver\Src\stm32f0xx_hal_i2c.c 0x00000000   Number         0  stm32f0xx_hal_i2c.o ABSOLUTE
    ..\Drivers\STM32F0xx_HAL_Driver\Src\stm32f0xx_hal_i2c_ex.c 0x00000000   Number         0  stm32f0xx_hal_i2c_ex.o ABSOLUTE
    ..\Drivers\STM32F0xx_HAL_Driver\Src\stm32f0xx_hal_pwr.c 0x00000000   Number         0  stm32f0xx_hal_pwr.o ABSOLUTE
    ..\Drivers\STM32F0xx_HAL_Driver\Src\stm32f0xx_hal_pwr_ex.c 0x00000000   Number         0  stm32f0xx_hal_pwr_ex.o ABSOLUTE
    ..\Drivers\STM32F0xx_HAL_Driver\Src\stm32f0xx_hal_rcc.c 0x00000000   Number         0  stm32f0xx_hal_rcc.o ABSOLUTE
    ..\Drivers\STM32F0xx_HAL_Driver\Src\stm32f0xx_hal_rcc_ex.c 0x00000000   Number         0  stm32f0xx_hal_rcc_ex.o ABSOLUTE
    ..\Drivers\STM32F0xx_HAL_Driver\Src\stm32f0xx_hal_tim.c 0x00000000   Number         0  stm32f0xx_hal_tim.o ABSOLUTE
    ..\Drivers\STM32F0xx_HAL_Driver\Src\stm32f0xx_hal_tim_ex.c 0x00000000   Number         0  stm32f0xx_hal_tim_ex.o ABSOLUTE
    ..\Drivers\STM32F0xx_HAL_Driver\Src\stm32f0xx_hal_uart.c 0x00000000   Number         0  stm32f0xx_hal_uart.o ABSOLUTE
    ..\Drivers\STM32F0xx_HAL_Driver\Src\stm32f0xx_hal_uart_ex.c 0x00000000   Number         0  stm32f0xx_hal_uart_ex.o ABSOLUTE
    ..\Src\main.c                            0x00000000   Number         0  main.o ABSOLUTE
    ..\Src\stm32f0xx_hal_msp.c               0x00000000   Number         0  stm32f0xx_hal_msp.o ABSOLUTE
    ..\Src\stm32f0xx_it.c                    0x00000000   Number         0  stm32f0xx_it.o ABSOLUTE
    ..\\App\\Key.c                           0x00000000   Number         0  key.o ABSOLUTE
    ..\\App\\app_main.c                      0x00000000   Number         0  app_main.o ABSOLUTE
    ..\\App\\big_fire.c                      0x00000000   Number         0  big_fire.o ABSOLUTE
    ..\\App\\bt_mode.c                       0x00000000   Number         0  bt_mode.o ABSOLUTE
    ..\\App\\h_adc.c                         0x00000000   Number         0  h_adc.o ABSOLUTE
    ..\\App\\led_driver.c                    0x00000000   Number         0  led_driver.o ABSOLUTE
    ..\\App\\level_fire.c                    0x00000000   Number         0  level_fire.o ABSOLUTE
    ..\\App\\middle_fire.c                   0x00000000   Number         0  middle_fire.o ABSOLUTE
    ..\\App\\music_fire.c                    0x00000000   Number         0  music_fire.o ABSOLUTE
    ..\\App\\small_fire.c                    0x00000000   Number         0  small_fire.o ABSOLUTE
    ..\\App\\wind_fire.c                     0x00000000   Number         0  wind_fire.o ABSOLUTE
    ..\\Src\system_stm32f0xx.c               0x00000000   Number         0  system_stm32f0xx.o ABSOLUTE
    dc.s                                     0x00000000   Number         0  dc.o ABSOLUTE
    handlers.s                               0x00000000   Number         0  handlers.o ABSOLUTE
    init.s                                   0x00000000   Number         0  init.o ABSOLUTE
    startup_stm32f030x6.s                    0x00000000   Number         0  startup_stm32f030x6.o ABSOLUTE
    RESET                                    0x08000000   Section      176  startup_stm32f030x6.o(RESET)
    .ARM.Collect$$$$00000000                 0x080000b0   Section        0  entry.o(.ARM.Collect$$$$00000000)
    .ARM.Collect$$$$00000001                 0x080000b0   Section        4  entry2.o(.ARM.Collect$$$$00000001)
    .ARM.Collect$$$$00000004                 0x080000b4   Section        4  entry5.o(.ARM.Collect$$$$00000004)
    .ARM.Collect$$$$00000008                 0x080000b8   Section        0  entry7b.o(.ARM.Collect$$$$00000008)
    .ARM.Collect$$$$0000000A                 0x080000b8   Section        0  entry8b.o(.ARM.Collect$$$$0000000A)
    .ARM.Collect$$$$0000000B                 0x080000b8   Section        8  entry9a.o(.ARM.Collect$$$$0000000B)
    .ARM.Collect$$$$0000000D                 0x080000c0   Section        0  entry10a.o(.ARM.Collect$$$$0000000D)
    .ARM.Collect$$$$0000000F                 0x080000c0   Section        0  entry11a.o(.ARM.Collect$$$$0000000F)
    .ARM.Collect$$$$00002712                 0x080000c0   Section        4  entry2.o(.ARM.Collect$$$$00002712)
    __lit__00000000                          0x080000c0   Data           4  entry2.o(.ARM.Collect$$$$00002712)
    .text                                    0x080000c4   Section       28  startup_stm32f030x6.o(.text)
    .text                                    0x080000e0   Section        0  uidiv.o(.text)
    .text                                    0x0800010c   Section        0  memseta.o(.text)
    .text                                    0x08000130   Section       36  init.o(.text)
    i.ADC_ConversionStop                     0x08000154   Section        0  stm32f0xx_hal_adc.o(i.ADC_ConversionStop)
    ADC_ConversionStop                       0x08000155   Thumb Code    82  stm32f0xx_hal_adc.o(i.ADC_ConversionStop)
    i.ADC_DMAConvCplt                        0x080001a6   Section        0  stm32f0xx_hal_adc.o(i.ADC_DMAConvCplt)
    ADC_DMAConvCplt                          0x080001a7   Thumb Code   108  stm32f0xx_hal_adc.o(i.ADC_DMAConvCplt)
    i.ADC_DMAError                           0x08000212   Section        0  stm32f0xx_hal_adc.o(i.ADC_DMAError)
    ADC_DMAError                             0x08000213   Thumb Code    26  stm32f0xx_hal_adc.o(i.ADC_DMAError)
    i.ADC_DMAHalfConvCplt                    0x0800022c   Section        0  stm32f0xx_hal_adc.o(i.ADC_DMAHalfConvCplt)
    ADC_DMAHalfConvCplt                      0x0800022d   Thumb Code    10  stm32f0xx_hal_adc.o(i.ADC_DMAHalfConvCplt)
    i.ADC_Disable                            0x08000236   Section        0  stm32f0xx_hal_adc.o(i.ADC_Disable)
    ADC_Disable                              0x08000237   Thumb Code   102  stm32f0xx_hal_adc.o(i.ADC_Disable)
    i.ADC_Enable                             0x0800029c   Section        0  stm32f0xx_hal_adc.o(i.ADC_Enable)
    ADC_Enable                               0x0800029d   Thumb Code   120  stm32f0xx_hal_adc.o(i.ADC_Enable)
    i.ADC_GetBuffer                          0x08000320   Section        0  h_adc.o(i.ADC_GetBuffer)
    i.Audio_Average                          0x08000390   Section        0  h_adc.o(i.Audio_Average)
    i.BlueMode_Handle                        0x080004fc   Section        0  bt_mode.o(i.BlueMode_Handle)
    i.BlueMode_Receive                       0x08000504   Section        0  bt_mode.o(i.BlueMode_Receive)
    i.DMA1_Channel1_IRQHandler               0x08000604   Section        0  stm32f0xx_it.o(i.DMA1_Channel1_IRQHandler)
    i.DMA_CalcBaseAndBitshift                0x0800061c   Section        0  stm32f0xx_hal_dma.o(i.DMA_CalcBaseAndBitshift)
    DMA_CalcBaseAndBitshift                  0x0800061d   Thumb Code    26  stm32f0xx_hal_dma.o(i.DMA_CalcBaseAndBitshift)
    i.DMA_SetConfig                          0x08000640   Section        0  stm32f0xx_hal_dma.o(i.DMA_SetConfig)
    DMA_SetConfig                            0x08000641   Thumb Code    40  stm32f0xx_hal_dma.o(i.DMA_SetConfig)
    i.FireMode_Handle                        0x08000668   Section        0  led_driver.o(i.FireMode_Handle)
    i.GetKeyValue                            0x080006b4   Section        0  key.o(i.GetKeyValue)
    i.HAL_ADCEx_Calibration_Start            0x080006d0   Section        0  stm32f0xx_hal_adc_ex.o(i.HAL_ADCEx_Calibration_Start)
    i.HAL_ADC_ConfigChannel                  0x08000780   Section        0  stm32f0xx_hal_adc.o(i.HAL_ADC_ConfigChannel)
    i.HAL_ADC_ConvCpltCallback               0x08000890   Section        0  stm32f0xx_hal_adc.o(i.HAL_ADC_ConvCpltCallback)
    i.HAL_ADC_ConvHalfCpltCallback           0x08000892   Section        0  stm32f0xx_hal_adc.o(i.HAL_ADC_ConvHalfCpltCallback)
    i.HAL_ADC_ErrorCallback                  0x08000894   Section        0  stm32f0xx_hal_adc.o(i.HAL_ADC_ErrorCallback)
    i.HAL_ADC_Init                           0x08000898   Section        0  stm32f0xx_hal_adc.o(i.HAL_ADC_Init)
    i.HAL_ADC_MspInit                        0x08000a0c   Section        0  stm32f0xx_hal_msp.o(i.HAL_ADC_MspInit)
    i.HAL_ADC_Start_DMA                      0x08000aa0   Section        0  stm32f0xx_hal_adc.o(i.HAL_ADC_Start_DMA)
    i.HAL_ADC_Stop_DMA                       0x08000b40   Section        0  stm32f0xx_hal_adc.o(i.HAL_ADC_Stop_DMA)
    i.HAL_DMA_Abort                          0x08000bb0   Section        0  stm32f0xx_hal_dma.o(i.HAL_DMA_Abort)
    i.HAL_DMA_Abort_IT                       0x08000bdc   Section        0  stm32f0xx_hal_dma.o(i.HAL_DMA_Abort_IT)
    i.HAL_DMA_IRQHandler                     0x08000c24   Section        0  stm32f0xx_hal_dma.o(i.HAL_DMA_IRQHandler)
    i.HAL_DMA_Init                           0x08000cc0   Section        0  stm32f0xx_hal_dma.o(i.HAL_DMA_Init)
    i.HAL_DMA_Start_IT                       0x08000d18   Section        0  stm32f0xx_hal_dma.o(i.HAL_DMA_Start_IT)
    i.HAL_GPIO_Init                          0x08000d84   Section        0  stm32f0xx_hal_gpio.o(i.HAL_GPIO_Init)
    i.HAL_GPIO_ReadPin                       0x08000ecc   Section        0  stm32f0xx_hal_gpio.o(i.HAL_GPIO_ReadPin)
    i.HAL_GPIO_WritePin                      0x08000ed6   Section        0  stm32f0xx_hal_gpio.o(i.HAL_GPIO_WritePin)
    i.HAL_GetTick                            0x08000ee4   Section        0  stm32f0xx_hal.o(i.HAL_GetTick)
    i.HAL_IncTick                            0x08000ef0   Section        0  stm32f0xx_hal.o(i.HAL_IncTick)
    i.HAL_Init                               0x08000f00   Section        0  stm32f0xx_hal.o(i.HAL_Init)
    i.HAL_InitTick                           0x08000f20   Section        0  stm32f0xx_hal.o(i.HAL_InitTick)
    i.HAL_MspInit                            0x08000f44   Section        0  stm32f0xx_hal_msp.o(i.HAL_MspInit)
    i.HAL_NVIC_EnableIRQ                     0x08000f7c   Section        0  stm32f0xx_hal_cortex.o(i.HAL_NVIC_EnableIRQ)
    i.HAL_NVIC_SetPriority                   0x08000f90   Section        0  stm32f0xx_hal_cortex.o(i.HAL_NVIC_SetPriority)
    i.HAL_RCCEx_PeriphCLKConfig              0x08000f98   Section        0  stm32f0xx_hal_rcc_ex.o(i.HAL_RCCEx_PeriphCLKConfig)
    i.HAL_RCC_ClockConfig                    0x08001080   Section        0  stm32f0xx_hal_rcc.o(i.HAL_RCC_ClockConfig)
    i.HAL_RCC_GetHCLKFreq                    0x080011ac   Section        0  stm32f0xx_hal_rcc.o(i.HAL_RCC_GetHCLKFreq)
    i.HAL_RCC_GetPCLK1Freq                   0x080011b8   Section        0  stm32f0xx_hal_rcc.o(i.HAL_RCC_GetPCLK1Freq)
    i.HAL_RCC_GetSysClockFreq                0x080011d8   Section        0  stm32f0xx_hal_rcc.o(i.HAL_RCC_GetSysClockFreq)
    i.HAL_RCC_OscConfig                      0x08001250   Section        0  stm32f0xx_hal_rcc.o(i.HAL_RCC_OscConfig)
    i.HAL_SYSTICK_CLKSourceConfig            0x080015a4   Section        0  stm32f0xx_hal_cortex.o(i.HAL_SYSTICK_CLKSourceConfig)
    i.HAL_SYSTICK_Callback                   0x080015bc   Section        0  stm32f0xx_hal_cortex.o(i.HAL_SYSTICK_Callback)
    i.HAL_SYSTICK_Config                     0x080015c0   Section        0  stm32f0xx_hal_cortex.o(i.HAL_SYSTICK_Config)
    i.HAL_SYSTICK_IRQHandler                 0x080015f0   Section        0  stm32f0xx_hal_cortex.o(i.HAL_SYSTICK_IRQHandler)
    i.HAL_UART_DMAStop                       0x080015f8   Section        0  stm32f0xx_hal_uart.o(i.HAL_UART_DMAStop)
    i.HAL_UART_ErrorCallback                 0x08001650   Section        0  stm32f0xx_hal_uart.o(i.HAL_UART_ErrorCallback)
    i.HAL_UART_IRQHandler                    0x08001654   Section        0  stm32f0xx_hal_uart.o(i.HAL_UART_IRQHandler)
    i.HAL_UART_Init                          0x08001768   Section        0  stm32f0xx_hal_uart.o(i.HAL_UART_Init)
    i.HAL_UART_MspInit                       0x080017d4   Section        0  stm32f0xx_hal_msp.o(i.HAL_UART_MspInit)
    i.HAL_UART_Receive_IT                    0x0800182c   Section        0  stm32f0xx_hal_uart.o(i.HAL_UART_Receive_IT)
    i.HAL_UART_Transmit_IT                   0x080018b4   Section        0  stm32f0xx_hal_uart.o(i.HAL_UART_Transmit_IT)
    i.HAL_UART_TxCpltCallback                0x0800190c   Section        0  stm32f0xx_hal_uart.o(i.HAL_UART_TxCpltCallback)
    i.HardFault_Handler                      0x0800190e   Section        0  stm32f0xx_it.o(i.HardFault_Handler)
    i.KeyComMsg                              0x08001910   Section        0  key.o(i.KeyComMsg)
    i.KeyEventPorc                           0x080019b8   Section        0  key.o(i.KeyEventPorc)
    i.KeyScan                                0x08001a78   Section        0  key.o(i.KeyScan)
    i.LevelMode_AudioDeal                    0x08001a84   Section        0  level_fire.o(i.LevelMode_AudioDeal)
    i.Level_Fire_Mode                        0x08001b3c   Section        0  level_fire.o(i.Level_Fire_Mode)
    i.LoadData_to_MC96F_H                    0x08001c2c   Section        0  led_driver.o(i.LoadData_to_MC96F_H)
    i.LoadData_to_MC96F_V                    0x08001c64   Section        0  led_driver.o(i.LoadData_to_MC96F_V)
    i.MC96F6508A_driver                      0x08001c9c   Section        0  led_driver.o(i.MC96F6508A_driver)
    i.MX_ADC_Init                            0x08001d24   Section        0  main.o(i.MX_ADC_Init)
    MX_ADC_Init                              0x08001d25   Thumb Code    96  main.o(i.MX_ADC_Init)
    i.MX_GPIO_Init                           0x08001d8c   Section        0  main.o(i.MX_GPIO_Init)
    MX_GPIO_Init                             0x08001d8d   Thumb Code   152  main.o(i.MX_GPIO_Init)
    i.MX_USART1_UART_Init                    0x08001e30   Section        0  main.o(i.MX_USART1_UART_Init)
    MX_USART1_UART_Init                      0x08001e31   Thumb Code    58  main.o(i.MX_USART1_UART_Init)
    i.MusicMode_AudioDeal                    0x08001e74   Section        0  music_fire.o(i.MusicMode_AudioDeal)
    i.Music_Fire_Mode                        0x08001f50   Section        0  music_fire.o(i.Music_Fire_Mode)
    i.NMI_Handler                            0x08002058   Section        0  stm32f0xx_it.o(i.NMI_Handler)
    i.NVIC_SetPriority                       0x0800205c   Section        0  stm32f0xx_hal_cortex.o(i.NVIC_SetPriority)
    NVIC_SetPriority                         0x0800205d   Thumb Code    60  stm32f0xx_hal_cortex.o(i.NVIC_SetPriority)
    i.Off_Fire_Mode                          0x080020a0   Section        0  led_driver.o(i.Off_Fire_Mode)
    i.PendSV_Handler                         0x080020cc   Section        0  stm32f0xx_it.o(i.PendSV_Handler)
    i.PowerON_Reset                          0x080020d0   Section        0  app_main.o(i.PowerON_Reset)
    i.SVC_Handler                            0x08002128   Section        0  stm32f0xx_it.o(i.SVC_Handler)
    i.Scan_ONOFF                             0x0800212c   Section        0  app_main.o(i.Scan_ONOFF)
    i.SysTick_Handler                        0x0800219c   Section        0  stm32f0xx_it.o(i.SysTick_Handler)
    i.SystemClock_Config                     0x08002224   Section        0  main.o(i.SystemClock_Config)
    i.SystemInit                             0x080022a4   Section        0  system_stm32f0xx.o(i.SystemInit)
    i.UART_AdvFeatureConfig                  0x08002300   Section        0  stm32f0xx_hal_uart.o(i.UART_AdvFeatureConfig)
    i.UART_CheckIdleState                    0x080023ca   Section        0  stm32f0xx_hal_uart.o(i.UART_CheckIdleState)
    i.UART_DMAAbortOnError                   0x080023dc   Section        0  stm32f0xx_hal_uart.o(i.UART_DMAAbortOnError)
    UART_DMAAbortOnError                     0x080023dd   Thumb Code    20  stm32f0xx_hal_uart.o(i.UART_DMAAbortOnError)
    i.UART_EndRxTransfer                     0x080023f0   Section        0  stm32f0xx_hal_uart.o(i.UART_EndRxTransfer)
    UART_EndRxTransfer                       0x080023f1   Thumb Code    30  stm32f0xx_hal_uart.o(i.UART_EndRxTransfer)
    i.UART_EndTransmit_IT                    0x0800240e   Section        0  stm32f0xx_hal_uart.o(i.UART_EndTransmit_IT)
    i.UART_EndTxTransfer                     0x08002428   Section        0  stm32f0xx_hal_uart.o(i.UART_EndTxTransfer)
    UART_EndTxTransfer                       0x08002429   Thumb Code    18  stm32f0xx_hal_uart.o(i.UART_EndTxTransfer)
    i.UART_Receive_IT                        0x0800243a   Section        0  stm32f0xx_hal_uart.o(i.UART_Receive_IT)
    i.UART_SetConfig                         0x08002484   Section        0  stm32f0xx_hal_uart.o(i.UART_SetConfig)
    i.UART_Transmit_IT                       0x08002598   Section        0  stm32f0xx_hal_uart.o(i.UART_Transmit_IT)
    i.USART1_IRQHandler                      0x08002600   Section        0  stm32f0xx_it.o(i.USART1_IRQHandler)
    i.Usart1SendData                         0x08002610   Section        0  bt_mode.o(i.Usart1SendData)
    i.User_UART_Receive_IT                   0x08002648   Section        0  bt_mode.o(i.User_UART_Receive_IT)
    i._Error_Handler                         0x08002670   Section        0  main.o(i._Error_Handler)
    i.__scatterload_copy                     0x08002672   Section       14  handlers.o(i.__scatterload_copy)
    i.__scatterload_null                     0x08002680   Section        2  handlers.o(i.__scatterload_null)
    i.__scatterload_zeroinit                 0x08002682   Section       14  handlers.o(i.__scatterload_zeroinit)
    i.app_main                               0x08002690   Section        0  app_main.o(i.app_main)
    i.h_Big_Fire_Mode                        0x080026f0   Section        0  big_fire.o(i.h_Big_Fire_Mode)
    i.h_Middle_Fire_Mode                     0x080027d8   Section        0  middle_fire.o(i.h_Middle_Fire_Mode)
    i.h_Small_Fire_Mode                      0x080028a8   Section        0  small_fire.o(i.h_Small_Fire_Mode)
    i.h_Wind_Fire_Mode                       0x08002978   Section        0  wind_fire.o(i.h_Wind_Fire_Mode)
    i.main                                   0x08002a3c   Section        0  main.o(i.main)
    i.s_Level_Fire_Mode                      0x08002a7c   Section        0  level_fire.o(i.s_Level_Fire_Mode)
    i.s_Music_Fire_Mode                      0x08002af0   Section        0  music_fire.o(i.s_Music_Fire_Mode)
    .constdata                               0x08002b70   Section      780  big_fire.o(.constdata)
    .constdata                               0x08002e7c   Section     1800  small_fire.o(.constdata)
    .constdata                               0x08003584   Section      720  music_fire.o(.constdata)
    .constdata                               0x08003854   Section      120  led_driver.o(.constdata)
    .constdata                               0x080038cc   Section     1800  level_fire.o(.constdata)
    .constdata                               0x08003fd4   Section     1800  middle_fire.o(.constdata)
    .constdata                               0x080046dc   Section     3000  wind_fire.o(.constdata)
    .constdata                               0x08005294   Section       16  system_stm32f0xx.o(.constdata)
    .constdata                               0x080052a4   Section        8  system_stm32f0xx.o(.constdata)
    .data                                    0x20000000   Section        4  stm32f0xx_hal.o(.data)
    .data                                    0x20000004   Section        8  app_main.o(.data)
    BTPower_c                                0x20000004   Data           1  app_main.o(.data)
    .data                                    0x2000000c   Section        1  app_main.o(.data)
    .data                                    0x2000000d   Section        1  app_main.o(.data)
    .data                                    0x2000000e   Section        1  app_main.o(.data)
    .data                                    0x2000000f   Section        1  bt_mode.o(.data)
    .data                                    0x20000010   Section        4  bt_mode.o(.data)
    ptrReceive                               0x20000012   Data           1  bt_mode.o(.data)
    .data                                    0x20000014   Section        4  h_adc.o(.data)
    dac_i                                    0x20000014   Data           1  h_adc.o(.data)
    .data                                    0x20000018   Section       52  key.o(.data)
    KeyCurValue                              0x20000018   Data           1  key.o(.data)
    KeyLastValue                             0x20000019   Data           1  key.o(.data)
    cntUart_Send                             0x20000020   Data           2  key.o(.data)
    .data                                    0x2000004c   Section        4  big_fire.o(.data)
    .data                                    0x20000050   Section        4  small_fire.o(.data)
    .data                                    0x20000054   Section        6  music_fire.o(.data)
    cntWrite                                 0x20000054   Data           1  music_fire.o(.data)
    .data                                    0x2000005a   Section        2  led_driver.o(.data)
    .data                                    0x2000005c   Section        6  level_fire.o(.data)
    cntDelay                                 0x2000005c   Data           1  level_fire.o(.data)
    .data                                    0x20000062   Section        4  middle_fire.o(.data)
    .data                                    0x20000066   Section        4  wind_fire.o(.data)
    .data                                    0x2000006a   Section        1  stm32f0xx_it.o(.data)
    cntTick                                  0x2000006a   Data           1  stm32f0xx_it.o(.data)
    .data                                    0x2000006c   Section        4  system_stm32f0xx.o(.data)
    .bss                                     0x20000070   Section       90  bt_mode.o(.bss)
    .bss                                     0x200000ca   Section      440  h_adc.o(.bss)
    Audio_Mean_Tab                           0x200000ca   Data         200  h_adc.o(.bss)
    .bss                                     0x20000282   Section      310  music_fire.o(.bss)
    y                                        0x20000282   Data          10  music_fire.o(.bss)
    .bss                                     0x200003b8   Section      180  led_driver.o(.bss)
    .bss                                     0x2000046c   Section      250  level_fire.o(.bss)
    y                                        0x2000046c   Data          10  level_fire.o(.bss)
    .bss                                     0x20000568   Section      188  main.o(.bss)
    .bss                                     0x20000624   Section       68  main.o(.bss)
    STACK                                    0x20000668   Section     1024  startup_stm32f030x6.o(STACK)

    Global Symbols

    Symbol Name                              Value     Ov Type        Size  Object(Section)

    BuildAttributes$$THM_ISAv3M$S$PE$A:L22$X:L11$S22$IEEE1$IW$USESV6$~STKCKD$USESV7$~SHL$OSPACE$EBA8$MICROLIB$REQ8$PRES8$EABIv2 0x00000000   Number         0  anon$$obj.o ABSOLUTE
    __ARM_use_no_argv                        0x00000000   Number         0  main.o ABSOLUTE
    __cpp_initialize__aeabi_                  - Undefined Weak Reference
    __cxa_finalize                            - Undefined Weak Reference
    __decompress                              - Undefined Weak Reference
    _clock_init                               - Undefined Weak Reference
    _microlib_exit                            - Undefined Weak Reference
    __Vectors_Size                           0x000000b0   Number         0  startup_stm32f030x6.o ABSOLUTE
    __Vectors                                0x08000000   Data           4  startup_stm32f030x6.o(RESET)
    __Vectors_End                            0x080000b0   Data           0  startup_stm32f030x6.o(RESET)
    __main                                   0x080000b1   Thumb Code     0  entry.o(.ARM.Collect$$$$00000000)
    _main_stk                                0x080000b1   Thumb Code     0  entry2.o(.ARM.Collect$$$$00000001)
    _main_scatterload                        0x080000b5   Thumb Code     0  entry5.o(.ARM.Collect$$$$00000004)
    __main_after_scatterload                 0x080000b9   Thumb Code     0  entry5.o(.ARM.Collect$$$$00000004)
    _main_clock                              0x080000b9   Thumb Code     0  entry7b.o(.ARM.Collect$$$$00000008)
    _main_cpp_init                           0x080000b9   Thumb Code     0  entry8b.o(.ARM.Collect$$$$0000000A)
    _main_init                               0x080000b9   Thumb Code     0  entry9a.o(.ARM.Collect$$$$0000000B)
    __rt_final_cpp                           0x080000c1   Thumb Code     0  entry10a.o(.ARM.Collect$$$$0000000D)
    __rt_final_exit                          0x080000c1   Thumb Code     0  entry11a.o(.ARM.Collect$$$$0000000F)
    Reset_Handler                            0x080000c5   Thumb Code     8  startup_stm32f030x6.o(.text)
    ADC1_IRQHandler                          0x080000d7   Thumb Code     0  startup_stm32f030x6.o(.text)
    DMA1_Channel2_3_IRQHandler               0x080000d7   Thumb Code     0  startup_stm32f030x6.o(.text)
    DMA1_Channel4_5_IRQHandler               0x080000d7   Thumb Code     0  startup_stm32f030x6.o(.text)
    EXTI0_1_IRQHandler                       0x080000d7   Thumb Code     0  startup_stm32f030x6.o(.text)
    EXTI2_3_IRQHandler                       0x080000d7   Thumb Code     0  startup_stm32f030x6.o(.text)
    EXTI4_15_IRQHandler                      0x080000d7   Thumb Code     0  startup_stm32f030x6.o(.text)
    FLASH_IRQHandler                         0x080000d7   Thumb Code     0  startup_stm32f030x6.o(.text)
    I2C1_IRQHandler                          0x080000d7   Thumb Code     0  startup_stm32f030x6.o(.text)
    RCC_IRQHandler                           0x080000d7   Thumb Code     0  startup_stm32f030x6.o(.text)
    RTC_IRQHandler                           0x080000d7   Thumb Code     0  startup_stm32f030x6.o(.text)
    SPI1_IRQHandler                          0x080000d7   Thumb Code     0  startup_stm32f030x6.o(.text)
    TIM14_IRQHandler                         0x080000d7   Thumb Code     0  startup_stm32f030x6.o(.text)
    TIM16_IRQHandler                         0x080000d7   Thumb Code     0  startup_stm32f030x6.o(.text)
    TIM17_IRQHandler                         0x080000d7   Thumb Code     0  startup_stm32f030x6.o(.text)
    TIM1_BRK_UP_TRG_COM_IRQHandler           0x080000d7   Thumb Code     0  startup_stm32f030x6.o(.text)
    TIM1_CC_IRQHandler                       0x080000d7   Thumb Code     0  startup_stm32f030x6.o(.text)
    TIM3_IRQHandler                          0x080000d7   Thumb Code     0  startup_stm32f030x6.o(.text)
    WWDG_IRQHandler                          0x080000d7   Thumb Code     0  startup_stm32f030x6.o(.text)
    __aeabi_uidiv                            0x080000e1   Thumb Code     0  uidiv.o(.text)
    __aeabi_uidivmod                         0x080000e1   Thumb Code    44  uidiv.o(.text)
    __aeabi_memset                           0x0800010d   Thumb Code    14  memseta.o(.text)
    __aeabi_memset4                          0x0800010d   Thumb Code     0  memseta.o(.text)
    __aeabi_memset8                          0x0800010d   Thumb Code     0  memseta.o(.text)
    __aeabi_memclr                           0x0800011b   Thumb Code     4  memseta.o(.text)
    __aeabi_memclr4                          0x0800011b   Thumb Code     0  memseta.o(.text)
    __aeabi_memclr8                          0x0800011b   Thumb Code     0  memseta.o(.text)
    _memset$wrapper                          0x0800011f   Thumb Code    18  memseta.o(.text)
    __scatterload                            0x08000131   Thumb Code    28  init.o(.text)
    __scatterload_rt2                        0x08000131   Thumb Code     0  init.o(.text)
    ADC_GetBuffer                            0x08000321   Thumb Code    84  h_adc.o(i.ADC_GetBuffer)
    Audio_Average                            0x08000391   Thumb Code   360  h_adc.o(i.Audio_Average)
    BlueMode_Handle                          0x080004fd   Thumb Code     8  bt_mode.o(i.BlueMode_Handle)
    BlueMode_Receive                         0x08000505   Thumb Code   238  bt_mode.o(i.BlueMode_Receive)
    DMA1_Channel1_IRQHandler                 0x08000605   Thumb Code    16  stm32f0xx_it.o(i.DMA1_Channel1_IRQHandler)
    FireMode_Handle                          0x08000669   Thumb Code    72  led_driver.o(i.FireMode_Handle)
    GetKeyValue                              0x080006b5   Thumb Code    22  key.o(i.GetKeyValue)
    HAL_ADCEx_Calibration_Start              0x080006d1   Thumb Code   176  stm32f0xx_hal_adc_ex.o(i.HAL_ADCEx_Calibration_Start)
    HAL_ADC_ConfigChannel                    0x08000781   Thumb Code   254  stm32f0xx_hal_adc.o(i.HAL_ADC_ConfigChannel)
    HAL_ADC_ConvCpltCallback                 0x08000891   Thumb Code     2  stm32f0xx_hal_adc.o(i.HAL_ADC_ConvCpltCallback)
    HAL_ADC_ConvHalfCpltCallback             0x08000893   Thumb Code     2  stm32f0xx_hal_adc.o(i.HAL_ADC_ConvHalfCpltCallback)
    HAL_ADC_ErrorCallback                    0x08000895   Thumb Code     2  stm32f0xx_hal_adc.o(i.HAL_ADC_ErrorCallback)
    HAL_ADC_Init                             0x08000899   Thumb Code   364  stm32f0xx_hal_adc.o(i.HAL_ADC_Init)
    HAL_ADC_MspInit                          0x08000a0d   Thumb Code   104  stm32f0xx_hal_msp.o(i.HAL_ADC_MspInit)
    HAL_ADC_Start_DMA                        0x08000aa1   Thumb Code   144  stm32f0xx_hal_adc.o(i.HAL_ADC_Start_DMA)
    HAL_ADC_Stop_DMA                         0x08000b41   Thumb Code   112  stm32f0xx_hal_adc.o(i.HAL_ADC_Stop_DMA)
    HAL_DMA_Abort                            0x08000bb1   Thumb Code    44  stm32f0xx_hal_dma.o(i.HAL_DMA_Abort)
    HAL_DMA_Abort_IT                         0x08000bdd   Thumb Code    72  stm32f0xx_hal_dma.o(i.HAL_DMA_Abort_IT)
    HAL_DMA_IRQHandler                       0x08000c25   Thumb Code   156  stm32f0xx_hal_dma.o(i.HAL_DMA_IRQHandler)
    HAL_DMA_Init                             0x08000cc1   Thumb Code    84  stm32f0xx_hal_dma.o(i.HAL_DMA_Init)
    HAL_DMA_Start_IT                         0x08000d19   Thumb Code   106  stm32f0xx_hal_dma.o(i.HAL_DMA_Start_IT)
    HAL_GPIO_Init                            0x08000d85   Thumb Code   302  stm32f0xx_hal_gpio.o(i.HAL_GPIO_Init)
    HAL_GPIO_ReadPin                         0x08000ecd   Thumb Code    10  stm32f0xx_hal_gpio.o(i.HAL_GPIO_ReadPin)
    HAL_GPIO_WritePin                        0x08000ed7   Thumb Code    12  stm32f0xx_hal_gpio.o(i.HAL_GPIO_WritePin)
    HAL_GetTick                              0x08000ee5   Thumb Code     6  stm32f0xx_hal.o(i.HAL_GetTick)
    HAL_IncTick                              0x08000ef1   Thumb Code    10  stm32f0xx_hal.o(i.HAL_IncTick)
    HAL_Init                                 0x08000f01   Thumb Code    26  stm32f0xx_hal.o(i.HAL_Init)
    HAL_InitTick                             0x08000f21   Thumb Code    34  stm32f0xx_hal.o(i.HAL_InitTick)
    HAL_MspInit                              0x08000f45   Thumb Code    50  stm32f0xx_hal_msp.o(i.HAL_MspInit)
    HAL_NVIC_EnableIRQ                       0x08000f7d   Thumb Code    14  stm32f0xx_hal_cortex.o(i.HAL_NVIC_EnableIRQ)
    HAL_NVIC_SetPriority                     0x08000f91   Thumb Code     8  stm32f0xx_hal_cortex.o(i.HAL_NVIC_SetPriority)
    HAL_RCCEx_PeriphCLKConfig                0x08000f99   Thumb Code   218  stm32f0xx_hal_rcc_ex.o(i.HAL_RCCEx_PeriphCLKConfig)
    HAL_RCC_ClockConfig                      0x08001081   Thumb Code   280  stm32f0xx_hal_rcc.o(i.HAL_RCC_ClockConfig)
    HAL_RCC_GetHCLKFreq                      0x080011ad   Thumb Code     6  stm32f0xx_hal_rcc.o(i.HAL_RCC_GetHCLKFreq)
    HAL_RCC_GetPCLK1Freq                     0x080011b9   Thumb Code    20  stm32f0xx_hal_rcc.o(i.HAL_RCC_GetPCLK1Freq)
    HAL_RCC_GetSysClockFreq                  0x080011d9   Thumb Code    76  stm32f0xx_hal_rcc.o(i.HAL_RCC_GetSysClockFreq)
    HAL_RCC_OscConfig                        0x08001251   Thumb Code   840  stm32f0xx_hal_rcc.o(i.HAL_RCC_OscConfig)
    HAL_SYSTICK_CLKSourceConfig              0x080015a5   Thumb Code    20  stm32f0xx_hal_cortex.o(i.HAL_SYSTICK_CLKSourceConfig)
    HAL_SYSTICK_Callback                     0x080015bd   Thumb Code     2  stm32f0xx_hal_cortex.o(i.HAL_SYSTICK_Callback)
    HAL_SYSTICK_Config                       0x080015c1   Thumb Code    38  stm32f0xx_hal_cortex.o(i.HAL_SYSTICK_Config)
    HAL_SYSTICK_IRQHandler                   0x080015f1   Thumb Code     8  stm32f0xx_hal_cortex.o(i.HAL_SYSTICK_IRQHandler)
    HAL_UART_DMAStop                         0x080015f9   Thumb Code    88  stm32f0xx_hal_uart.o(i.HAL_UART_DMAStop)
    HAL_UART_ErrorCallback                   0x08001651   Thumb Code     2  stm32f0xx_hal_uart.o(i.HAL_UART_ErrorCallback)
    HAL_UART_IRQHandler                      0x08001655   Thumb Code   272  stm32f0xx_hal_uart.o(i.HAL_UART_IRQHandler)
    HAL_UART_Init                            0x08001769   Thumb Code   108  stm32f0xx_hal_uart.o(i.HAL_UART_Init)
    HAL_UART_MspInit                         0x080017d5   Thumb Code    80  stm32f0xx_hal_msp.o(i.HAL_UART_MspInit)
    HAL_UART_Receive_IT                      0x0800182d   Thumb Code   132  stm32f0xx_hal_uart.o(i.HAL_UART_Receive_IT)
    HAL_UART_Transmit_IT                     0x080018b5   Thumb Code    88  stm32f0xx_hal_uart.o(i.HAL_UART_Transmit_IT)
    HAL_UART_TxCpltCallback                  0x0800190d   Thumb Code     2  stm32f0xx_hal_uart.o(i.HAL_UART_TxCpltCallback)
    HardFault_Handler                        0x0800190f   Thumb Code     2  stm32f0xx_it.o(i.HardFault_Handler)
    KeyComMsg                                0x08001911   Thumb Code   150  key.o(i.KeyComMsg)
    KeyEventPorc                             0x080019b9   Thumb Code   186  key.o(i.KeyEventPorc)
    KeyScan                                  0x08001a79   Thumb Code    12  key.o(i.KeyScan)
    LevelMode_AudioDeal                      0x08001a85   Thumb Code   172  level_fire.o(i.LevelMode_AudioDeal)
    Level_Fire_Mode                          0x08001b3d   Thumb Code   220  level_fire.o(i.Level_Fire_Mode)
    LoadData_to_MC96F_H                      0x08001c2d   Thumb Code    46  led_driver.o(i.LoadData_to_MC96F_H)
    LoadData_to_MC96F_V                      0x08001c65   Thumb Code    46  led_driver.o(i.LoadData_to_MC96F_V)
    MC96F6508A_driver                        0x08001c9d   Thumb Code   116  led_driver.o(i.MC96F6508A_driver)
    MusicMode_AudioDeal                      0x08001e75   Thumb Code   208  music_fire.o(i.MusicMode_AudioDeal)
    Music_Fire_Mode                          0x08001f51   Thumb Code   244  music_fire.o(i.Music_Fire_Mode)
    NMI_Handler                              0x08002059   Thumb Code     2  stm32f0xx_it.o(i.NMI_Handler)
    Off_Fire_Mode                            0x080020a1   Thumb Code    40  led_driver.o(i.Off_Fire_Mode)
    PendSV_Handler                           0x080020cd   Thumb Code     2  stm32f0xx_it.o(i.PendSV_Handler)
    PowerON_Reset                            0x080020d1   Thumb Code    46  app_main.o(i.PowerON_Reset)
    SVC_Handler                              0x08002129   Thumb Code     2  stm32f0xx_it.o(i.SVC_Handler)
    Scan_ONOFF                               0x0800212d   Thumb Code   108  app_main.o(i.Scan_ONOFF)
    SysTick_Handler                          0x0800219d   Thumb Code   104  stm32f0xx_it.o(i.SysTick_Handler)
    SystemClock_Config                       0x08002225   Thumb Code   122  main.o(i.SystemClock_Config)
    SystemInit                               0x080022a5   Thumb Code    78  system_stm32f0xx.o(i.SystemInit)
    UART_AdvFeatureConfig                    0x08002301   Thumb Code   202  stm32f0xx_hal_uart.o(i.UART_AdvFeatureConfig)
    UART_CheckIdleState                      0x080023cb   Thumb Code    18  stm32f0xx_hal_uart.o(i.UART_CheckIdleState)
    UART_EndTransmit_IT                      0x0800240f   Thumb Code    26  stm32f0xx_hal_uart.o(i.UART_EndTransmit_IT)
    UART_Receive_IT                          0x0800243b   Thumb Code    72  stm32f0xx_hal_uart.o(i.UART_Receive_IT)
    UART_SetConfig                           0x08002485   Thumb Code   258  stm32f0xx_hal_uart.o(i.UART_SetConfig)
    UART_Transmit_IT                         0x08002599   Thumb Code   102  stm32f0xx_hal_uart.o(i.UART_Transmit_IT)
    USART1_IRQHandler                        0x08002601   Thumb Code    10  stm32f0xx_it.o(i.USART1_IRQHandler)
    Usart1SendData                           0x08002611   Thumb Code    46  bt_mode.o(i.Usart1SendData)
    User_UART_Receive_IT                     0x08002649   Thumb Code    30  bt_mode.o(i.User_UART_Receive_IT)
    _Error_Handler                           0x08002671   Thumb Code     2  main.o(i._Error_Handler)
    __scatterload_copy                       0x08002673   Thumb Code    14  handlers.o(i.__scatterload_copy)
    __scatterload_null                       0x08002681   Thumb Code     2  handlers.o(i.__scatterload_null)
    __scatterload_zeroinit                   0x08002683   Thumb Code    14  handlers.o(i.__scatterload_zeroinit)
    app_main                                 0x08002691   Thumb Code    84  app_main.o(i.app_main)
    h_Big_Fire_Mode                          0x080026f1   Thumb Code   210  big_fire.o(i.h_Big_Fire_Mode)
    h_Middle_Fire_Mode                       0x080027d9   Thumb Code   186  middle_fire.o(i.h_Middle_Fire_Mode)
    h_Small_Fire_Mode                        0x080028a9   Thumb Code   186  small_fire.o(i.h_Small_Fire_Mode)
    h_Wind_Fire_Mode                         0x08002979   Thumb Code   174  wind_fire.o(i.h_Wind_Fire_Mode)
    main                                     0x08002a3d   Thumb Code    60  main.o(i.main)
    s_Level_Fire_Mode                        0x08002a7d   Thumb Code   102  level_fire.o(i.s_Level_Fire_Mode)
    s_Music_Fire_Mode                        0x08002af1   Thumb Code   116  music_fire.o(i.s_Music_Fire_Mode)
    Big_Fire_tab_array1                      0x08002b70   Data         780  big_fire.o(.constdata)
    Small_Fire_tab_array                     0x08002e7c   Data        1800  small_fire.o(.constdata)
    Music_Fire_tab_array                     0x08003584   Data         720  music_fire.o(.constdata)
    MC96F_Map_Addr_V                         0x08003854   Data          60  led_driver.o(.constdata)
    MC96F_Map_Addr_H                         0x08003890   Data          60  led_driver.o(.constdata)
    Level_Fire_tab_array                     0x080038cc   Data        1800  level_fire.o(.constdata)
    Middle_Fire_tab_array                    0x08003fd4   Data        1800  middle_fire.o(.constdata)
    Wind_Fire_tab_array                      0x080046dc   Data        3000  wind_fire.o(.constdata)
    AHBPrescTable                            0x08005294   Data          16  system_stm32f0xx.o(.constdata)
    APBPrescTable                            0x080052a4   Data           8  system_stm32f0xx.o(.constdata)
    Region$$Table$$Base                      0x080052ac   Number         0  anon$$obj.o(Region$$Table)
    Region$$Table$$Limit                     0x080052cc   Number         0  anon$$obj.o(Region$$Table)
    uwTick                                   0x20000000   Data           4  stm32f0xx_hal.o(.data)
    AppTick1ms                               0x20000005   Data           1  app_main.o(.data)
    AppTick0                                 0x20000006   Data           1  app_main.o(.data)
    AppTick1                                 0x20000007   Data           1  app_main.o(.data)
    AppTick2                                 0x20000008   Data           1  app_main.o(.data)
    AppTick3                                 0x20000009   Data           1  app_main.o(.data)
    PlayMode                                 0x2000000a   Data           1  app_main.o(.data)
    FireMode                                 0x2000000b   Data           1  app_main.o(.data)
    cntAppTick                               0x2000000c   Data           1  app_main.o(.data)
    AppTick5                                 0x2000000d   Data           1  app_main.o(.data)
    FireMode_c                               0x2000000e   Data           1  app_main.o(.data)
    enUart_Send                              0x2000000f   Data           1  bt_mode.o(.data)
    mPtr_Receive                             0x20000010   Data           1  bt_mode.o(.data)
    sPtr_Receive                             0x20000011   Data           1  bt_mode.o(.data)
    Uart1_RX_Timeout                         0x20000013   Data           1  bt_mode.o(.data)
    Adc_Dma_Irq_f                            0x20000015   Data           1  h_adc.o(.data)
    AdcDma_Buf                               0x20000016   Data           2  h_adc.o(.data)
    gbKeyPress                               0x2000001a   Data           1  key.o(.data)
    gbKeyNone                                0x2000001b   Data           1  key.o(.data)
    KeyValue                                 0x2000001c   Data           1  key.o(.data)
    KeyEvent                                 0x2000001d   Data           1  key.o(.data)
    cntKeyLoop                               0x2000001e   Data           1  key.o(.data)
    cntKeyLong                               0x2000001f   Data           1  key.o(.data)
    SyncNum_Table                            0x20000022   Data          42  key.o(.data)
    Big_index_run                            0x2000004c   Data           1  big_fire.o(.data)
    Big_Mirror                               0x2000004d   Data           1  big_fire.o(.data)
    Big_Speed_cnt                            0x2000004e   Data           1  big_fire.o(.data)
    Big_shift_cnt                            0x2000004f   Data           1  big_fire.o(.data)
    Small_mirror                             0x20000050   Data           1  small_fire.o(.data)
    Small_speed_cnt                          0x20000051   Data           1  small_fire.o(.data)
    Small_shift_cnt                          0x20000052   Data           1  small_fire.o(.data)
    mSmall_index_run                         0x20000053   Data           1  small_fire.o(.data)
    mMusic_Mirror                            0x20000055   Data           1  music_fire.o(.data)
    mMusic_speed_cnt                         0x20000056   Data           1  music_fire.o(.data)
    mMusic_index_run                         0x20000057   Data           1  music_fire.o(.data)
    cntMusic_none                            0x20000058   Data           2  music_fire.o(.data)
    send_index                               0x2000005a   Data           1  led_driver.o(.data)
    send_enable                              0x2000005b   Data           1  led_driver.o(.data)
    mLevel_mirror                            0x2000005d   Data           1  level_fire.o(.data)
    mLevel_speed_cnt                         0x2000005e   Data           1  level_fire.o(.data)
    mLevel_index_run                         0x2000005f   Data           1  level_fire.o(.data)
    cntLevel_none                            0x20000060   Data           2  level_fire.o(.data)
    mMiddle_mirror                           0x20000062   Data           1  middle_fire.o(.data)
    mMiddle_speed_cnt                        0x20000063   Data           1  middle_fire.o(.data)
    mMiddle_shift_cnt                        0x20000064   Data           1  middle_fire.o(.data)
    mMiddle_index_run                        0x20000065   Data           1  middle_fire.o(.data)
    Wind_mirror                              0x20000066   Data           1  wind_fire.o(.data)
    Wind_shift_cnt                           0x20000067   Data           1  wind_fire.o(.data)
    Wind_speed_cnt                           0x20000068   Data           1  wind_fire.o(.data)
    Wind_index_run                           0x20000069   Data           1  wind_fire.o(.data)
    SystemCoreClock                          0x2000006c   Data           4  system_stm32f0xx.o(.data)
    BT_ReceiveBuffer                         0x20000070   Data          30  bt_mode.o(.bss)
    Uart1_ReceiveBuffer                      0x2000008e   Data          30  bt_mode.o(.bss)
    Uart1_TransmitBuffer                     0x200000ac   Data          30  bt_mode.o(.bss)
    AdcDma_Data                              0x20000192   Data         200  h_adc.o(.bss)
    Audio_Mean                               0x2000025a   Data          20  h_adc.o(.bss)
    AdcAudio_Data                            0x2000026e   Data          20  h_adc.o(.bss)
    mMusic_Map_Tab                           0x2000028c   Data         120  music_fire.o(.bss)
    sMusic_Map_Tab                           0x20000304   Data         120  music_fire.o(.bss)
    Fire_Data_H_temp                         0x2000037c   Data          60  music_fire.o(.bss)
    Fire_Data_H                              0x200003b8   Data          60  led_driver.o(.bss)
    Fire_Data_V                              0x200003f4   Data          60  led_driver.o(.bss)
    PwmDuty                                  0x20000430   Data          60  led_driver.o(.bss)
    mLevle_Map_Tab                           0x20000476   Data         120  level_fire.o(.bss)
    sLevle_Map_Tab                           0x200004ee   Data         120  level_fire.o(.bss)
    hadc                                     0x20000568   Data          76  main.o(.bss)
    huart1                                   0x200005b4   Data         112  main.o(.bss)
    hdma_adc                                 0x20000624   Data          68  main.o(.bss)
    __initial_sp                             0x20000a68   Data           0  startup_stm32f030x6.o(STACK)



==============================================================================

Memory Map of the image

  Image Entry point : 0x080000b1

  Load Region LR_IROM1 (Base: 0x08000000, Size: 0x0000533c, Max: 0x00008000, ABSOLUTE)

    Execution Region ER_IROM1 (Exec base: 0x08000000, Load base: 0x08000000, Size: 0x000052cc, Max: 0x00008000, ABSOLUTE)

    Exec Addr    Load Addr    Size         Type   Attr      Idx    E Section Name        Object

    0x08000000   0x08000000   0x000000b0   Data   RO            3    RESET               startup_stm32f030x6.o
    0x080000b0   0x080000b0   0x00000000   Code   RO         2574  * .ARM.Collect$$$$00000000  mc_p.l(entry.o)
    0x080000b0   0x080000b0   0x00000004   Code   RO         2583    .ARM.Collect$$$$00000001  mc_p.l(entry2.o)
    0x080000b4   0x080000b4   0x00000004   Code   RO         2586    .ARM.Collect$$$$00000004  mc_p.l(entry5.o)
    0x080000b8   0x080000b8   0x00000000   Code   RO         2588    .ARM.Collect$$$$00000008  mc_p.l(entry7b.o)
    0x080000b8   0x080000b8   0x00000000   Code   RO         2590    .ARM.Collect$$$$0000000A  mc_p.l(entry8b.o)
    0x080000b8   0x080000b8   0x00000008   Code   RO         2591    .ARM.Collect$$$$0000000B  mc_p.l(entry9a.o)
    0x080000c0   0x080000c0   0x00000000   Code   RO         2593    .ARM.Collect$$$$0000000D  mc_p.l(entry10a.o)
    0x080000c0   0x080000c0   0x00000000   Code   RO         2595    .ARM.Collect$$$$0000000F  mc_p.l(entry11a.o)
    0x080000c0   0x080000c0   0x00000004   Code   RO         2584    .ARM.Collect$$$$00002712  mc_p.l(entry2.o)
    0x080000c4   0x080000c4   0x0000001c   Code   RO            4    .text               startup_stm32f030x6.o
    0x080000e0   0x080000e0   0x0000002c   Code   RO         2577    .text               mc_p.l(uidiv.o)
    0x0800010c   0x0800010c   0x00000024   Code   RO         2581    .text               mc_p.l(memseta.o)
    0x08000130   0x08000130   0x00000024   Code   RO         2597    .text               mc_p.l(init.o)
    0x08000154   0x08000154   0x00000052   Code   RO          203    i.ADC_ConversionStop  stm32f0xx_hal_adc.o
    0x080001a6   0x080001a6   0x0000006c   Code   RO          204    i.ADC_DMAConvCplt   stm32f0xx_hal_adc.o
    0x08000212   0x08000212   0x0000001a   Code   RO          205    i.ADC_DMAError      stm32f0xx_hal_adc.o
    0x0800022c   0x0800022c   0x0000000a   Code   RO          206    i.ADC_DMAHalfConvCplt  stm32f0xx_hal_adc.o
    0x08000236   0x08000236   0x00000066   Code   RO          207    i.ADC_Disable       stm32f0xx_hal_adc.o
    0x0800029c   0x0800029c   0x00000084   Code   RO          208    i.ADC_Enable        stm32f0xx_hal_adc.o
    0x08000320   0x08000320   0x00000070   Code   RO         2072    i.ADC_GetBuffer     h_adc.o
    0x08000390   0x08000390   0x0000016c   Code   RO         2073    i.Audio_Average     h_adc.o
    0x080004fc   0x080004fc   0x00000008   Code   RO         2021    i.BlueMode_Handle   bt_mode.o
    0x08000504   0x08000504   0x00000100   Code   RO         2022    i.BlueMode_Receive  bt_mode.o
    0x08000604   0x08000604   0x00000018   Code   RO         2436    i.DMA1_Channel1_IRQHandler  stm32f0xx_it.o
    0x0800061c   0x0800061c   0x00000024   Code   RO           12    i.DMA_CalcBaseAndBitshift  stm32f0xx_hal_dma.o
    0x08000640   0x08000640   0x00000028   Code   RO           13    i.DMA_SetConfig     stm32f0xx_hal_dma.o
    0x08000668   0x08000668   0x0000004c   Code   RO         2238    i.FireMode_Handle   led_driver.o
    0x080006b4   0x080006b4   0x0000001c   Code   RO         2105    i.GetKeyValue       key.o
    0x080006d0   0x080006d0   0x000000b0   Code   RO         1843    i.HAL_ADCEx_Calibration_Start  stm32f0xx_hal_adc_ex.o
    0x08000780   0x08000780   0x00000110   Code   RO          210    i.HAL_ADC_ConfigChannel  stm32f0xx_hal_adc.o
    0x08000890   0x08000890   0x00000002   Code   RO          211    i.HAL_ADC_ConvCpltCallback  stm32f0xx_hal_adc.o
    0x08000892   0x08000892   0x00000002   Code   RO          212    i.HAL_ADC_ConvHalfCpltCallback  stm32f0xx_hal_adc.o
    0x08000894   0x08000894   0x00000002   Code   RO          214    i.HAL_ADC_ErrorCallback  stm32f0xx_hal_adc.o
    0x08000896   0x08000896   0x00000002   PAD
    0x08000898   0x08000898   0x00000174   Code   RO          219    i.HAL_ADC_Init      stm32f0xx_hal_adc.o
    0x08000a0c   0x08000a0c   0x00000094   Code   RO         2498    i.HAL_ADC_MspInit   stm32f0xx_hal_msp.o
    0x08000aa0   0x08000aa0   0x000000a0   Code   RO          226    i.HAL_ADC_Start_DMA  stm32f0xx_hal_adc.o
    0x08000b40   0x08000b40   0x00000070   Code   RO          229    i.HAL_ADC_Stop_DMA  stm32f0xx_hal_adc.o
    0x08000bb0   0x08000bb0   0x0000002c   Code   RO           14    i.HAL_DMA_Abort     stm32f0xx_hal_dma.o
    0x08000bdc   0x08000bdc   0x00000048   Code   RO           15    i.HAL_DMA_Abort_IT  stm32f0xx_hal_dma.o
    0x08000c24   0x08000c24   0x0000009c   Code   RO           19    i.HAL_DMA_IRQHandler  stm32f0xx_hal_dma.o
    0x08000cc0   0x08000cc0   0x00000058   Code   RO           20    i.HAL_DMA_Init      stm32f0xx_hal_dma.o
    0x08000d18   0x08000d18   0x0000006a   Code   RO           24    i.HAL_DMA_Start_IT  stm32f0xx_hal_dma.o
    0x08000d82   0x08000d82   0x00000002   PAD
    0x08000d84   0x08000d84   0x00000148   Code   RO         1880    i.HAL_GPIO_Init     stm32f0xx_hal_gpio.o
    0x08000ecc   0x08000ecc   0x0000000a   Code   RO         1882    i.HAL_GPIO_ReadPin  stm32f0xx_hal_gpio.o
    0x08000ed6   0x08000ed6   0x0000000c   Code   RO         1884    i.HAL_GPIO_WritePin  stm32f0xx_hal_gpio.o
    0x08000ee2   0x08000ee2   0x00000002   PAD
    0x08000ee4   0x08000ee4   0x0000000c   Code   RO         1432    i.HAL_GetTick       stm32f0xx_hal.o
    0x08000ef0   0x08000ef0   0x00000010   Code   RO         1436    i.HAL_IncTick       stm32f0xx_hal.o
    0x08000f00   0x08000f00   0x00000020   Code   RO         1437    i.HAL_Init          stm32f0xx_hal.o
    0x08000f20   0x08000f20   0x00000022   Code   RO         1438    i.HAL_InitTick      stm32f0xx_hal.o
    0x08000f42   0x08000f42   0x00000002   PAD
    0x08000f44   0x08000f44   0x00000038   Code   RO         2499    i.HAL_MspInit       stm32f0xx_hal_msp.o
    0x08000f7c   0x08000f7c   0x00000014   Code   RO         1751    i.HAL_NVIC_EnableIRQ  stm32f0xx_hal_cortex.o
    0x08000f90   0x08000f90   0x00000008   Code   RO         1755    i.HAL_NVIC_SetPriority  stm32f0xx_hal_cortex.o
    0x08000f98   0x08000f98   0x000000e8   Code   RO         1719    i.HAL_RCCEx_PeriphCLKConfig  stm32f0xx_hal_rcc_ex.o
    0x08001080   0x08001080   0x0000012c   Code   RO         1181    i.HAL_RCC_ClockConfig  stm32f0xx_hal_rcc.o
    0x080011ac   0x080011ac   0x0000000c   Code   RO         1186    i.HAL_RCC_GetHCLKFreq  stm32f0xx_hal_rcc.o
    0x080011b8   0x080011b8   0x00000020   Code   RO         1188    i.HAL_RCC_GetPCLK1Freq  stm32f0xx_hal_rcc.o
    0x080011d8   0x080011d8   0x00000078   Code   RO         1189    i.HAL_RCC_GetSysClockFreq  stm32f0xx_hal_rcc.o
    0x08001250   0x08001250   0x00000354   Code   RO         1192    i.HAL_RCC_OscConfig  stm32f0xx_hal_rcc.o
    0x080015a4   0x080015a4   0x00000018   Code   RO         1757    i.HAL_SYSTICK_CLKSourceConfig  stm32f0xx_hal_cortex.o
    0x080015bc   0x080015bc   0x00000002   Code   RO         1758    i.HAL_SYSTICK_Callback  stm32f0xx_hal_cortex.o
    0x080015be   0x080015be   0x00000002   PAD
    0x080015c0   0x080015c0   0x00000030   Code   RO         1759    i.HAL_SYSTICK_Config  stm32f0xx_hal_cortex.o
    0x080015f0   0x080015f0   0x00000008   Code   RO         1760    i.HAL_SYSTICK_IRQHandler  stm32f0xx_hal_cortex.o
    0x080015f8   0x080015f8   0x00000058   Code   RO          397    i.HAL_UART_DMAStop  stm32f0xx_hal_uart.o
    0x08001650   0x08001650   0x00000002   Code   RO          399    i.HAL_UART_ErrorCallback  stm32f0xx_hal_uart.o
    0x08001652   0x08001652   0x00000002   PAD
    0x08001654   0x08001654   0x00000114   Code   RO          402    i.HAL_UART_IRQHandler  stm32f0xx_hal_uart.o
    0x08001768   0x08001768   0x0000006c   Code   RO          403    i.HAL_UART_Init     stm32f0xx_hal_uart.o
    0x080017d4   0x080017d4   0x00000058   Code   RO         2501    i.HAL_UART_MspInit  stm32f0xx_hal_msp.o
    0x0800182c   0x0800182c   0x00000088   Code   RO          408    i.HAL_UART_Receive_IT  stm32f0xx_hal_uart.o
    0x080018b4   0x080018b4   0x00000058   Code   RO          413    i.HAL_UART_Transmit_IT  stm32f0xx_hal_uart.o
    0x0800190c   0x0800190c   0x00000002   Code   RO          414    i.HAL_UART_TxCpltCallback  stm32f0xx_hal_uart.o
    0x0800190e   0x0800190e   0x00000002   Code   RO         2437    i.HardFault_Handler  stm32f0xx_it.o
    0x08001910   0x08001910   0x000000a8   Code   RO         2106    i.KeyComMsg         key.o
    0x080019b8   0x080019b8   0x000000c0   Code   RO         2107    i.KeyEventPorc      key.o
    0x08001a78   0x08001a78   0x0000000c   Code   RO         2108    i.KeyScan           key.o
    0x08001a84   0x08001a84   0x000000b8   Code   RO         2298    i.LevelMode_AudioDeal  level_fire.o
    0x08001b3c   0x08001b3c   0x000000f0   Code   RO         2299    i.Level_Fire_Mode   level_fire.o
    0x08001c2c   0x08001c2c   0x00000038   Code   RO         2239    i.LoadData_to_MC96F_H  led_driver.o
    0x08001c64   0x08001c64   0x00000038   Code   RO         2240    i.LoadData_to_MC96F_V  led_driver.o
    0x08001c9c   0x08001c9c   0x00000088   Code   RO         2241    i.MC96F6508A_driver  led_driver.o
    0x08001d24   0x08001d24   0x00000068   Code   RO         2385    i.MX_ADC_Init       main.o
    0x08001d8c   0x08001d8c   0x000000a4   Code   RO         2386    i.MX_GPIO_Init      main.o
    0x08001e30   0x08001e30   0x00000044   Code   RO         2387    i.MX_USART1_UART_Init  main.o
    0x08001e74   0x08001e74   0x000000dc   Code   RO         2201    i.MusicMode_AudioDeal  music_fire.o
    0x08001f50   0x08001f50   0x00000108   Code   RO         2202    i.Music_Fire_Mode   music_fire.o
    0x08002058   0x08002058   0x00000002   Code   RO         2438    i.NMI_Handler       stm32f0xx_it.o
    0x0800205a   0x0800205a   0x00000002   PAD
    0x0800205c   0x0800205c   0x00000044   Code   RO         1761    i.NVIC_SetPriority  stm32f0xx_hal_cortex.o
    0x080020a0   0x080020a0   0x0000002c   Code   RO         2242    i.Off_Fire_Mode     led_driver.o
    0x080020cc   0x080020cc   0x00000002   Code   RO         2439    i.PendSV_Handler    stm32f0xx_it.o
    0x080020ce   0x080020ce   0x00000002   PAD
    0x080020d0   0x080020d0   0x00000058   Code   RO         1939    i.PowerON_Reset     app_main.o
    0x08002128   0x08002128   0x00000002   Code   RO         2440    i.SVC_Handler       stm32f0xx_it.o
    0x0800212a   0x0800212a   0x00000002   PAD
    0x0800212c   0x0800212c   0x00000070   Code   RO         1940    i.Scan_ONOFF        app_main.o
    0x0800219c   0x0800219c   0x00000088   Code   RO         2441    i.SysTick_Handler   stm32f0xx_it.o
    0x08002224   0x08002224   0x00000080   Code   RO         2388    i.SystemClock_Config  main.o
    0x080022a4   0x080022a4   0x0000005c   Code   RO         2543    i.SystemInit        system_stm32f0xx.o
    0x08002300   0x08002300   0x000000ca   Code   RO          416    i.UART_AdvFeatureConfig  stm32f0xx_hal_uart.o
    0x080023ca   0x080023ca   0x00000012   Code   RO          417    i.UART_CheckIdleState  stm32f0xx_hal_uart.o
    0x080023dc   0x080023dc   0x00000014   Code   RO          418    i.UART_DMAAbortOnError  stm32f0xx_hal_uart.o
    0x080023f0   0x080023f0   0x0000001e   Code   RO          428    i.UART_EndRxTransfer  stm32f0xx_hal_uart.o
    0x0800240e   0x0800240e   0x0000001a   Code   RO          429    i.UART_EndTransmit_IT  stm32f0xx_hal_uart.o
    0x08002428   0x08002428   0x00000012   Code   RO          430    i.UART_EndTxTransfer  stm32f0xx_hal_uart.o
    0x0800243a   0x0800243a   0x00000048   Code   RO          431    i.UART_Receive_IT   stm32f0xx_hal_uart.o
    0x08002482   0x08002482   0x00000002   PAD
    0x08002484   0x08002484   0x00000114   Code   RO          432    i.UART_SetConfig    stm32f0xx_hal_uart.o
    0x08002598   0x08002598   0x00000066   Code   RO          433    i.UART_Transmit_IT  stm32f0xx_hal_uart.o
    0x080025fe   0x080025fe   0x00000002   PAD
    0x08002600   0x08002600   0x00000010   Code   RO         2442    i.USART1_IRQHandler  stm32f0xx_it.o
    0x08002610   0x08002610   0x00000038   Code   RO         2023    i.Usart1SendData    bt_mode.o
    0x08002648   0x08002648   0x00000028   Code   RO         2024    i.User_UART_Receive_IT  bt_mode.o
    0x08002670   0x08002670   0x00000002   Code   RO         2389    i._Error_Handler    main.o
    0x08002672   0x08002672   0x0000000e   Code   RO         2601    i.__scatterload_copy  mc_p.l(handlers.o)
    0x08002680   0x08002680   0x00000002   Code   RO         2602    i.__scatterload_null  mc_p.l(handlers.o)
    0x08002682   0x08002682   0x0000000e   Code   RO         2603    i.__scatterload_zeroinit  mc_p.l(handlers.o)
    0x08002690   0x08002690   0x00000060   Code   RO         1941    i.app_main          app_main.o
    0x080026f0   0x080026f0   0x000000e8   Code   RO         2146    i.h_Big_Fire_Mode   big_fire.o
    0x080027d8   0x080027d8   0x000000d0   Code   RO         2335    i.h_Middle_Fire_Mode  middle_fire.o
    0x080028a8   0x080028a8   0x000000d0   Code   RO         2172    i.h_Small_Fire_Mode  small_fire.o
    0x08002978   0x08002978   0x000000c4   Code   RO         2361    i.h_Wind_Fire_Mode  wind_fire.o
    0x08002a3c   0x08002a3c   0x00000040   Code   RO         2390    i.main              main.o
    0x08002a7c   0x08002a7c   0x00000074   Code   RO         2300    i.s_Level_Fire_Mode  level_fire.o
    0x08002af0   0x08002af0   0x00000080   Code   RO         2203    i.s_Music_Fire_Mode  music_fire.o
    0x08002b70   0x08002b70   0x0000030c   Data   RO         2147    .constdata          big_fire.o
    0x08002e7c   0x08002e7c   0x00000708   Data   RO         2173    .constdata          small_fire.o
    0x08003584   0x08003584   0x000002d0   Data   RO         2205    .constdata          music_fire.o
    0x08003854   0x08003854   0x00000078   Data   RO         2246    .constdata          led_driver.o
    0x080038cc   0x080038cc   0x00000708   Data   RO         2302    .constdata          level_fire.o
    0x08003fd4   0x08003fd4   0x00000708   Data   RO         2336    .constdata          middle_fire.o
    0x080046dc   0x080046dc   0x00000bb8   Data   RO         2362    .constdata          wind_fire.o
    0x08005294   0x08005294   0x00000010   Data   RO         2544    .constdata          system_stm32f0xx.o
    0x080052a4   0x080052a4   0x00000008   Data   RO         2545    .constdata          system_stm32f0xx.o
    0x080052ac   0x080052ac   0x00000020   Data   RO         2599    Region$$Table       anon$$obj.o


    Execution Region RW_IRAM1 (Exec base: 0x20000000, Load base: 0x080052cc, Size: 0x00000a68, Max: 0x00001000, ABSOLUTE)

    Exec Addr    Load Addr    Size         Type   Attr      Idx    E Section Name        Object

    0x20000000   0x080052cc   0x00000004   Data   RW         1443    .data               stm32f0xx_hal.o
    0x20000004   0x080052d0   0x00000008   Data   RW         1942    .data               app_main.o
    0x2000000c   0x080052d8   0x00000001   Data   RW         1943    .data               app_main.o
    0x2000000d   0x080052d9   0x00000001   Data   RW         1945    .data               app_main.o
    0x2000000e   0x080052da   0x00000001   Data   RW         1946    .data               app_main.o
    0x2000000f   0x080052db   0x00000001   Data   RW         2026    .data               bt_mode.o
    0x20000010   0x080052dc   0x00000004   Data   RW         2027    .data               bt_mode.o
    0x20000014   0x080052e0   0x00000004   Data   RW         2075    .data               h_adc.o
    0x20000018   0x080052e4   0x00000034   Data   RW         2109    .data               key.o
    0x2000004c   0x08005318   0x00000004   Data   RW         2149    .data               big_fire.o
    0x20000050   0x0800531c   0x00000004   Data   RW         2174    .data               small_fire.o
    0x20000054   0x08005320   0x00000006   Data   RW         2206    .data               music_fire.o
    0x2000005a   0x08005326   0x00000002   Data   RW         2248    .data               led_driver.o
    0x2000005c   0x08005328   0x00000006   Data   RW         2303    .data               level_fire.o
    0x20000062   0x0800532e   0x00000004   Data   RW         2337    .data               middle_fire.o
    0x20000066   0x08005332   0x00000004   Data   RW         2363    .data               wind_fire.o
    0x2000006a   0x08005336   0x00000001   Data   RW         2443    .data               stm32f0xx_it.o
    0x2000006b   0x08005337   0x00000001   PAD
    0x2000006c   0x08005338   0x00000004   Data   RW         2546    .data               system_stm32f0xx.o
    0x20000070        -       0x0000005a   Zero   RW         2025    .bss                bt_mode.o
    0x200000ca        -       0x000001b8   Zero   RW         2074    .bss                h_adc.o
    0x20000282        -       0x00000136   Zero   RW         2204    .bss                music_fire.o
    0x200003b8        -       0x000000b4   Zero   RW         2244    .bss                led_driver.o
    0x2000046c        -       0x000000fa   Zero   RW         2301    .bss                level_fire.o
    0x20000566   0x0800533c   0x00000002   PAD
    0x20000568        -       0x000000bc   Zero   RW         2391    .bss                main.o
    0x20000624        -       0x00000044   Zero   RW         2392    .bss                main.o
    0x20000668        -       0x00000400   Zero   RW            1    STACK               startup_stm32f030x6.o


==============================================================================

Image component sizes


      Code (inc. data)   RO Data    RW Data    ZI Data      Debug   Object Name

       296         58          0         11          0       3406   app_main.o
       232         22        780          4          0       1603   big_fire.o
       360         38          0          5         90       3201   bt_mode.o
       476         32          0          4        440       2176   h_adc.o
       400         30          0         52          0       3024   key.o
       368         48        120          2        180       3822   led_driver.o
       540         46       1800          6        250       3087   level_fire.o
       530         40          0          0        256       4152   main.o
       208         22       1800          4          0       1655   middle_fire.o
       612         44        720          6        310       3120   music_fire.o
       208         22       1800          4          0       1619   small_fire.o
        28          8        176          0       1024        644   startup_stm32f030x6.o
        94         18          0          4          0       3151   stm32f0xx_hal.o
      1382         54          0          0          0       9936   stm32f0xx_hal_adc.o
       176          0          0          0          0       1414   stm32f0xx_hal_adc_ex.o
       178         28          0          0          0      10647   stm32f0xx_hal_cortex.o
       542         14          0          0          0     244606   stm32f0xx_hal_dma.o
       350         26          0          0          0       2923   stm32f0xx_hal_gpio.o
       292         58          0          0          0       2238   stm32f0xx_hal_msp.o
      1316         94          0          0          0       5093   stm32f0xx_hal_rcc.o
       232         14          0          0          0       1392   stm32f0xx_hal_rcc_ex.o
      1464         26          0          0          0      11725   stm32f0xx_hal_uart.o
       184         46          0          1          0       3218   stm32f0xx_it.o
        92         14         24          4          0       1183   system_stm32f0xx.o
       196         22       3000          4          0       1482   wind_fire.o

    ----------------------------------------------------------------------
     10778        824      10252        112       2552     330517   Object Totals
         0          0         32          0          0          0   (incl. Generated)
        22          0          0          1          2          0   (incl. Padding)

    ----------------------------------------------------------------------

      Code (inc. data)   RO Data    RW Data    ZI Data      Debug   Library Member Name

         0          0          0          0          0          0   entry.o
         0          0          0          0          0          0   entry10a.o
         0          0          0          0          0          0   entry11a.o
         8          4          0          0          0          0   entry2.o
         4          0          0          0          0          0   entry5.o
         0          0          0          0          0          0   entry7b.o
         0          0          0          0          0          0   entry8b.o
         8          4          0          0          0          0   entry9a.o
        30          0          0          0          0          0   handlers.o
        36          8          0          0          0         68   init.o
        36          0          0          0          0        100   memseta.o
        44          0          0          0          0         72   uidiv.o

    ----------------------------------------------------------------------
       166         16          0          0          0        240   Library Totals
         0          0          0          0          0          0   (incl. Padding)

    ----------------------------------------------------------------------

      Code (inc. data)   RO Data    RW Data    ZI Data      Debug   Library Name

       166         16          0          0          0        240   mc_p.l

    ----------------------------------------------------------------------
       166         16          0          0          0        240   Library Totals

    ----------------------------------------------------------------------

==============================================================================


      Code (inc. data)   RO Data    RW Data    ZI Data      Debug   

     10944        840      10252        112       2552     326597   Grand Totals
     10944        840      10252        112       2552     326597   ELF Image Totals
     10944        840      10252        112          0          0   ROM Totals

==============================================================================

    Total RO  Size (Code + RO Data)                21196 (  20.70kB)
    Total RW  Size (RW Data + ZI Data)              2664 (   2.60kB)
    Total ROM Size (Code + RO Data + RW Data)      21308 (  20.81kB)

==============================================================================

