Component: ARM Compiler 5.06 update 6 (build 750) Tool: armlink [4d35ed]

==============================================================================

Section Cross References

    startup_stm32f030x6.o(RESET) refers to startup_stm32f030x6.o(STACK) for __initial_sp
    startup_stm32f030x6.o(RESET) refers to startup_stm32f030x6.o(.text) for Reset_Handler
    startup_stm32f030x6.o(RESET) refers to stm32f0xx_it.o(i.NMI_Handler) for NMI_Handler
    startup_stm32f030x6.o(RESET) refers to stm32f0xx_it.o(i.HardFault_Handler) for HardFault_Handler
    startup_stm32f030x6.o(RESET) refers to stm32f0xx_it.o(i.SVC_Handler) for SVC_Handler
    startup_stm32f030x6.o(RESET) refers to stm32f0xx_it.o(i.PendSV_Handler) for PendSV_Handler
    startup_stm32f030x6.o(RESET) refers to stm32f0xx_it.o(i.SysTick_Handler) for SysTick_Handler
    startup_stm32f030x6.o(RESET) refers to stm32f0xx_it.o(i.DMA1_Channel1_IRQHandler) for DMA1_Channel1_IRQHandler
    startup_stm32f030x6.o(RESET) refers to stm32f0xx_it.o(i.DMA1_Channel2_3_IRQHandler) for DMA1_Channel2_3_IRQHandler
    startup_stm32f030x6.o(RESET) refers to stm32f0xx_it.o(i.USART1_IRQHandler) for USART1_IRQHandler
    startup_stm32f030x6.o(.text) refers to system_stm32f0xx.o(i.SystemInit) for SystemInit
    startup_stm32f030x6.o(.text) refers to entry.o(.ARM.Collect$$$$00000000) for __main
    stm32f0xx_hal_dma.o(i.DMA_CalcBaseAndBitshift) refers to uidiv.o(.text) for __aeabi_uidivmod
    stm32f0xx_hal_dma.o(i.HAL_DMA_DeInit) refers to stm32f0xx_hal_dma.o(i.DMA_CalcBaseAndBitshift) for DMA_CalcBaseAndBitshift
    stm32f0xx_hal_dma.o(i.HAL_DMA_Init) refers to stm32f0xx_hal_dma.o(i.DMA_CalcBaseAndBitshift) for DMA_CalcBaseAndBitshift
    stm32f0xx_hal_dma.o(i.HAL_DMA_PollForTransfer) refers to stm32f0xx_hal.o(i.HAL_GetTick) for HAL_GetTick
    stm32f0xx_hal_dma.o(i.HAL_DMA_Start) refers to stm32f0xx_hal_dma.o(i.DMA_SetConfig) for DMA_SetConfig
    stm32f0xx_hal_dma.o(i.HAL_DMA_Start_IT) refers to stm32f0xx_hal_dma.o(i.DMA_SetConfig) for DMA_SetConfig
    stm32f0xx_hal_dma.o(i.HAL_DMA_UnRegisterCallback) refers to stm32f0xx_hal_dma.o(i.__ARM_common_switch8) for __ARM_common_switch8
    stm32f0xx_hal_adc.o(i.ADC_ConversionStop) refers to stm32f0xx_hal.o(i.HAL_GetTick) for HAL_GetTick
    stm32f0xx_hal_adc.o(i.ADC_DMAConvCplt) refers to stm32f0xx_hal_adc.o(i.HAL_ADC_ConvCpltCallback) for HAL_ADC_ConvCpltCallback
    stm32f0xx_hal_adc.o(i.ADC_DMAError) refers to stm32f0xx_hal_adc.o(i.HAL_ADC_ErrorCallback) for HAL_ADC_ErrorCallback
    stm32f0xx_hal_adc.o(i.ADC_DMAHalfConvCplt) refers to stm32f0xx_hal_adc.o(i.HAL_ADC_ConvHalfCpltCallback) for HAL_ADC_ConvHalfCpltCallback
    stm32f0xx_hal_adc.o(i.ADC_Disable) refers to stm32f0xx_hal.o(i.HAL_GetTick) for HAL_GetTick
    stm32f0xx_hal_adc.o(i.ADC_Enable) refers to uidiv.o(.text) for __aeabi_uidivmod
    stm32f0xx_hal_adc.o(i.ADC_Enable) refers to stm32f0xx_hal.o(i.HAL_GetTick) for HAL_GetTick
    stm32f0xx_hal_adc.o(i.ADC_Enable) refers to system_stm32f0xx.o(.data) for SystemCoreClock
    stm32f0xx_hal_adc.o(i.HAL_ADC_ConfigChannel) refers to uidiv.o(.text) for __aeabi_uidivmod
    stm32f0xx_hal_adc.o(i.HAL_ADC_ConfigChannel) refers to system_stm32f0xx.o(.data) for SystemCoreClock
    stm32f0xx_hal_adc.o(i.HAL_ADC_DeInit) refers to stm32f0xx_hal_adc.o(i.ADC_ConversionStop) for ADC_ConversionStop
    stm32f0xx_hal_adc.o(i.HAL_ADC_DeInit) refers to stm32f0xx_hal_msp.o(i.HAL_ADC_MspDeInit) for HAL_ADC_MspDeInit
    stm32f0xx_hal_adc.o(i.HAL_ADC_DeInit) refers to stm32f0xx_hal_adc.o(i.ADC_Disable) for ADC_Disable
    stm32f0xx_hal_adc.o(i.HAL_ADC_IRQHandler) refers to stm32f0xx_hal_adc.o(i.HAL_ADC_ConvCpltCallback) for HAL_ADC_ConvCpltCallback
    stm32f0xx_hal_adc.o(i.HAL_ADC_IRQHandler) refers to stm32f0xx_hal_adc.o(i.HAL_ADC_LevelOutOfWindowCallback) for HAL_ADC_LevelOutOfWindowCallback
    stm32f0xx_hal_adc.o(i.HAL_ADC_IRQHandler) refers to stm32f0xx_hal_adc.o(i.HAL_ADC_ErrorCallback) for HAL_ADC_ErrorCallback
    stm32f0xx_hal_adc.o(i.HAL_ADC_Init) refers to stm32f0xx_hal_msp.o(i.HAL_ADC_MspInit) for HAL_ADC_MspInit
    stm32f0xx_hal_adc.o(i.HAL_ADC_PollForConversion) refers to stm32f0xx_hal.o(i.HAL_GetTick) for HAL_GetTick
    stm32f0xx_hal_adc.o(i.HAL_ADC_PollForEvent) refers to stm32f0xx_hal.o(i.HAL_GetTick) for HAL_GetTick
    stm32f0xx_hal_adc.o(i.HAL_ADC_Start) refers to stm32f0xx_hal_adc.o(i.ADC_Enable) for ADC_Enable
    stm32f0xx_hal_adc.o(i.HAL_ADC_Start_DMA) refers to stm32f0xx_hal_adc.o(i.ADC_Enable) for ADC_Enable
    stm32f0xx_hal_adc.o(i.HAL_ADC_Start_DMA) refers to stm32f0xx_hal_dma.o(i.HAL_DMA_Start_IT) for HAL_DMA_Start_IT
    stm32f0xx_hal_adc.o(i.HAL_ADC_Start_DMA) refers to stm32f0xx_hal_adc.o(i.ADC_DMAConvCplt) for ADC_DMAConvCplt
    stm32f0xx_hal_adc.o(i.HAL_ADC_Start_DMA) refers to stm32f0xx_hal_adc.o(i.ADC_DMAHalfConvCplt) for ADC_DMAHalfConvCplt
    stm32f0xx_hal_adc.o(i.HAL_ADC_Start_DMA) refers to stm32f0xx_hal_adc.o(i.ADC_DMAError) for ADC_DMAError
[...]
    Removing stm32f0xx_hal_i2c.o(i.HAL_I2C_MasterTxCpltCallback), (2 bytes).
    Removing stm32f0xx_hal_i2c.o(i.HAL_I2C_Master_Abort_IT), (88 bytes).
    Removing stm32f0xx_hal_i2c.o(i.HAL_I2C_Master_Receive), (280 bytes).
    Removing stm32f0xx_hal_i2c.o(i.HAL_I2C_Master_Receive_DMA), (236 bytes).
    Removing stm32f0xx_hal_i2c.o(i.HAL_I2C_Master_Receive_IT), (124 bytes).
    Removing stm32f0xx_hal_i2c.o(i.HAL_I2C_Master_Sequential_Receive_IT), (116 bytes).
    Removing stm32f0xx_hal_i2c.o(i.HAL_I2C_Master_Sequential_Transmit_IT), (116 bytes).
    Removing stm32f0xx_hal_i2c.o(i.HAL_I2C_Master_Transmit), (280 bytes).
    Removing stm32f0xx_hal_i2c.o(i.HAL_I2C_Master_Transmit_DMA), (240 bytes).
    Removing stm32f0xx_hal_i2c.o(i.HAL_I2C_Master_Transmit_IT), (124 bytes).
    Removing stm32f0xx_hal_i2c.o(i.HAL_I2C_MemRxCpltCallback), (2 bytes).
    Removing stm32f0xx_hal_i2c.o(i.HAL_I2C_MemTxCpltCallback), (2 bytes).
    Removing stm32f0xx_hal_i2c.o(i.HAL_I2C_Mem_Read), (344 bytes).
    Removing stm32f0xx_hal_i2c.o(i.HAL_I2C_Mem_Read_DMA), (248 bytes).
    Removing stm32f0xx_hal_i2c.o(i.HAL_I2C_Mem_Read_IT), (188 bytes).
    Removing stm32f0xx_hal_i2c.o(i.HAL_I2C_Mem_Write), (340 bytes).
    Removing stm32f0xx_hal_i2c.o(i.HAL_I2C_Mem_Write_DMA), (244 bytes).
    Removing stm32f0xx_hal_i2c.o(i.HAL_I2C_Mem_Write_IT), (184 bytes).
    Removing stm32f0xx_hal_i2c.o(i.HAL_I2C_MspDeInit), (2 bytes).
    Removing stm32f0xx_hal_i2c.o(i.HAL_I2C_MspInit), (2 bytes).
    Removing stm32f0xx_hal_i2c.o(i.HAL_I2C_SlaveRxCpltCallback), (2 bytes).
    Removing stm32f0xx_hal_i2c.o(i.HAL_I2C_SlaveTxCpltCallback), (2 bytes).
    Removing stm32f0xx_hal_i2c.o(i.HAL_I2C_Slave_Receive), (292 bytes).
    Removing stm32f0xx_hal_i2c.o(i.HAL_I2C_Slave_Receive_DMA), (156 bytes).
    Removing stm32f0xx_hal_i2c.o(i.HAL_I2C_Slave_Receive_IT), (88 bytes).
    Removing stm32f0xx_hal_i2c.o(i.HAL_I2C_Slave_Sequential_Receive_IT), (144 bytes).
    Removing stm32f0xx_hal_i2c.o(i.HAL_I2C_Slave_Sequential_Transmit_IT), (144 bytes).
    Removing stm32f0xx_hal_i2c.o(i.HAL_I2C_Slave_Transmit), (300 bytes).
    Removing stm32f0xx_hal_i2c.o(i.HAL_I2C_Slave_Transmit_DMA), (156 bytes).
    Removing stm32f0xx_hal_i2c.o(i.HAL_I2C_Slave_Transmit_IT), (88 bytes).
    Removing stm32f0xx_hal_i2c.o(i.I2C_DMAAbort), (52 bytes).
    Removing stm32f0xx_hal_i2c.o(i.I2C_DMAError), (24 bytes).
    Removing stm32f0xx_hal_i2c.o(i.I2C_DMAMasterReceiveCplt), (68 bytes).
    Removing stm32f0xx_hal_i2c.o(i.I2C_DMAMasterTransmitCplt), (68 bytes).
    Removing stm32f0xx_hal_i2c.o(i.I2C_DMASlaveReceiveCplt), (2 bytes).
    Removing stm32f0xx_hal_i2c.o(i.I2C_DMASlaveTransmitCplt), (2 bytes).
    Removing stm32f0xx_hal_i2c.o(i.I2C_Disable_IRQ), (86 bytes).
    Removing stm32f0xx_hal_i2c.o(i.I2C_Enable_IRQ), (100 bytes).
    Removing stm32f0xx_hal_i2c.o(i.I2C_Flush_TXDR), (34 bytes).
    Removing stm32f0xx_hal_i2c.o(i.I2C_ITAddrCplt), (122 bytes).
    Removing stm32f0xx_hal_i2c.o(i.I2C_ITError), (204 bytes).
    Removing stm32f0xx_hal_i2c.o(i.I2C_ITListenCplt), (96 bytes).
    Removing stm32f0xx_hal_i2c.o(i.I2C_ITMasterCplt), (160 bytes).
    Removing stm32f0xx_hal_i2c.o(i.I2C_ITMasterSequentialCplt), (70 bytes).
    Removing stm32f0xx_hal_i2c.o(i.I2C_ITSlaveCplt), (232 bytes).
    Removing stm32f0xx_hal_i2c.o(i.I2C_ITSlaveSequentialCplt), (74 bytes).
    Removing stm32f0xx_hal_i2c.o(i.I2C_IsAcknowledgeFailed), (116 bytes).
    Removing stm32f0xx_hal_i2c.o(i.I2C_Master_ISR_DMA), (194 bytes).
    Removing stm32f0xx_hal_i2c.o(i.I2C_Master_ISR_IT), (296 bytes).
    Removing stm32f0xx_hal_i2c.o(i.I2C_RequestMemoryRead), (106 bytes).
    Removing stm32f0xx_hal_i2c.o(i.I2C_RequestMemoryWrite), (106 bytes).
    Removing stm32f0xx_hal_i2c.o(i.I2C_Slave_ISR_DMA), (104 bytes).
    Removing stm32f0xx_hal_i2c.o(i.I2C_Slave_ISR_IT), (280 bytes).
    Removing stm32f0xx_hal_i2c.o(i.I2C_TransferConfig), (36 bytes).
    Removing stm32f0xx_hal_i2c.o(i.I2C_WaitOnFlagUntilTimeout), (72 bytes).
    Removing stm32f0xx_hal_i2c.o(i.I2C_WaitOnRXNEFlagUntilTimeout), (120 bytes).
    Removing stm32f0xx_hal_i2c.o(i.I2C_WaitOnSTOPFlagUntilTimeout), (78 bytes).
    Removing stm32f0xx_hal_i2c.o(i.I2C_WaitOnTXISFlagUntilTimeout), (82 bytes).
    Removing stm32f0xx_hal_tim_ex.o(.rev16_text), (4 bytes).
    Removing stm32f0xx_hal_tim_ex.o(.revsh_text), (4 bytes).
    Removing stm32f0xx_hal_uart_ex.o(.rev16_text), (4 bytes).
    Removing stm32f0xx_hal_uart_ex.o(.revsh_text), (4 bytes).
    Removing stm32f0xx_hal_uart_ex.o(i.HAL_MultiProcessorEx_AddressLength_Set), (54 bytes).
    Removing stm32f0xx_hal_uart_ex.o(i.HAL_RS485Ex_Init), (144 bytes).
    Removing stm32f0xx_hal_rcc.o(.rev16_text), (4 bytes).
    Removing stm32f0xx_hal_rcc.o(.revsh_text), (4 bytes).
    Removing stm32f0xx_hal_rcc.o(i.HAL_RCC_CSSCallback), (2 bytes).
    Removing stm32f0xx_hal_rcc.o(i.HAL_RCC_DeInit), (76 bytes).
    Removing stm32f0xx_hal_rcc.o(i.HAL_RCC_DisableCSS), (20 bytes).
    Removing stm32f0xx_hal_rcc.o(i.HAL_RCC_EnableCSS), (20 bytes).
    Removing stm32f0xx_hal_rcc.o(i.HAL_RCC_GetClockConfig), (56 bytes).
    Removing stm32f0xx_hal_rcc.o(i.HAL_RCC_GetOscConfig), (156 bytes).
    Removing stm32f0xx_hal_rcc.o(i.HAL_RCC_MCOConfig), (80 bytes).
    Removing stm32f0xx_hal_rcc.o(i.HAL_RCC_NMI_IRQHandler), (24 bytes).
    Removing stm32f0xx_hal_i2c_ex.o(.rev16_text), (4 bytes).
    Removing stm32f0xx_hal_i2c_ex.o(.revsh_text), (4 bytes).
    Removing stm32f0xx_hal_i2c_ex.o(i.HAL_I2CEx_ConfigAnalogFilter), (74 bytes).
    Removing stm32f0xx_hal_i2c_ex.o(i.HAL_I2CEx_ConfigDigitalFilter), (72 bytes).
    Removing stm32f0xx_hal_i2c_ex.o(i.HAL_I2CEx_DisableFastModePlus), (36 bytes).
    Removing stm32f0xx_hal_i2c_ex.o(i.HAL_I2CEx_EnableFastModePlus), (36 bytes).
    Removing stm32f0xx_hal_flash.o(.rev16_text), (4 bytes).
    Removing stm32f0xx_hal_flash.o(.revsh_text), (4 bytes).
    Removing stm32f0xx_hal_flash.o(i.FLASH_Program_HalfWord), (32 bytes).
    Removing stm32f0xx_hal_flash.o(i.FLASH_SetErrorCode), (56 bytes).
    Removing stm32f0xx_hal_flash.o(i.FLASH_WaitForLastOperation), (80 bytes).
    Removing stm32f0xx_hal_flash.o(i.HAL_FLASH_EndOfOperationCallback), (2 bytes).
    Removing stm32f0xx_hal_flash.o(i.HAL_FLASH_GetError), (12 bytes).
    Removing stm32f0xx_hal_flash.o(i.HAL_FLASH_IRQHandler), (268 bytes).
    Removing stm32f0xx_hal_flash.o(i.HAL_FLASH_Lock), (20 bytes).
    Removing stm32f0xx_hal_flash.o(i.HAL_FLASH_OB_Launch), (32 bytes).
    Removing stm32f0xx_hal_flash.o(i.HAL_FLASH_OB_Lock), (20 bytes).
    Removing stm32f0xx_hal_flash.o(i.HAL_FLASH_OB_Unlock), (36 bytes).
    Removing stm32f0xx_hal_flash.o(i.HAL_FLASH_OperationErrorCallback), (2 bytes).
    Removing stm32f0xx_hal_flash.o(i.HAL_FLASH_Program), (124 bytes).
    Removing stm32f0xx_hal_flash.o(i.HAL_FLASH_Program_IT), (100 bytes).
    Removing stm32f0xx_hal_flash.o(i.HAL_FLASH_Unlock), (36 bytes).
    Removing stm32f0xx_hal_flash.o(.bss), (32 bytes).
    Removing stm32f0xx_hal_tim.o(.rev16_text), (4 bytes).
    Removing stm32f0xx_hal_tim.o(.revsh_text), (4 bytes).
    Removing stm32f0xx_hal.o(.rev16_text), (4 bytes).
    Removing stm32f0xx_hal.o(.revsh_text), (4 bytes).
    Removing stm32f0xx_hal.o(i.HAL_DBGMCU_DisableDBGStandbyMode), (16 bytes).
    Removing stm32f0xx_hal.o(i.HAL_DBGMCU_DisableDBGStopMode), (16 bytes).
    Removing stm32f0xx_hal.o(i.HAL_DBGMCU_EnableDBGStandbyMode), (16 bytes).
    Removing stm32f0xx_hal.o(i.HAL_DBGMCU_EnableDBGStopMode), (16 bytes).
    Removing stm32f0xx_hal.o(i.HAL_DeInit), (36 bytes).
    Removing stm32f0xx_hal.o(i.HAL_Delay), (28 bytes).
    Removing stm32f0xx_hal.o(i.HAL_GetDEVID), (16 bytes).
    Removing stm32f0xx_hal.o(i.HAL_GetHalVersion), (8 bytes).
    Removing stm32f0xx_hal.o(i.HAL_GetREVID), (12 bytes).
    Removing stm32f0xx_hal.o(i.HAL_GetUIDw0), (12 bytes).
    Removing stm32f0xx_hal.o(i.HAL_GetUIDw1), (12 bytes).
    Removing stm32f0xx_hal.o(i.HAL_GetUIDw2), (12 bytes).
    Removing stm32f0xx_hal.o(i.HAL_MspDeInit), (2 bytes).
    Removing stm32f0xx_hal.o(i.HAL_MspInit), (2 bytes).
    Removing stm32f0xx_hal.o(i.HAL_ResumeTick), (16 bytes).
    Removing stm32f0xx_hal.o(i.HAL_SuspendTick), (16 bytes).
    Removing stm32f0xx_hal_pwr.o(.rev16_text), (4 bytes).
    Removing stm32f0xx_hal_pwr.o(.revsh_text), (4 bytes).
    Removing stm32f0xx_hal_pwr.o(i.HAL_PWR_DeInit), (24 bytes).
    Removing stm32f0xx_hal_pwr.o(i.HAL_PWR_DisableBkUpAccess), (16 bytes).
    Removing stm32f0xx_hal_pwr.o(i.HAL_PWR_DisableSEVOnPend), (16 bytes).
    Removing stm32f0xx_hal_pwr.o(i.HAL_PWR_DisableSleepOnExit), (16 bytes).
    Removing stm32f0xx_hal_pwr.o(i.HAL_PWR_DisableWakeUpPin), (16 bytes).
    Removing stm32f0xx_hal_pwr.o(i.HAL_PWR_EnableBkUpAccess), (16 bytes).
    Removing stm32f0xx_hal_pwr.o(i.HAL_PWR_EnableSEVOnPend), (16 bytes).
    Removing stm32f0xx_hal_pwr.o(i.HAL_PWR_EnableSleepOnExit), (16 bytes).
    Removing stm32f0xx_hal_pwr.o(i.HAL_PWR_EnableWakeUpPin), (16 bytes).
    Removing stm32f0xx_hal_pwr.o(i.HAL_PWR_EnterSLEEPMode), (32 bytes).
    Removing stm32f0xx_hal_pwr.o(i.HAL_PWR_EnterSTANDBYMode), (32 bytes).
    Removing stm32f0xx_hal_pwr.o(i.HAL_PWR_EnterSTOPMode), (52 bytes).
    Removing stm32f0xx_hal_flash_ex.o(.rev16_text), (4 bytes).
    Removing stm32f0xx_hal_flash_ex.o(.revsh_text), (4 bytes).
    Removing stm32f0xx_hal_flash_ex.o(i.FLASH_MassErase), (36 bytes).
    Removing stm32f0xx_hal_flash_ex.o(i.FLASH_OB_GetRDP), (32 bytes).
    Removing stm32f0xx_hal_flash_ex.o(i.FLASH_OB_RDP_LevelConfig), (96 bytes).
    Removing stm32f0xx_hal_flash_ex.o(i.FLASH_PageErase), (36 bytes).
    Removing stm32f0xx_hal_flash_ex.o(i.HAL_FLASHEx_Erase), (160 bytes).
    Removing stm32f0xx_hal_flash_ex.o(i.HAL_FLASHEx_Erase_IT), (88 bytes).
    Removing stm32f0xx_hal_flash_ex.o(i.HAL_FLASHEx_OBErase), (80 bytes).
    Removing stm32f0xx_hal_flash_ex.o(i.HAL_FLASHEx_OBGetConfig), (36 bytes).
    Removing stm32f0xx_hal_flash_ex.o(i.HAL_FLASHEx_OBGetUserData), (28 bytes).
    Removing stm32f0xx_hal_flash_ex.o(i.HAL_FLASHEx_OBProgram), (328 bytes).
    Removing stm32f0xx_hal_rcc_ex.o(.rev16_text), (4 bytes).
    Removing stm32f0xx_hal_rcc_ex.o(.revsh_text), (4 bytes).
    Removing stm32f0xx_hal_rcc_ex.o(i.HAL_RCCEx_GetPeriphCLKConfig), (44 bytes).
    Removing stm32f0xx_hal_rcc_ex.o(i.HAL_RCCEx_GetPeriphCLKFreq), (156 bytes).
    Removing stm32f0xx_hal_cortex.o(.rev16_text), (4 bytes).
    Removing stm32f0xx_hal_cortex.o(.revsh_text), (4 bytes).
    Removing stm32f0xx_hal_cortex.o(i.HAL_NVIC_ClearPendingIRQ), (20 bytes).
    Removing stm32f0xx_hal_cortex.o(i.HAL_NVIC_DisableIRQ), (20 bytes).
    Removing stm32f0xx_hal_cortex.o(i.HAL_NVIC_GetPendingIRQ), (28 bytes).
    Removing stm32f0xx_hal_cortex.o(i.HAL_NVIC_GetPriority), (52 bytes).
    Removing stm32f0xx_hal_cortex.o(i.HAL_NVIC_SetPendingIRQ), (20 bytes).
    Removing stm32f0xx_hal_cortex.o(i.HAL_NVIC_SystemReset), (28 bytes).
    Removing stm32f0xx_hal_adc_ex.o(.rev16_text), (4 bytes).
    Removing stm32f0xx_hal_adc_ex.o(.revsh_text), (4 bytes).
    Removing stm32f0xx_hal_adc_ex.o(i.HAL_ADCEx_Calibration_Start), (176 bytes).
    Removing stm32f0xx_hal_pwr_ex.o(.rev16_text), (4 bytes).
    Removing stm32f0xx_hal_pwr_ex.o(.revsh_text), (4 bytes).
    Removing stm32f0xx_hal_gpio.o(.rev16_text), (4 bytes).
    Removing stm32f0xx_hal_gpio.o(.revsh_text), (4 bytes).
    Removing stm32f0xx_hal_gpio.o(i.HAL_GPIO_DeInit), (212 bytes).
    Removing stm32f0xx_hal_gpio.o(i.HAL_GPIO_EXTI_Callback), (2 bytes).
    Removing stm32f0xx_hal_gpio.o(i.HAL_GPIO_EXTI_IRQHandler), (24 bytes).
    Removing stm32f0xx_hal_gpio.o(i.HAL_GPIO_LockPin), (36 bytes).
    Removing stm32f0xx_hal_gpio.o(i.HAL_GPIO_TogglePin), (8 bytes).
    Removing app_main.o(.rev16_text), (4 bytes).
    Removing app_main.o(.revsh_text), (4 bytes).
    Removing app_main.o(.data), (1 bytes).
    Removing app_main.o(.data), (1 bytes).
    Removing app_main.o(.data), (2 bytes).
    Removing app_main.o(.data), (1 bytes).
    Removing app_main.o(.data), (1 bytes).
    Removing app_main.o(.data), (1 bytes).
    Removing app_main.o(.data), (1 bytes).
    Removing bt_mode.o(.rev16_text), (4 bytes).
    Removing bt_mode.o(.revsh_text), (4 bytes).
    Removing bt_mode.o(i.BT_Send_Command), (2 bytes).
    Removing bt_mode.o(i.char_to_bcd), (34 bytes).
    Removing bt_mode.o(i.hex_to_char), (34 bytes).
    Removing bt_mode.o(.bss), (100 bytes).
    Removing io_iic.o(.rev16_text), (4 bytes).
    Removing io_iic.o(.revsh_text), (4 bytes).
    Removing key.o(.rev16_text), (4 bytes).
    Removing key.o(.revsh_text), (4 bytes).
    Removing key.o(.constdata), (2 bytes).
    Removing key.o(.constdata), (2 bytes).
    Removing key.o(.data), (2 bytes).
    Removing key.o(.data), (1 bytes).
    Removing rgb.o(.rev16_text), (4 bytes).
    Removing rgb.o(.revsh_text), (4 bytes).
    Removing rgb.o(i.led_color_campFire), (2 bytes).
    Removing rgb.o(.bss), (110 bytes).
    Removing rgb.o(.bss), (110 bytes).
    Removing rgb.o(.bss), (1440 bytes).
    Removing rgb.o(.data), (8 bytes).
    Removing rgb.o(.data), (12 bytes).
    Removing rgb.o(.data), (12 bytes).
    Removing rgb.o(.data), (12 bytes).
    Removing rgb.o(.data), (12 bytes).
    Removing rgb.o(.data), (36 bytes).
    Removing rgb.o(.data), (36 bytes).
    Removing rgb_flashing.o(.rev16_text), (4 bytes).
    Removing rgb_flashing.o(.revsh_text), (4 bytes).
    Removing sn3236.o(.rev16_text), (4 bytes).
    Removing sn3236.o(.revsh_text), (4 bytes).
    Removing sn3236.o(.data), (1 bytes).
    Removing main.o(.rev16_text), (4 bytes).
    Removing main.o(.revsh_text), (4 bytes).
    Removing stm32f0xx_it.o(.rev16_text), (4 bytes).
    Removing stm32f0xx_it.o(.revsh_text), (4 bytes).
    Removing stm32f0xx_hal_msp.o(.rev16_text), (4 bytes).
    Removing stm32f0xx_hal_msp.o(.revsh_text), (4 bytes).
    Removing stm32f0xx_hal_msp.o(i.HAL_ADC_MspDeInit), (48 bytes).
    Removing stm32f0xx_hal_msp.o(i.HAL_UART_MspDeInit), (64 bytes).
    Removing system_stm32f0xx.o(.rev16_text), (4 bytes).
    Removing system_stm32f0xx.o(.revsh_text), (4 bytes).
    Removing system_stm32f0xx.o(i.SystemCoreClockUpdate), (108 bytes).
    Removing stm32f0xx_hal_dma.o(i.__ARM_common_switch8), (26 bytes).

298 unused section(s) (total 19148 bytes) removed from the image.

==============================================================================

Image Symbol Table

    Local Symbols

    Symbol Name                              Value     Ov Type        Size  Object(Section)

    ..//Src/system_stm32f0xx.c               0x00000000   Number         0  system_stm32f0xx.o ABSOLUTE
    ../Drivers/STM32F0xx_HAL_Driver/Src/stm32f0xx_hal.c 0x00000000   Number         0  stm32f0xx_hal.o ABSOLUTE
    ../Drivers/STM32F0xx_HAL_Driver/Src/stm32f0xx_hal_adc.c 0x00000000   Number         0  stm32f0xx_hal_adc.o ABSOLUTE
    ../Drivers/STM32F0xx_HAL_Driver/Src/stm32f0xx_hal_adc_ex.c 0x00000000   Number         0  stm32f0xx_hal_adc_ex.o ABSOLUTE
    ../Drivers/STM32F0xx_HAL_Driver/Src/stm32f0xx_hal_cortex.c 0x00000000   Number         0  stm32f0xx_hal_cortex.o ABSOLUTE
    ../Drivers/STM32F0xx_HAL_Driver/Src/stm32f0xx_hal_dma.c 0x00000000   Number         0  stm32f0xx_hal_dma.o ABSOLUTE
    ../Drivers/STM32F0xx_HAL_Driver/Src/stm32f0xx_hal_flash.c 0x00000000   Number         0  stm32f0xx_hal_flash.o ABSOLUTE
    ../Drivers/STM32F0xx_HAL_Driver/Src/stm32f0xx_hal_flash_ex.c 0x00000000   Number         0  stm32f0xx_hal_flash_ex.o ABSOLUTE
    ../Drivers/STM32F0xx_HAL_Driver/Src/stm32f0xx_hal_gpio.c 0x00000000   Number         0  stm32f0xx_hal_gpio.o ABSOLUTE
    ../Drivers/STM32F0xx_HAL_Driver/Src/stm32f0xx_hal_i2c.c 0x00000000   Number         0  stm32f0xx_hal_i2c.o ABSOLUTE
    ../Drivers/STM32F0xx_HAL_Driver/Src/stm32f0xx_hal_i2c_ex.c 0x00000000   Number         0  stm32f0xx_hal_i2c_ex.o ABSOLUTE
    ../Drivers/STM32F0xx_HAL_Driver/Src/stm32f0xx_hal_pwr.c 0x00000000   Number         0  stm32f0xx_hal_pwr.o ABSOLUTE
    ../Drivers/STM32F0xx_HAL_Driver/Src/stm32f0xx_hal_pwr_ex.c 0x00000000   Number         0  stm32f0xx_hal_pwr_ex.o ABSOLUTE
    ../Drivers/STM32F0xx_HAL_Driver/Src/stm32f0xx_hal_rcc.c 0x00000000   Number         0  stm32f0xx_hal_rcc.o ABSOLUTE
    ../Drivers/STM32F0xx_HAL_Driver/Src/stm32f0xx_hal_rcc_ex.c 0x00000000   Number         0  stm32f0xx_hal_rcc_ex.o ABSOLUTE
    ../Drivers/STM32F0xx_HAL_Driver/Src/stm32f0xx_hal_tim.c 0x00000000   Number         0  stm32f0xx_hal_tim.o ABSOLUTE
    ../Drivers/STM32F0xx_HAL_Driver/Src/stm32f0xx_hal_tim_ex.c 0x00000000   Number         0  stm32f0xx_hal_tim_ex.o ABSOLUTE
    ../Drivers/STM32F0xx_HAL_Driver/Src/stm32f0xx_hal_uart.c 0x00000000   Number         0  stm32f0xx_hal_uart.o ABSOLUTE
    ../Drivers/STM32F0xx_HAL_Driver/Src/stm32f0xx_hal_uart_ex.c 0x00000000   Number         0  stm32f0xx_hal_uart_ex.o ABSOLUTE
    ../Src/main.c                            0x00000000   Number         0  main.o ABSOLUTE
    ../Src/stm32f0xx_hal_msp.c               0x00000000   Number         0  stm32f0xx_hal_msp.o ABSOLUTE
    ../Src/stm32f0xx_it.c                    0x00000000   Number         0  stm32f0xx_it.o ABSOLUTE
    ../clib/microlib/division.c              0x00000000   Number         0  uidiv.o ABSOLUTE
    ../clib/microlib/init/entry.s            0x00000000   Number         0  entry8b.o ABSOLUTE
    ../clib/microlib/init/entry.s            0x00000000   Number         0  entry7b.o ABSOLUTE
    ../clib/microlib/init/entry.s            0x00000000   Number         0  entry7a.o ABSOLUTE
    ../clib/microlib/init/entry.s            0x00000000   Number         0  entry5.o ABSOLUTE
    ../clib/microlib/init/entry.s            0x00000000   Number         0  entry9a.o ABSOLUTE
    ../clib/microlib/init/entry.s            0x00000000   Number         0  entry11b.o ABSOLUTE
    ../clib/microlib/init/entry.s            0x00000000   Number         0  entry2.o ABSOLUTE
    ../clib/microlib/init/entry.s            0x00000000   Number         0  entry8a.o ABSOLUTE
    ../clib/microlib/init/entry.s            0x00000000   Number         0  entry.o ABSOLUTE
    ../clib/microlib/init/entry.s            0x00000000   Number         0  entry10b.o ABSOLUTE
    ../clib/microlib/init/entry.s            0x00000000   Number         0  entry11a.o ABSOLUTE
    ../clib/microlib/init/entry.s            0x00000000   Number         0  entry10a.o ABSOLUTE
    ../clib/microlib/init/entry.s            0x00000000   Number         0  entry9b.o ABSOLUTE
    ../clib/microlib/longlong.c              0x00000000   Number         0  llushr.o ABSOLUTE
    ../clib/microlib/string/memset.c         0x00000000   Number         0  memseta.o ABSOLUTE
    ..\App\IO_IIC.c                          0x00000000   Number         0  io_iic.o ABSOLUTE
    ..\App\Key.c                             0x00000000   Number         0  key.o ABSOLUTE
    ..\App\SN3236.c                          0x00000000   Number         0  sn3236.o ABSOLUTE
    ..\App\app_main.c                        0x00000000   Number         0  app_main.o ABSOLUTE
    ..\App\bt_mode.c                         0x00000000   Number         0  bt_mode.o ABSOLUTE
    ..\App\rgb.c                             0x00000000   Number         0  rgb.o ABSOLUTE
    ..\App\rgb_flashing.c                    0x00000000   Number         0  rgb_flashing.o ABSOLUTE
    ..\Drivers\STM32F0xx_HAL_Driver\Src\stm32f0xx_hal.c 0x00000000   Number         0  stm32f0xx_hal.o ABSOLUTE
    ..\Drivers\STM32F0xx_HAL_Driver\Src\stm32f0xx_hal_adc.c 0x00000000   Number         0  stm32f0xx_hal_adc.o ABSOLUTE
    ..\Drivers\STM32F0xx_HAL_Driver\Src\stm32f0xx_hal_adc_ex.c 0x00000000   Number         0  stm32f0xx_hal_adc_ex.o ABSOLUTE
    ..\Drivers\STM32F0xx_HAL_Driver\Src\stm32f0xx_hal_cortex.c 0x00000000   Number         0  stm32f0xx_hal_cortex.o ABSOLUTE
    ..\Drivers\STM32F0xx_HAL_Driver\Src\stm32f0xx_hal_dma.c 0x00000000   Number         0  stm32f0xx_hal_dma.o ABSOLUTE
    ..\Drivers\STM32F0xx_HAL_Driver\Src\stm32f0xx_hal_flash.c 0x00000000   Number         0  stm32f0xx_hal_flash.o ABSOLUTE
    ..\Drivers\STM32F0xx_HAL_Driver\Src\stm32f0xx_hal_flash_ex.c 0x00000000   Number         0  stm32f0xx_hal_flash_ex.o ABSOLUTE
    ..\Drivers\STM32F0xx_HAL_Driver\Src\stm32f0xx_hal_gpio.c 0x00000000   Number         0  stm32f0xx_hal_gpio.o ABSOLUTE
    ..\Drivers\STM32F0xx_HAL_Driver\Src\stm32f0xx_hal_i2c.c 0x00000000   Number         0  stm32f0xx_hal_i2c.o ABSOLUTE
    ..\Drivers\STM32F0xx_HAL_Driver\Src\stm32f0xx_hal_i2c_ex.c 0x00000000   Number         0  stm32f0xx_hal_i2c_ex.o ABSOLUTE
    ..\Drivers\STM32F0xx_HAL_Driver\Src\stm32f0xx_hal_pwr.c 0x00000000   Number         0  stm32f0xx_hal_pwr.o ABSOLUTE
    ..\Drivers\STM32F0xx_HAL_Driver\Src\stm32f0xx_hal_pwr_ex.c 0x00000000   Number         0  stm32f0xx_hal_pwr_ex.o ABSOLUTE
    ..\Drivers\STM32F0xx_HAL_Driver\Src\stm32f0xx_hal_rcc.c 0x00000000   Number         0  stm32f0xx_hal_rcc.o ABSOLUTE
    ..\Drivers\STM32F0xx_HAL_Driver\Src\stm32f0xx_hal_rcc_ex.c 0x00000000   Number         0  stm32f0xx_hal_rcc_ex.o ABSOLUTE
    ..\Drivers\STM32F0xx_HAL_Driver\Src\stm32f0xx_hal_tim.c 0x00000000   Number         0  stm32f0xx_hal_tim.o ABSOLUTE
    ..\Drivers\STM32F0xx_HAL_Driver\Src\stm32f0xx_hal_tim_ex.c 0x00000000   Number         0  stm32f0xx_hal_tim_ex.o ABSOLUTE
    ..\Drivers\STM32F0xx_HAL_Driver\Src\stm32f0xx_hal_uart.c 0x00000000   Number         0  stm32f0xx_hal_uart.o ABSOLUTE
    ..\Drivers\STM32F0xx_HAL_Driver\Src\stm32f0xx_hal_uart_ex.c 0x00000000   Number         0  stm32f0xx_hal_uart_ex.o ABSOLUTE
    ..\Src\main.c                            0x00000000   Number         0  main.o ABSOLUTE
    ..\Src\stm32f0xx_hal_msp.c               0x00000000   Number         0  stm32f0xx_hal_msp.o ABSOLUTE
    ..\Src\stm32f0xx_it.c                    0x00000000   Number         0  stm32f0xx_it.o ABSOLUTE
    ..\\App\\IO_IIC.c                        0x00000000   Number         0  io_iic.o ABSOLUTE
    ..\\App\\Key.c                           0x00000000   Number         0  key.o ABSOLUTE
    ..\\App\\SN3236.c                        0x00000000   Number         0  sn3236.o ABSOLUTE
    ..\\App\\app_main.c                      0x00000000   Number         0  app_main.o ABSOLUTE
    ..\\App\\bt_mode.c                       0x00000000   Number         0  bt_mode.o ABSOLUTE
    ..\\App\\rgb.c                           0x00000000   Number         0  rgb.o ABSOLUTE
    ..\\App\\rgb_flashing.c                  0x00000000   Number         0  rgb_flashing.o ABSOLUTE
    ..\\Src\system_stm32f0xx.c               0x00000000   Number         0  system_stm32f0xx.o ABSOLUTE
    dc.s                                     0x00000000   Number         0  dc.o ABSOLUTE
    handlers.s                               0x00000000   Number         0  handlers.o ABSOLUTE
    init.s                                   0x00000000   Number         0  init.o ABSOLUTE
    startup_stm32f030x6.s                    0x00000000   Number         0  startup_stm32f030x6.o ABSOLUTE
    RESET                                    0x08000000   Section      176  startup_stm32f030x6.o(RESET)
    .ARM.Collect$$$$00000000                 0x080000b0   Section        0  entry.o(.ARM.Collect$$$$00000000)
    .ARM.Collect$$$$00000001                 0x080000b0   Section        4  entry2.o(.ARM.Collect$$$$00000001)
    .ARM.Collect$$$$00000004                 0x080000b4   Section        4  entry5.o(.ARM.Collect$$$$00000004)
    .ARM.Collect$$$$00000008                 0x080000b8   Section        0  entry7b.o(.ARM.Collect$$$$00000008)
    .ARM.Collect$$$$0000000A                 0x080000b8   Section        0  entry8b.o(.ARM.Collect$$$$0000000A)
    .ARM.Collect$$$$0000000B                 0x080000b8   Section        8  entry9a.o(.ARM.Collect$$$$0000000B)
    .ARM.Collect$$$$0000000D                 0x080000c0   Section        0  entry10a.o(.ARM.Collect$$$$0000000D)
    .ARM.Collect$$$$0000000F                 0x080000c0   Section        0  entry11a.o(.ARM.Collect$$$$0000000F)
    .ARM.Collect$$$$00002712                 0x080000c0   Section        4  entry2.o(.ARM.Collect$$$$00002712)
    __lit__00000000                          0x080000c0   Data           4  entry2.o(.ARM.Collect$$$$00002712)
    .text                                    0x080000c4   Section       28  startup_stm32f030x6.o(.text)
    .text                                    0x080000e0   Section        0  uidiv.o(.text)
    .text                                    0x0800010c   Section        0  memseta.o(.text)
    .text                                    0x08000130   Section       36  init.o(.text)
    i.ADC_ConversionStop                     0x08000154   Section        0  stm32f0xx_hal_adc.o(i.ADC_ConversionStop)
    ADC_ConversionStop                       0x08000155   Thumb Code    82  stm32f0xx_hal_adc.o(i.ADC_ConversionStop)
    i.ADC_DMAConvCplt                        0x080001a6   Section        0  stm32f0xx_hal_adc.o(i.ADC_DMAConvCplt)
    ADC_DMAConvCplt                          0x080001a7   Thumb Code   108  stm32f0xx_hal_adc.o(i.ADC_DMAConvCplt)
    i.ADC_DMAError                           0x08000212   Section        0  stm32f0xx_hal_adc.o(i.ADC_DMAError)
    ADC_DMAError                             0x08000213   Thumb Code    26  stm32f0xx_hal_adc.o(i.ADC_DMAError)
    i.ADC_DMAHalfConvCplt                    0x0800022c   Section        0  stm32f0xx_hal_adc.o(i.ADC_DMAHalfConvCplt)
    ADC_DMAHalfConvCplt                      0x0800022d   Thumb Code    10  stm32f0xx_hal_adc.o(i.ADC_DMAHalfConvCplt)
    i.ADC_Disable                            0x08000236   Section        0  stm32f0xx_hal_adc.o(i.ADC_Disable)
    ADC_Disable                              0x08000237   Thumb Code   102  stm32f0xx_hal_adc.o(i.ADC_Disable)
    i.ADC_Enable                             0x0800029c   Section        0  stm32f0xx_hal_adc.o(i.ADC_Enable)
    ADC_Enable                               0x0800029d   Thumb Code   120  stm32f0xx_hal_adc.o(i.ADC_Enable)
    i.ADC_GetBuffer                          0x08000320   Section        0  app_main.o(i.ADC_GetBuffer)
    i.Array_CampFire                         0x08000398   Section        0  rgb.o(i.Array_CampFire)
    i.Array_CampFire2                        0x08000c14   Section        0  rgb.o(i.Array_CampFire2)
    i.Array_CampFire3                        0x0800118c   Section        0  rgb.o(i.Array_CampFire3)
    i.BlueMode_Handle                        0x0800132c   Section        0  bt_mode.o(i.BlueMode_Handle)
    i.BlueMode_Receive                       0x08001340   Section        0  bt_mode.o(i.BlueMode_Receive)
    i.DMA1_Channel1_IRQHandler               0x08001428   Section        0  stm32f0xx_it.o(i.DMA1_Channel1_IRQHandler)
    i.DMA1_Channel2_3_IRQHandler             0x08001440   Section        0  stm32f0xx_it.o(i.DMA1_Channel2_3_IRQHandler)
    i.DMA_CalcBaseAndBitshift                0x08001458   Section        0  stm32f0xx_hal_dma.o(i.DMA_CalcBaseAndBitshift)
    DMA_CalcBaseAndBitshift                  0x08001459   Thumb Code    26  stm32f0xx_hal_dma.o(i.DMA_CalcBaseAndBitshift)
    i.DMA_SetConfig                          0x0800147c   Section        0  stm32f0xx_hal_dma.o(i.DMA_SetConfig)
    DMA_SetConfig                            0x0800147d   Thumb Code    40  stm32f0xx_hal_dma.o(i.DMA_SetConfig)
    i.Delay_1us                              0x080014a4   Section        0  io_iic.o(i.Delay_1us)
    i.FireMode_Handle                        0x080014b0   Section        0  rgb.o(i.FireMode_Handle)
    i.GetKeyValue                            0x08001658   Section        0  key.o(i.GetKeyValue)
    i.GetVoltageValue                        0x08001674   Section        0  key.o(i.GetVoltageValue)
    i.HAL_ADC_ConfigChannel                  0x08001678   Section        0  stm32f0xx_hal_adc.o(i.HAL_ADC_ConfigChannel)
    i.HAL_ADC_ConvCpltCallback               0x08001788   Section        0  stm32f0xx_hal_adc.o(i.HAL_ADC_ConvCpltCallback)
    i.HAL_ADC_ConvHalfCpltCallback           0x0800178a   Section        0  stm32f0xx_hal_adc.o(i.HAL_ADC_ConvHalfCpltCallback)
    i.HAL_ADC_ErrorCallback                  0x0800178c   Section        0  stm32f0xx_hal_adc.o(i.HAL_ADC_ErrorCallback)
    i.HAL_ADC_Init                           0x08001790   Section        0  stm32f0xx_hal_adc.o(i.HAL_ADC_Init)
    i.HAL_ADC_MspInit                        0x08001904   Section        0  stm32f0xx_hal_msp.o(i.HAL_ADC_MspInit)
    i.HAL_ADC_Start_DMA                      0x08001998   Section        0  stm32f0xx_hal_adc.o(i.HAL_ADC_Start_DMA)
    i.HAL_ADC_Stop_DMA                       0x08001a38   Section        0  stm32f0xx_hal_adc.o(i.HAL_ADC_Stop_DMA)
    i.HAL_DMA_Abort                          0x08001aa8   Section        0  stm32f0xx_hal_dma.o(i.HAL_DMA_Abort)
    i.HAL_DMA_Abort_IT                       0x08001ad4   Section        0  stm32f0xx_hal_dma.o(i.HAL_DMA_Abort_IT)
    i.HAL_DMA_IRQHandler                     0x08001b1c   Section        0  stm32f0xx_hal_dma.o(i.HAL_DMA_IRQHandler)
    i.HAL_DMA_Init                           0x08001bb8   Section        0  stm32f0xx_hal_dma.o(i.HAL_DMA_Init)
    i.HAL_DMA_Start_IT                       0x08001c10   Section        0  stm32f0xx_hal_dma.o(i.HAL_DMA_Start_IT)
    i.HAL_GPIO_Init                          0x08001c7c   Section        0  stm32f0xx_hal_gpio.o(i.HAL_GPIO_Init)
    i.HAL_GPIO_ReadPin                       0x08001dc4   Section        0  stm32f0xx_hal_gpio.o(i.HAL_GPIO_ReadPin)
    i.HAL_GPIO_WritePin                      0x08001dce   Section        0  stm32f0xx_hal_gpio.o(i.HAL_GPIO_WritePin)
    i.HAL_GetTick                            0x08001ddc   Section        0  stm32f0xx_hal.o(i.HAL_GetTick)
    i.HAL_IncTick                            0x08001de8   Section        0  stm32f0xx_hal.o(i.HAL_IncTick)
    i.HAL_Init                               0x08001df8   Section        0  stm32f0xx_hal.o(i.HAL_Init)
    i.HAL_InitTick                           0x08001e18   Section        0  stm32f0xx_hal.o(i.HAL_InitTick)
    i.HAL_MspInit                            0x08001e3c   Section        0  stm32f0xx_hal_msp.o(i.HAL_MspInit)
    i.HAL_NVIC_EnableIRQ                     0x08001e74   Section        0  stm32f0xx_hal_cortex.o(i.HAL_NVIC_EnableIRQ)
    i.HAL_NVIC_SetPriority                   0x08001e88   Section        0  stm32f0xx_hal_cortex.o(i.HAL_NVIC_SetPriority)
    i.HAL_RCCEx_PeriphCLKConfig              0x08001e90   Section        0  stm32f0xx_hal_rcc_ex.o(i.HAL_RCCEx_PeriphCLKConfig)
    i.HAL_RCC_ClockConfig                    0x08001f78   Section        0  stm32f0xx_hal_rcc.o(i.HAL_RCC_ClockConfig)
    i.HAL_RCC_GetHCLKFreq                    0x080020a4   Section        0  stm32f0xx_hal_rcc.o(i.HAL_RCC_GetHCLKFreq)
    i.HAL_RCC_GetPCLK1Freq                   0x080020b0   Section        0  stm32f0xx_hal_rcc.o(i.HAL_RCC_GetPCLK1Freq)
    i.HAL_RCC_GetSysClockFreq                0x080020d0   Section        0  stm32f0xx_hal_rcc.o(i.HAL_RCC_GetSysClockFreq)
    i.HAL_RCC_OscConfig                      0x08002148   Section        0  stm32f0xx_hal_rcc.o(i.HAL_RCC_OscConfig)
    i.HAL_SYSTICK_CLKSourceConfig            0x0800249c   Section        0  stm32f0xx_hal_cortex.o(i.HAL_SYSTICK_CLKSourceConfig)
    i.HAL_SYSTICK_Callback                   0x080024b4   Section        0  stm32f0xx_hal_cortex.o(i.HAL_SYSTICK_Callback)
    i.HAL_SYSTICK_Config                     0x080024b8   Section        0  stm32f0xx_hal_cortex.o(i.HAL_SYSTICK_Config)
    i.HAL_SYSTICK_IRQHandler                 0x080024e8   Section        0  stm32f0xx_hal_cortex.o(i.HAL_SYSTICK_IRQHandler)
    i.HAL_UART_DMAStop                       0x080024f0   Section        0  stm32f0xx_hal_uart.o(i.HAL_UART_DMAStop)
    i.HAL_UART_ErrorCallback                 0x08002548   Section        0  stm32f0xx_hal_uart.o(i.HAL_UART_ErrorCallback)
    i.HAL_UART_IRQHandler                    0x0800254c   Section        0  stm32f0xx_hal_uart.o(i.HAL_UART_IRQHandler)
    i.HAL_UART_Init                          0x08002660   Section        0  stm32f0xx_hal_uart.o(i.HAL_UART_Init)
    i.HAL_UART_MspInit                       0x080026cc   Section        0  stm32f0xx_hal_msp.o(i.HAL_UART_MspInit)
    i.HAL_UART_Receive_DMA                   0x080027a8   Section        0  stm32f0xx_hal_uart.o(i.HAL_UART_Receive_DMA)
    i.HAL_UART_RxCpltCallback                0x0800284c   Section        0  stm32f0xx_hal_uart.o(i.HAL_UART_RxCpltCallback)
    i.HAL_UART_RxHalfCpltCallback            0x0800284e   Section        0  stm32f0xx_hal_uart.o(i.HAL_UART_RxHalfCpltCallback)
    i.HAL_UART_Transmit_DMA                  0x08002850   Section        0  stm32f0xx_hal_uart.o(i.HAL_UART_Transmit_DMA)
    i.HAL_UART_TxCpltCallback                0x080028e8   Section        0  stm32f0xx_hal_uart.o(i.HAL_UART_TxCpltCallback)
    i.HAL_UART_TxHalfCpltCallback            0x080028ea   Section        0  stm32f0xx_hal_uart.o(i.HAL_UART_TxHalfCpltCallback)
    i.HardFault_Handler                      0x080028ec   Section        0  stm32f0xx_it.o(i.HardFault_Handler)
    i.IIC_Init1                              0x080028f0   Section        0  io_iic.o(i.IIC_Init1)
    i.IIC_Send_Byte1                         0x08002a4c   Section        0  io_iic.o(i.IIC_Send_Byte1)
    i.IIC_Send_Byte_Mix                      0x08002abc   Section        0  io_iic.o(i.IIC_Send_Byte_Mix)
    i.IIC_Start1                             0x08002c24   Section        0  io_iic.o(i.IIC_Start1)
    i.IIC_Stop1                              0x08002cb0   Section        0  io_iic.o(i.IIC_Stop1)
    i.IIC_Wait_Ack                           0x08002dac   Section        0  io_iic.o(i.IIC_Wait_Ack)
    i.KeyComMsg                              0x08002ddc   Section        0  key.o(i.KeyComMsg)
    i.KeyEventPorc                           0x08002ec4   Section        0  key.o(i.KeyEventPorc)
    i.KeyScan                                0x08002f88   Section        0  key.o(i.KeyScan)
    i.MX_ADC_Init                            0x08002f94   Section        0  main.o(i.MX_ADC_Init)
    MX_ADC_Init                              0x08002f95   Thumb Code   100  main.o(i.MX_ADC_Init)
    i.MX_GPIO_Init                           0x08003004   Section        0  main.o(i.MX_GPIO_Init)
    MX_GPIO_Init                             0x08003005   Thumb Code   152  main.o(i.MX_GPIO_Init)
    i.MX_USART1_UART_Init                    0x080030ac   Section        0  main.o(i.MX_USART1_UART_Init)
    MX_USART1_UART_Init                      0x080030ad   Thumb Code    74  main.o(i.MX_USART1_UART_Init)
    i.Mapping_Arrary                         0x08003104   Section        0  rgb.o(i.Mapping_Arrary)
    i.NMI_Handler                            0x08003204   Section        0  stm32f0xx_it.o(i.NMI_Handler)
    i.NVIC_SetPriority                       0x08003208   Section        0  stm32f0xx_hal_cortex.o(i.NVIC_SetPriority)
    NVIC_SetPriority                         0x08003209   Thumb Code    60  stm32f0xx_hal_cortex.o(i.NVIC_SetPriority)
    i.PendSV_Handler                         0x0800324c   Section        0  stm32f0xx_it.o(i.PendSV_Handler)
    i.PowerON_Reset                          0x08003250   Section        0  app_main.o(i.PowerON_Reset)
    i.RGBMode_Handle                         0x08003308   Section        0  rgb.o(i.RGBMode_Handle)
    i.SN3236_Driver                          0x08003310   Section        0  sn3236.o(i.SN3236_Driver)
    i.SN3236_Init1                           0x08003320   Section        0  sn3236.o(i.SN3236_Init1)
    i.SN3236_RegWrite                        0x08003374   Section        0  sn3236.o(i.SN3236_RegWrite)
    i.SVC_Handler                            0x080033b8   Section        0  stm32f0xx_it.o(i.SVC_Handler)
    i.SysTick_Handler                        0x080033bc   Section        0  stm32f0xx_it.o(i.SysTick_Handler)
    i.SystemClock_Config                     0x08003428   Section        0  main.o(i.SystemClock_Config)
    i.SystemInit                             0x080034a4   Section        0  system_stm32f0xx.o(i.SystemInit)
    i.UART_AdvFeatureConfig                  0x08003500   Section        0  stm32f0xx_hal_uart.o(i.UART_AdvFeatureConfig)
    i.UART_CheckIdleState                    0x080035ca   Section        0  stm32f0xx_hal_uart.o(i.UART_CheckIdleState)
    i.UART_DMAAbortOnError                   0x080035dc   Section        0  stm32f0xx_hal_uart.o(i.UART_DMAAbortOnError)
    UART_DMAAbortOnError                     0x080035dd   Thumb Code    20  stm32f0xx_hal_uart.o(i.UART_DMAAbortOnError)
    i.UART_DMAError                          0x080035f0   Section        0  stm32f0xx_hal_uart.o(i.UART_DMAError)
    UART_DMAError                            0x080035f1   Thumb Code    74  stm32f0xx_hal_uart.o(i.UART_DMAError)
    i.UART_DMAReceiveCplt                    0x0800363a   Section        0  stm32f0xx_hal_uart.o(i.UART_DMAReceiveCplt)
    UART_DMAReceiveCplt                      0x0800363b   Thumb Code    64  stm32f0xx_hal_uart.o(i.UART_DMAReceiveCplt)
    i.UART_DMARxHalfCplt                     0x0800367a   Section        0  stm32f0xx_hal_uart.o(i.UART_DMARxHalfCplt)
    UART_DMARxHalfCplt                       0x0800367b   Thumb Code    10  stm32f0xx_hal_uart.o(i.UART_DMARxHalfCplt)
    i.UART_DMATransmitCplt                   0x08003684   Section        0  stm32f0xx_hal_uart.o(i.UART_DMATransmitCplt)
    UART_DMATransmitCplt                     0x08003685   Thumb Code    48  stm32f0xx_hal_uart.o(i.UART_DMATransmitCplt)
    i.UART_DMATxHalfCplt                     0x080036b4   Section        0  stm32f0xx_hal_uart.o(i.UART_DMATxHalfCplt)
    UART_DMATxHalfCplt                       0x080036b5   Thumb Code    10  stm32f0xx_hal_uart.o(i.UART_DMATxHalfCplt)
    i.UART_EndRxTransfer                     0x080036be   Section        0  stm32f0xx_hal_uart.o(i.UART_EndRxTransfer)
    UART_EndRxTransfer                       0x080036bf   Thumb Code    30  stm32f0xx_hal_uart.o(i.UART_EndRxTransfer)
    i.UART_EndTransmit_IT                    0x080036dc   Section        0  stm32f0xx_hal_uart.o(i.UART_EndTransmit_IT)
    i.UART_EndTxTransfer                     0x080036f6   Section        0  stm32f0xx_hal_uart.o(i.UART_EndTxTransfer)
    UART_EndTxTransfer                       0x080036f7   Thumb Code    18  stm32f0xx_hal_uart.o(i.UART_EndTxTransfer)
    i.UART_Receive_IT                        0x08003708   Section        0  stm32f0xx_hal_uart.o(i.UART_Receive_IT)
    i.UART_SetConfig                         0x08003784   Section        0  stm32f0xx_hal_uart.o(i.UART_SetConfig)
    i.UART_Transmit_IT                       0x08003898   Section        0  stm32f0xx_hal_uart.o(i.UART_Transmit_IT)
    i.USART1_IRQHandler                      0x08003900   Section        0  stm32f0xx_it.o(i.USART1_IRQHandler)
    i.Usart1SendData_DMA                     0x0800392c   Section        0  bt_mode.o(i.Usart1SendData_DMA)
    i._Error_Handler                         0x08003964   Section        0  main.o(i._Error_Handler)
    i.__scatterload_copy                     0x08003966   Section       14  handlers.o(i.__scatterload_copy)
    i.__scatterload_null                     0x08003974   Section        2  handlers.o(i.__scatterload_null)
    i.__scatterload_zeroinit                 0x08003976   Section       14  handlers.o(i.__scatterload_zeroinit)
    i.app_main                               0x08003984   Section        0  app_main.o(i.app_main)
    i.main                                   0x080039f4   Section        0  main.o(i.main)
    .constdata                               0x08003a44   Section     9360  rgb.o(.constdata)
    .constdata                               0x08005ed4   Section       16  system_stm32f0xx.o(.constdata)
    .constdata                               0x08005ee4   Section        8  system_stm32f0xx.o(.constdata)
    .data                                    0x20000000   Section        4  stm32f0xx_hal.o(.data)
    .data                                    0x20000004   Section       12  app_main.o(.data)
    .data                                    0x20000010   Section        1  app_main.o(.data)
    .data                                    0x20000011   Section        1  app_main.o(.data)
    .data                                    0x20000012   Section        1  bt_mode.o(.data)
    .data                                    0x20000013   Section        2  bt_mode.o(.data)
    .data                                    0x20000016   Section       36  key.o(.data)
    KeyCurValue                              0x2000001e   Data           1  key.o(.data)
    KeyLastValue                             0x2000001f   Data           1  key.o(.data)
    cntUart_Send                             0x20000020   Data           2  key.o(.data)
    .data                                    0x2000003a   Section        3  rgb.o(.data)
    .data                                    0x20000040   Section        4  system_stm32f0xx.o(.data)
    .bss                                     0x20000044   Section      300  bt_mode.o(.bss)
    .bss                                     0x20000170   Section      144  rgb.o(.bss)
    .bss                                     0x20000200   Section       20  rgb_flashing.o(.bss)
    .bss                                     0x20000214   Section       20  rgb_flashing.o(.bss)
    .bss                                     0x20000228   Section      147  sn3236.o(.bss)
    .bss                                     0x200002bb   Section       36  sn3236.o(.bss)
    .bss                                     0x200002df   Section       36  sn3236.o(.bss)
    .bss                                     0x20000303   Section       36  sn3236.o(.bss)
    .bss                                     0x20000327   Section       36  sn3236.o(.bss)
    .bss                                     0x2000034b   Section       36  sn3236.o(.bss)
    .bss                                     0x2000036f   Section       36  sn3236.o(.bss)
    .bss                                     0x20000394   Section      188  main.o(.bss)
    .bss                                     0x20000450   Section       68  main.o(.bss)
    .bss                                     0x20000494   Section       68  main.o(.bss)
    .bss                                     0x200004d8   Section       68  main.o(.bss)
    STACK                                    0x20000520   Section     1024  startup_stm32f030x6.o(STACK)

    Global Symbols

    Symbol Name                              Value     Ov Type        Size  Object(Section)

    BuildAttributes$$THM_ISAv3M$S$PE$A:L22$X:L11$S22$IEEE1$IW$USESV6$~STKCKD$USESV7$~SHL$OSPACE$EBA8$MICROLIB$REQ8$PRES8$EABIv2 0x00000000   Number         0  anon$$obj.o ABSOLUTE
    __ARM_use_no_argv                        0x00000000   Number         0  main.o ABSOLUTE
    __cpp_initialize__aeabi_                  - Undefined Weak Reference
    __cxa_finalize                            - Undefined Weak Reference
    __decompress                              - Undefined Weak Reference
    _clock_init                               - Undefined Weak Reference
    _microlib_exit                            - Undefined Weak Reference
    __Vectors_Size                           0x000000b0   Number         0  startup_stm32f030x6.o ABSOLUTE
    __Vectors                                0x08000000   Data           4  startup_stm32f030x6.o(RESET)
    __Vectors_End                            0x080000b0   Data           0  startup_stm32f030x6.o(RESET)
    __main                                   0x080000b1   Thumb Code     0  entry.o(.ARM.Collect$$$$00000000)
    _main_stk                                0x080000b1   Thumb Code     0  entry2.o(.ARM.Collect$$$$00000001)
    _main_scatterload                        0x080000b5   Thumb Code     0  entry5.o(.ARM.Collect$$$$00000004)
    __main_after_scatterload                 0x080000b9   Thumb Code     0  entry5.o(.ARM.Collect$$$$00000004)
    _main_clock                              0x080000b9   Thumb Code     0  entry7b.o(.ARM.Collect$$$$00000008)
    _main_cpp_init                           0x080000b9   Thumb Code     0  entry8b.o(.ARM.Collect$$$$0000000A)
    _main_init                               0x080000b9   Thumb Code     0  entry9a.o(.ARM.Collect$$$$0000000B)
    __rt_final_cpp                           0x080000c1   Thumb Code     0  entry10a.o(.ARM.Collect$$$$0000000D)
    __rt_final_exit                          0x080000c1   Thumb Code     0  entry11a.o(.ARM.Collect$$$$0000000F)
    Reset_Handler                            0x080000c5   Thumb Code     8  startup_stm32f030x6.o(.text)
    ADC1_IRQHandler                          0x080000d7   Thumb Code     0  startup_stm32f030x6.o(.text)
    DMA1_Channel4_5_IRQHandler               0x080000d7   Thumb Code     0  startup_stm32f030x6.o(.text)
    EXTI0_1_IRQHandler                       0x080000d7   Thumb Code     0  startup_stm32f030x6.o(.text)
    EXTI2_3_IRQHandler                       0x080000d7   Thumb Code     0  startup_stm32f030x6.o(.text)
    EXTI4_15_IRQHandler                      0x080000d7   Thumb Code     0  startup_stm32f030x6.o(.text)
    FLASH_IRQHandler                         0x080000d7   Thumb Code     0  startup_stm32f030x6.o(.text)
    I2C1_IRQHandler                          0x080000d7   Thumb Code     0  startup_stm32f030x6.o(.text)
    RCC_IRQHandler                           0x080000d7   Thumb Code     0  startup_stm32f030x6.o(.text)
    RTC_IRQHandler                           0x080000d7   Thumb Code     0  startup_stm32f030x6.o(.text)
    SPI1_IRQHandler                          0x080000d7   Thumb Code     0  startup_stm32f030x6.o(.text)
    TIM14_IRQHandler                         0x080000d7   Thumb Code     0  startup_stm32f030x6.o(.text)
    TIM16_IRQHandler                         0x080000d7   Thumb Code     0  startup_stm32f030x6.o(.text)
    TIM17_IRQHandler                         0x080000d7   Thumb Code     0  startup_stm32f030x6.o(.text)
    TIM1_BRK_UP_TRG_COM_IRQHandler           0x080000d7   Thumb Code     0  startup_stm32f030x6.o(.text)
    TIM1_CC_IRQHandler                       0x080000d7   Thumb Code     0  startup_stm32f030x6.o(.text)
    TIM3_IRQHandler                          0x080000d7   Thumb Code     0  startup_stm32f030x6.o(.text)
    WWDG_IRQHandler                          0x080000d7   Thumb Code     0  startup_stm32f030x6.o(.text)
    __aeabi_uidiv                            0x080000e1   Thumb Code     0  uidiv.o(.text)
    __aeabi_uidivmod                         0x080000e1   Thumb Code    44  uidiv.o(.text)
    __aeabi_memset                           0x0800010d   Thumb Code    14  memseta.o(.text)
    __aeabi_memset4                          0x0800010d   Thumb Code     0  memseta.o(.text)
    __aeabi_memset8                          0x0800010d   Thumb Code     0  memseta.o(.text)
    __aeabi_memclr                           0x0800011b   Thumb Code     4  memseta.o(.text)
    __aeabi_memclr4                          0x0800011b   Thumb Code     0  memseta.o(.text)
    __aeabi_memclr8                          0x0800011b   Thumb Code     0  memseta.o(.text)
    _memset$wrapper                          0x0800011f   Thumb Code    18  memseta.o(.text)
    __scatterload                            0x08000131   Thumb Code    28  init.o(.text)
    __scatterload_rt2                        0x08000131   Thumb Code     0  init.o(.text)
    ADC_GetBuffer                            0x08000321   Thumb Code    82  app_main.o(i.ADC_GetBuffer)
    Array_CampFire                           0x08000399   Thumb Code  2172  rgb.o(i.Array_CampFire)
    Array_CampFire2                          0x08000c15   Thumb Code  1388  rgb.o(i.Array_CampFire2)
    Array_CampFire3                          0x0800118d   Thumb Code   370  rgb.o(i.Array_CampFire3)
    BlueMode_Handle                          0x0800132d   Thumb Code    14  bt_mode.o(i.BlueMode_Handle)
    BlueMode_Receive                         0x08001341   Thumb Code   190  bt_mode.o(i.BlueMode_Receive)
    DMA1_Channel1_IRQHandler                 0x08001429   Thumb Code    16  stm32f0xx_it.o(i.DMA1_Channel1_IRQHandler)
    DMA1_Channel2_3_IRQHandler               0x08001441   Thumb Code    16  stm32f0xx_it.o(i.DMA1_Channel2_3_IRQHandler)
    Delay_1us                                0x080014a5   Thumb Code    12  io_iic.o(i.Delay_1us)
    FireMode_Handle                          0x080014b1   Thumb Code   380  rgb.o(i.FireMode_Handle)
    GetKeyValue                              0x08001659   Thumb Code    22  key.o(i.GetKeyValue)
    GetVoltageValue                          0x08001675   Thumb Code     4  key.o(i.GetVoltageValue)
    HAL_ADC_ConfigChannel                    0x08001679   Thumb Code   254  stm32f0xx_hal_adc.o(i.HAL_ADC_ConfigChannel)
    HAL_ADC_ConvCpltCallback                 0x08001789   Thumb Code     2  stm32f0xx_hal_adc.o(i.HAL_ADC_ConvCpltCallback)
    HAL_ADC_ConvHalfCpltCallback             0x0800178b   Thumb Code     2  stm32f0xx_hal_adc.o(i.HAL_ADC_ConvHalfCpltCallback)
    HAL_ADC_ErrorCallback                    0x0800178d   Thumb Code     2  stm32f0xx_hal_adc.o(i.HAL_ADC_ErrorCallback)
    HAL_ADC_Init                             0x08001791   Thumb Code   364  stm32f0xx_hal_adc.o(i.HAL_ADC_Init)
    HAL_ADC_MspInit                          0x08001905   Thumb Code   104  stm32f0xx_hal_msp.o(i.HAL_ADC_MspInit)
    HAL_ADC_Start_DMA                        0x08001999   Thumb Code   144  stm32f0xx_hal_adc.o(i.HAL_ADC_Start_DMA)
    HAL_ADC_Stop_DMA                         0x08001a39   Thumb Code   112  stm32f0xx_hal_adc.o(i.HAL_ADC_Stop_DMA)
    HAL_DMA_Abort                            0x08001aa9   Thumb Code    44  stm32f0xx_hal_dma.o(i.HAL_DMA_Abort)
    HAL_DMA_Abort_IT                         0x08001ad5   Thumb Code    72  stm32f0xx_hal_dma.o(i.HAL_DMA_Abort_IT)
    HAL_DMA_IRQHandler                       0x08001b1d   Thumb Code   156  stm32f0xx_hal_dma.o(i.HAL_DMA_IRQHandler)
    HAL_DMA_Init                             0x08001bb9   Thumb Code    84  stm32f0xx_hal_dma.o(i.HAL_DMA_Init)
    HAL_DMA_Start_IT                         0x08001c11   Thumb Code   106  stm32f0xx_hal_dma.o(i.HAL_DMA_Start_IT)
    HAL_GPIO_Init                            0x08001c7d   Thumb Code   302  stm32f0xx_hal_gpio.o(i.HAL_GPIO_Init)
    HAL_GPIO_ReadPin                         0x08001dc5   Thumb Code    10  stm32f0xx_hal_gpio.o(i.HAL_GPIO_ReadPin)
    HAL_GPIO_WritePin                        0x08001dcf   Thumb Code    12  stm32f0xx_hal_gpio.o(i.HAL_GPIO_WritePin)
    HAL_GetTick                              0x08001ddd   Thumb Code     6  stm32f0xx_hal.o(i.HAL_GetTick)
    HAL_IncTick                              0x08001de9   Thumb Code    10  stm32f0xx_hal.o(i.HAL_IncTick)
    HAL_Init                                 0x08001df9   Thumb Code    26  stm32f0xx_hal.o(i.HAL_Init)
    HAL_InitTick                             0x08001e19   Thumb Code    34  stm32f0xx_hal.o(i.HAL_InitTick)
    HAL_MspInit                              0x08001e3d   Thumb Code    50  stm32f0xx_hal_msp.o(i.HAL_MspInit)
    HAL_NVIC_EnableIRQ                       0x08001e75   Thumb Code    14  stm32f0xx_hal_cortex.o(i.HAL_NVIC_EnableIRQ)
    HAL_NVIC_SetPriority                     0x08001e89   Thumb Code     8  stm32f0xx_hal_cortex.o(i.HAL_NVIC_SetPriority)
    HAL_RCCEx_PeriphCLKConfig                0x08001e91   Thumb Code   218  stm32f0xx_hal_rcc_ex.o(i.HAL_RCCEx_PeriphCLKConfig)
    HAL_RCC_ClockConfig                      0x08001f79   Thumb Code   280  stm32f0xx_hal_rcc.o(i.HAL_RCC_ClockConfig)
    HAL_RCC_GetHCLKFreq                      0x080020a5   Thumb Code     6  stm32f0xx_hal_rcc.o(i.HAL_RCC_GetHCLKFreq)
    HAL_RCC_GetPCLK1Freq                     0x080020b1   Thumb Code    20  stm32f0xx_hal_rcc.o(i.HAL_RCC_GetPCLK1Freq)
    HAL_RCC_GetSysClockFreq                  0x080020d1   Thumb Code    76  stm32f0xx_hal_rcc.o(i.HAL_RCC_GetSysClockFreq)
    HAL_RCC_OscConfig                        0x08002149   Thumb Code   840  stm32f0xx_hal_rcc.o(i.HAL_RCC_OscConfig)
    HAL_SYSTICK_CLKSourceConfig              0x0800249d   Thumb Code    20  stm32f0xx_hal_cortex.o(i.HAL_SYSTICK_CLKSourceConfig)
    HAL_SYSTICK_Callback                     0x080024b5   Thumb Code     2  stm32f0xx_hal_cortex.o(i.HAL_SYSTICK_Callback)
    HAL_SYSTICK_Config                       0x080024b9   Thumb Code    38  stm32f0xx_hal_cortex.o(i.HAL_SYSTICK_Config)
    HAL_SYSTICK_IRQHandler                   0x080024e9   Thumb Code     8  stm32f0xx_hal_cortex.o(i.HAL_SYSTICK_IRQHandler)
    HAL_UART_DMAStop                         0x080024f1   Thumb Code    88  stm32f0xx_hal_uart.o(i.HAL_UART_DMAStop)
    HAL_UART_ErrorCallback                   0x08002549   Thumb Code     2  stm32f0xx_hal_uart.o(i.HAL_UART_ErrorCallback)
    HAL_UART_IRQHandler                      0x0800254d   Thumb Code   272  stm32f0xx_hal_uart.o(i.HAL_UART_IRQHandler)
    HAL_UART_Init                            0x08002661   Thumb Code   108  stm32f0xx_hal_uart.o(i.HAL_UART_Init)
    HAL_UART_MspInit                         0x080026cd   Thumb Code   170  stm32f0xx_hal_msp.o(i.HAL_UART_MspInit)
    HAL_UART_Receive_DMA                     0x080027a9   Thumb Code   150  stm32f0xx_hal_uart.o(i.HAL_UART_Receive_DMA)
    HAL_UART_RxCpltCallback                  0x0800284d   Thumb Code     2  stm32f0xx_hal_uart.o(i.HAL_UART_RxCpltCallback)
    HAL_UART_RxHalfCpltCallback              0x0800284f   Thumb Code     2  stm32f0xx_hal_uart.o(i.HAL_UART_RxHalfCpltCallback)
    HAL_UART_Transmit_DMA                    0x08002851   Thumb Code   138  stm32f0xx_hal_uart.o(i.HAL_UART_Transmit_DMA)
    HAL_UART_TxCpltCallback                  0x080028e9   Thumb Code     2  stm32f0xx_hal_uart.o(i.HAL_UART_TxCpltCallback)
    HAL_UART_TxHalfCpltCallback              0x080028eb   Thumb Code     2  stm32f0xx_hal_uart.o(i.HAL_UART_TxHalfCpltCallback)
    HardFault_Handler                        0x080028ed   Thumb Code     2  stm32f0xx_it.o(i.HardFault_Handler)
    IIC_Init1                                0x080028f1   Thumb Code   344  io_iic.o(i.IIC_Init1)
    IIC_Send_Byte1                           0x08002a4d   Thumb Code   108  io_iic.o(i.IIC_Send_Byte1)
    IIC_Send_Byte_Mix                        0x08002abd   Thumb Code   304  io_iic.o(i.IIC_Send_Byte_Mix)
    IIC_Start1                               0x08002c25   Thumb Code   134  io_iic.o(i.IIC_Start1)
    IIC_Stop1                                0x08002cb1   Thumb Code   248  io_iic.o(i.IIC_Stop1)
    IIC_Wait_Ack                             0x08002dad   Thumb Code    44  io_iic.o(i.IIC_Wait_Ack)
    KeyComMsg                                0x08002ddd   Thumb Code   212  key.o(i.KeyComMsg)
    KeyEventPorc                             0x08002ec5   Thumb Code   192  key.o(i.KeyEventPorc)
    KeyScan                                  0x08002f89   Thumb Code    12  key.o(i.KeyScan)
    Mapping_Arrary                           0x08003105   Thumb Code   242  rgb.o(i.Mapping_Arrary)
    NMI_Handler                              0x08003205   Thumb Code     2  stm32f0xx_it.o(i.NMI_Handler)
    PendSV_Handler                           0x0800324d   Thumb Code     2  stm32f0xx_it.o(i.PendSV_Handler)
    PowerON_Reset                            0x08003251   Thumb Code   178  app_main.o(i.PowerON_Reset)
    RGBMode_Handle                           0x08003309   Thumb Code     8  rgb.o(i.RGBMode_Handle)
    SN3236_Driver                            0x08003311   Thumb Code    10  sn3236.o(i.SN3236_Driver)
    SN3236_Init1                             0x08003321   Thumb Code    76  sn3236.o(i.SN3236_Init1)
    SN3236_RegWrite                          0x08003375   Thumb Code    68  sn3236.o(i.SN3236_RegWrite)
    SVC_Handler                              0x080033b9   Thumb Code     2  stm32f0xx_it.o(i.SVC_Handler)
    SysTick_Handler                          0x080033bd   Thumb Code    78  stm32f0xx_it.o(i.SysTick_Handler)
    SystemClock_Config                       0x08003429   Thumb Code   124  main.o(i.SystemClock_Config)
    SystemInit                               0x080034a5   Thumb Code    78  system_stm32f0xx.o(i.SystemInit)
    UART_AdvFeatureConfig                    0x08003501   Thumb Code   202  stm32f0xx_hal_uart.o(i.UART_AdvFeatureConfig)
    UART_CheckIdleState                      0x080035cb   Thumb Code    18  stm32f0xx_hal_uart.o(i.UART_CheckIdleState)
    UART_EndTransmit_IT                      0x080036dd   Thumb Code    26  stm32f0xx_hal_uart.o(i.UART_EndTransmit_IT)
    UART_Receive_IT                          0x08003709   Thumb Code   122  stm32f0xx_hal_uart.o(i.UART_Receive_IT)
    UART_SetConfig                           0x08003785   Thumb Code   258  stm32f0xx_hal_uart.o(i.UART_SetConfig)
    UART_Transmit_IT                         0x08003899   Thumb Code   102  stm32f0xx_hal_uart.o(i.UART_Transmit_IT)
    USART1_IRQHandler                        0x08003901   Thumb Code    36  stm32f0xx_it.o(i.USART1_IRQHandler)
    Usart1SendData_DMA                       0x0800392d   Thumb Code    46  bt_mode.o(i.Usart1SendData_DMA)
    _Error_Handler                           0x08003965   Thumb Code     2  main.o(i._Error_Handler)
    __scatterload_copy                       0x08003967   Thumb Code    14  handlers.o(i.__scatterload_copy)
    __scatterload_null                       0x08003975   Thumb Code     2  handlers.o(i.__scatterload_null)
    __scatterload_zeroinit                   0x08003977   Thumb Code    14  handlers.o(i.__scatterload_zeroinit)
    app_main                                 0x08003985   Thumb Code   108  app_main.o(i.app_main)
    main                                     0x080039f5   Thumb Code    76  main.o(i.main)
    campFire1_tab1                           0x08003a44   Data          72  rgb.o(.constdata)
    campFire1_tab2                           0x08003a8c   Data         108  rgb.o(.constdata)
    campFire1_tab3                           0x08003af8   Data         108  rgb.o(.constdata)
    campFire1_tab4                           0x08003b64   Data         108  rgb.o(.constdata)
    campFire1_tab5                           0x08003bd0   Data         108  rgb.o(.constdata)
    campFire1_tab6                           0x08003c3c   Data         108  rgb.o(.constdata)
    campFire1_tab7                           0x08003ca8   Data         108  rgb.o(.constdata)
    campFire1_tab8                           0x08003d14   Data         108  rgb.o(.constdata)
    campFire1_tab9                           0x08003d80   Data         108  rgb.o(.constdata)
    campFire1_tab10                          0x08003dec   Data         108  rgb.o(.constdata)
    campFire1_tab11                          0x08003e58   Data         108  rgb.o(.constdata)
    campFire1_tab12                          0x08003ec4   Data         108  rgb.o(.constdata)
    campFire1_tab13                          0x08003f30   Data         108  rgb.o(.constdata)
    campFire1_tab14                          0x08003f9c   Data         108  rgb.o(.constdata)
    campFire1_tab15                          0x08004008   Data         108  rgb.o(.constdata)
    campFire1_tab16                          0x08004074   Data         108  rgb.o(.constdata)
    campFire1_tab17                          0x080040e0   Data         108  rgb.o(.constdata)
    campFire1_tab18                          0x0800414c   Data         108  rgb.o(.constdata)
    campFire1_tab19                          0x080041b8   Data         108  rgb.o(.constdata)
    campFire1_tab20                          0x08004224   Data         108  rgb.o(.constdata)
    campFire1_tab21                          0x08004290   Data         108  rgb.o(.constdata)
    campFire1_tab22                          0x080042fc   Data         108  rgb.o(.constdata)
    campFire1_tab23                          0x08004368   Data         108  rgb.o(.constdata)
    campFire1_tab24                          0x080043d4   Data         108  rgb.o(.constdata)
    campFire1_tab25                          0x08004440   Data         108  rgb.o(.constdata)
    campFire1_tab26                          0x080044ac   Data         108  rgb.o(.constdata)
    campFire1_tab27                          0x08004518   Data         108  rgb.o(.constdata)
    campFire1_tab28                          0x08004584   Data         108  rgb.o(.constdata)
    campFire1_tab29                          0x080045f0   Data         108  rgb.o(.constdata)
    campFire1_tab30                          0x0800465c   Data         108  rgb.o(.constdata)
    campFire1_tab31                          0x080046c8   Data         108  rgb.o(.constdata)
    campFire1_tab32                          0x08004734   Data         108  rgb.o(.constdata)
    campFire1_tab33                          0x080047a0   Data         108  rgb.o(.constdata)
    campFire1_tab34                          0x0800480c   Data         108  rgb.o(.constdata)
    campFire1_tab35                          0x08004878   Data         108  rgb.o(.constdata)
    campFire1_tab36                          0x080048e4   Data         108  rgb.o(.constdata)
    campFire1_tab37                          0x08004950   Data         108  rgb.o(.constdata)
    campFire1_tab38                          0x080049bc   Data         108  rgb.o(.constdata)
    campFire1_tab39                          0x08004a28   Data         108  rgb.o(.constdata)
    campFire1_tab40                          0x08004a94   Data         108  rgb.o(.constdata)
    campFire1_tab41                          0x08004b00   Data         108  rgb.o(.constdata)
    campFire1_tab42                          0x08004b6c   Data         108  rgb.o(.constdata)
    campFire1_tab43                          0x08004bd8   Data         108  rgb.o(.constdata)
    campFire1_tab44                          0x08004c44   Data         108  rgb.o(.constdata)
    campFire1_tab45                          0x08004cb0   Data         108  rgb.o(.constdata)
    campFire1_tab46                          0x08004d1c   Data         108  rgb.o(.constdata)
    campFire1_tab47                          0x08004d88   Data         108  rgb.o(.constdata)
    campFire1_tab48                          0x08004df4   Data         108  rgb.o(.constdata)
    campFire1_tab49                          0x08004e60   Data         108  rgb.o(.constdata)
    campFire1_tab50                          0x08004ecc   Data         108  rgb.o(.constdata)
    campFire1_tab51                          0x08004f38   Data         108  rgb.o(.constdata)
    campFire1_tab52                          0x08004fa4   Data         108  rgb.o(.constdata)
    campFire1_tab53                          0x08005010   Data         108  rgb.o(.constdata)
    campFire1_tab54                          0x0800507c   Data         108  rgb.o(.constdata)
    campFire1_tab55                          0x080050e8   Data         108  rgb.o(.constdata)
    campFire1_tab56                          0x08005154   Data         108  rgb.o(.constdata)
    campFire1_tab57                          0x080051c0   Data         108  rgb.o(.constdata)
    campFire1_tab58                          0x0800522c   Data         108  rgb.o(.constdata)
    campFire1_tab59                          0x08005298   Data         108  rgb.o(.constdata)
    campFire1_tab60                          0x08005304   Data         108  rgb.o(.constdata)
    campFire1_tab61                          0x08005370   Data         108  rgb.o(.constdata)
    campFire2_tab1                           0x080053dc   Data          72  rgb.o(.constdata)
    campFire2_tab2                           0x08005424   Data          72  rgb.o(.constdata)
    campFire2_tab3                           0x0800546c   Data          72  rgb.o(.constdata)
    campFire2_tab4                           0x080054b4   Data          72  rgb.o(.constdata)
    campFire2_tab5                           0x080054fc   Data          72  rgb.o(.constdata)
    campFire2_tab6                           0x08005544   Data          72  rgb.o(.constdata)
    campFire2_tab7                           0x0800558c   Data          72  rgb.o(.constdata)
    campFire2_tab8                           0x080055d4   Data          72  rgb.o(.constdata)
    campFire2_tab9                           0x0800561c   Data          72  rgb.o(.constdata)
    campFire2_tab10                          0x08005664   Data          72  rgb.o(.constdata)
    campFire2_tab11                          0x080056ac   Data          72  rgb.o(.constdata)
    campFire2_tab12                          0x080056f4   Data          72  rgb.o(.constdata)
    campFire2_tab13                          0x0800573c   Data          72  rgb.o(.constdata)
    campFire2_tab14                          0x08005784   Data          72  rgb.o(.constdata)
    campFire2_tab15                          0x080057cc   Data          72  rgb.o(.constdata)
    campFire2_tab16                          0x08005814   Data          72  rgb.o(.constdata)
    campFire2_tab17                          0x0800585c   Data          72  rgb.o(.constdata)
    campFire2_tab18                          0x080058a4   Data          72  rgb.o(.constdata)
    campFire2_tab19                          0x080058ec   Data          72  rgb.o(.constdata)
    campFire2_tab20                          0x08005934   Data          72  rgb.o(.constdata)
    campFire2_tab21                          0x0800597c   Data          72  rgb.o(.constdata)
    campFire2_tab22                          0x080059c4   Data          72  rgb.o(.constdata)
    campFire2_tab23                          0x08005a0c   Data          72  rgb.o(.constdata)
    campFire2_tab24                          0x08005a54   Data          72  rgb.o(.constdata)
    campFire2_tab25                          0x08005a9c   Data          72  rgb.o(.constdata)
    campFire2_tab26                          0x08005ae4   Data          72  rgb.o(.constdata)
    campFire2_tab27                          0x08005b2c   Data          72  rgb.o(.constdata)
    campFire2_tab28                          0x08005b74   Data          72  rgb.o(.constdata)
    campFire2_tab29                          0x08005bbc   Data          72  rgb.o(.constdata)
    campFire2_tab30                          0x08005c04   Data          72  rgb.o(.constdata)
    campFire2_tab31                          0x08005c4c   Data          72  rgb.o(.constdata)
    campFire2_tab32                          0x08005c94   Data          72  rgb.o(.constdata)
    campFire2_tab33                          0x08005cdc   Data          72  rgb.o(.constdata)
    campFire2_tab34                          0x08005d24   Data          72  rgb.o(.constdata)
    campFire2_tab35                          0x08005d6c   Data          72  rgb.o(.constdata)
    campFire2_tab36                          0x08005db4   Data          72  rgb.o(.constdata)
    campFire2_tab37                          0x08005dfc   Data          72  rgb.o(.constdata)
    campFire2_tab38                          0x08005e44   Data          72  rgb.o(.constdata)
    campFire2_tab39                          0x08005e8c   Data          72  rgb.o(.constdata)
    AHBPrescTable                            0x08005ed4   Data          16  system_stm32f0xx.o(.constdata)
    APBPrescTable                            0x08005ee4   Data           8  system_stm32f0xx.o(.constdata)
    Region$$Table$$Base                      0x08005eec   Number         0  anon$$obj.o(Region$$Table)
    Region$$Table$$Limit                     0x08005f0c   Number         0  anon$$obj.o(Region$$Table)
    uwTick                                   0x20000000   Data           4  stm32f0xx_hal.o(.data)
    PlayMode                                 0x20000004   Data           1  app_main.o(.data)
    FireSize1                                0x20000005   Data           1  app_main.o(.data)
    electricityBrightness                    0x20000006   Data           1  app_main.o(.data)
    keyBT                                    0x20000007   Data           1  app_main.o(.data)
    keyBT_bk                                 0x20000008   Data           1  app_main.o(.data)
    Adc_Dma_Irq_f                            0x20000009   Data           1  app_main.o(.data)
    AppTick1ms                               0x2000000a   Data           1  app_main.o(.data)
    AppTick0                                 0x2000000b   Data           1  app_main.o(.data)
    AppTick1                                 0x2000000c   Data           1  app_main.o(.data)
    AppTick2                                 0x2000000d   Data           1  app_main.o(.data)
    AppTick3                                 0x2000000e   Data           1  app_main.o(.data)
    brightness1                              0x2000000f   Data           1  app_main.o(.data)
    cntAppTick                               0x20000010   Data           1  app_main.o(.data)
    AppTick5                                 0x20000011   Data           1  app_main.o(.data)
    enUart_Send                              0x20000012   Data           1  bt_mode.o(.data)
    BT_Work                                  0x20000013   Data           1  bt_mode.o(.data)
    Uart1_RX_Timeout                         0x20000014   Data           1  bt_mode.o(.data)
    gbKeyPress                               0x20000016   Data           1  key.o(.data)
    gbKeyNone                                0x20000017   Data           1  key.o(.data)
    KeyValue                                 0x20000018   Data           1  key.o(.data)
    KeyEvent                                 0x20000019   Data           1  key.o(.data)
    cntKeyLoop                               0x2000001a   Data           1  key.o(.data)
    KeyCurValueBK                            0x2000001b   Data           1  key.o(.data)
    cntKeyLong                               0x2000001c   Data           1  key.o(.data)
    keyNum                                   0x2000001d   Data           1  key.o(.data)
    SPASongs_Num_Table                       0x20000022   Data          24  key.o(.data)
    RGB_Work                                 0x2000003a   Data           1  rgb.o(.data)
    step                                     0x2000003b   Data           1  rgb.o(.data)
    num_Delay                                0x2000003c   Data           1  rgb.o(.data)
    SystemCoreClock                          0x20000040   Data           4  system_stm32f0xx.o(.data)
    Uart1_ReceiveBuffer                      0x20000044   Data         100  bt_mode.o(.bss)
    Uart1_TransmitBuffer                     0x200000a8   Data         100  bt_mode.o(.bss)
    BT_ReceiveBuffer                         0x2000010c   Data         100  bt_mode.o(.bss)
    data1                                    0x20000170   Data          72  rgb.o(.bss)
    Mapping_SN3236_Pwm1_1                    0x200001b8   Data          36  rgb.o(.bss)
    Mapping_SN3236_Pwm1_2                    0x200001dc   Data          36  rgb.o(.bss)
    AdcDma_Buf                               0x20000200   Data          20  rgb_flashing.o(.bss)
    AdcAudio_Buf                             0x20000214   Data          20  rgb_flashing.o(.bss)
    SN3236_Pwm1_1                            0x20000228   Data          36  sn3236.o(.bss)
    SN3236_Pwm1_2                            0x2000024c   Data          36  sn3236.o(.bss)
    SN3236_RegBuffer                         0x20000270   Data          75  sn3236.o(.bss)
    SN3236_Pwm2_1                            0x200002bb   Data          36  sn3236.o(.bss)
    SN3236_Pwm2_2                            0x200002df   Data          36  sn3236.o(.bss)
    SN3236_Pwm3_1                            0x20000303   Data          36  sn3236.o(.bss)
    SN3236_Pwm3_2                            0x20000327   Data          36  sn3236.o(.bss)
    SN3236_Pwm4_1                            0x2000034b   Data          36  sn3236.o(.bss)
    SN3236_Pwm4_2                            0x2000036f   Data          36  sn3236.o(.bss)
    hadc                                     0x20000394   Data          76  main.o(.bss)
    huart1                                   0x200003e0   Data         112  main.o(.bss)
    hdma_adc                                 0x20000450   Data          68  main.o(.bss)
    hdma_usart1_tx                           0x20000494   Data          68  main.o(.bss)
    hdma_usart1_rx                           0x200004d8   Data          68  main.o(.bss)
    __initial_sp                             0x20000920   Data           0  startup_stm32f030x6.o(STACK)



==============================================================================

Memory Map of the image

  Image Entry point : 0x080000b1

  Load Region LR_IROM1 (Base: 0x08000000, Size: 0x00005f50, Max: 0x00008000, ABSOLUTE)

    Execution Region ER_IROM1 (Exec base: 0x08000000, Load base: 0x08000000, Size: 0x00005f0c, Max: 0x00008000, ABSOLUTE)

    Exec Addr    Load Addr    Size         Type   Attr      Idx    E Section Name        Object

    0x08000000   0x08000000   0x000000b0   Data   RO            3    RESET               startup_stm32f030x6.o
    0x080000b0   0x080000b0   0x00000000   Code   RO         2530  * .ARM.Collect$$$$00000000  mc_p.l(entry.o)
    0x080000b0   0x080000b0   0x00000004   Code   RO         2539    .ARM.Collect$$$$00000001  mc_p.l(entry2.o)
    0x080000b4   0x080000b4   0x00000004   Code   RO         2542    .ARM.Collect$$$$00000004  mc_p.l(entry5.o)
    0x080000b8   0x080000b8   0x00000000   Code   RO         2544    .ARM.Collect$$$$00000008  mc_p.l(entry7b.o)
    0x080000b8   0x080000b8   0x00000000   Code   RO         2546    .ARM.Collect$$$$0000000A  mc_p.l(entry8b.o)
    0x080000b8   0x080000b8   0x00000008   Code   RO         2547    .ARM.Collect$$$$0000000B  mc_p.l(entry9a.o)
    0x080000c0   0x080000c0   0x00000000   Code   RO         2549    .ARM.Collect$$$$0000000D  mc_p.l(entry10a.o)
    0x080000c0   0x080000c0   0x00000000   Code   RO         2551    .ARM.Collect$$$$0000000F  mc_p.l(entry11a.o)
    0x080000c0   0x080000c0   0x00000004   Code   RO         2540    .ARM.Collect$$$$00002712  mc_p.l(entry2.o)
    0x080000c4   0x080000c4   0x0000001c   Code   RO            4    .text               startup_stm32f030x6.o
    0x080000e0   0x080000e0   0x0000002c   Code   RO         2533    .text               mc_p.l(uidiv.o)
    0x0800010c   0x0800010c   0x00000024   Code   RO         2537    .text               mc_p.l(memseta.o)
    0x08000130   0x08000130   0x00000024   Code   RO         2553    .text               mc_p.l(init.o)
    0x08000154   0x08000154   0x00000052   Code   RO          203    i.ADC_ConversionStop  stm32f0xx_hal_adc.o
    0x080001a6   0x080001a6   0x0000006c   Code   RO          204    i.ADC_DMAConvCplt   stm32f0xx_hal_adc.o
    0x08000212   0x08000212   0x0000001a   Code   RO          205    i.ADC_DMAError      stm32f0xx_hal_adc.o
    0x0800022c   0x0800022c   0x0000000a   Code   RO          206    i.ADC_DMAHalfConvCplt  stm32f0xx_hal_adc.o
    0x08000236   0x08000236   0x00000066   Code   RO          207    i.ADC_Disable       stm32f0xx_hal_adc.o
    0x0800029c   0x0800029c   0x00000084   Code   RO          208    i.ADC_Enable        stm32f0xx_hal_adc.o
    0x08000320   0x08000320   0x00000078   Code   RO         1939    i.ADC_GetBuffer     app_main.o
    0x08000398   0x08000398   0x0000087c   Code   RO         2189    i.Array_CampFire    rgb.o
    0x08000c14   0x08000c14   0x00000578   Code   RO         2190    i.Array_CampFire2   rgb.o
    0x0800118c   0x0800118c   0x000001a0   Code   RO         2191    i.Array_CampFire3   rgb.o
    0x0800132c   0x0800132c   0x00000014   Code   RO         2016    i.BlueMode_Handle   bt_mode.o
    0x08001340   0x08001340   0x000000e8   Code   RO         2017    i.BlueMode_Receive  bt_mode.o
    0x08001428   0x08001428   0x00000018   Code   RO         2387    i.DMA1_Channel1_IRQHandler  stm32f0xx_it.o
    0x08001440   0x08001440   0x00000018   Code   RO         2388    i.DMA1_Channel2_3_IRQHandler  stm32f0xx_it.o
    0x08001458   0x08001458   0x00000024   Code   RO           12    i.DMA_CalcBaseAndBitshift  stm32f0xx_hal_dma.o
    0x0800147c   0x0800147c   0x00000028   Code   RO           13    i.DMA_SetConfig     stm32f0xx_hal_dma.o
    0x080014a4   0x080014a4   0x0000000c   Code   RO         2078    i.Delay_1us         io_iic.o
    0x080014b0   0x080014b0   0x000001a8   Code   RO         2192    i.FireMode_Handle   rgb.o
    0x08001658   0x08001658   0x0000001c   Code   RO         2138    i.GetKeyValue       key.o
    0x08001674   0x08001674   0x00000004   Code   RO         2139    i.GetVoltageValue   key.o
    0x08001678   0x08001678   0x00000110   Code   RO          210    i.HAL_ADC_ConfigChannel  stm32f0xx_hal_adc.o
    0x08001788   0x08001788   0x00000002   Code   RO          211    i.HAL_ADC_ConvCpltCallback  stm32f0xx_hal_adc.o
    0x0800178a   0x0800178a   0x00000002   Code   RO          212    i.HAL_ADC_ConvHalfCpltCallback  stm32f0xx_hal_adc.o
    0x0800178c   0x0800178c   0x00000002   Code   RO          214    i.HAL_ADC_ErrorCallback  stm32f0xx_hal_adc.o
    0x0800178e   0x0800178e   0x00000002   PAD
    0x08001790   0x08001790   0x00000174   Code   RO          219    i.HAL_ADC_Init      stm32f0xx_hal_adc.o
    0x08001904   0x08001904   0x00000094   Code   RO         2454    i.HAL_ADC_MspInit   stm32f0xx_hal_msp.o
    0x08001998   0x08001998   0x000000a0   Code   RO          226    i.HAL_ADC_Start_DMA  stm32f0xx_hal_adc.o
    0x08001a38   0x08001a38   0x00000070   Code   RO          229    i.HAL_ADC_Stop_DMA  stm32f0xx_hal_adc.o
    0x08001aa8   0x08001aa8   0x0000002c   Code   RO           14    i.HAL_DMA_Abort     stm32f0xx_hal_dma.o
    0x08001ad4   0x08001ad4   0x00000048   Code   RO           15    i.HAL_DMA_Abort_IT  stm32f0xx_hal_dma.o
    0x08001b1c   0x08001b1c   0x0000009c   Code   RO           19    i.HAL_DMA_IRQHandler  stm32f0xx_hal_dma.o
    0x08001bb8   0x08001bb8   0x00000058   Code   RO           20    i.HAL_DMA_Init      stm32f0xx_hal_dma.o
    0x08001c10   0x08001c10   0x0000006a   Code   RO           24    i.HAL_DMA_Start_IT  stm32f0xx_hal_dma.o
    0x08001c7a   0x08001c7a   0x00000002   PAD
    0x08001c7c   0x08001c7c   0x00000148   Code   RO         1880    i.HAL_GPIO_Init     stm32f0xx_hal_gpio.o
    0x08001dc4   0x08001dc4   0x0000000a   Code   RO         1882    i.HAL_GPIO_ReadPin  stm32f0xx_hal_gpio.o
    0x08001dce   0x08001dce   0x0000000c   Code   RO         1884    i.HAL_GPIO_WritePin  stm32f0xx_hal_gpio.o
    0x08001dda   0x08001dda   0x00000002   PAD
    0x08001ddc   0x08001ddc   0x0000000c   Code   RO         1432    i.HAL_GetTick       stm32f0xx_hal.o
    0x08001de8   0x08001de8   0x00000010   Code   RO         1436    i.HAL_IncTick       stm32f0xx_hal.o
    0x08001df8   0x08001df8   0x00000020   Code   RO         1437    i.HAL_Init          stm32f0xx_hal.o
    0x08001e18   0x08001e18   0x00000022   Code   RO         1438    i.HAL_InitTick      stm32f0xx_hal.o
    0x08001e3a   0x08001e3a   0x00000002   PAD
    0x08001e3c   0x08001e3c   0x00000038   Code   RO         2455    i.HAL_MspInit       stm32f0xx_hal_msp.o
    0x08001e74   0x08001e74   0x00000014   Code   RO         1751    i.HAL_NVIC_EnableIRQ  stm32f0xx_hal_cortex.o
    0x08001e88   0x08001e88   0x00000008   Code   RO         1755    i.HAL_NVIC_SetPriority  stm32f0xx_hal_cortex.o
    0x08001e90   0x08001e90   0x000000e8   Code   RO         1719    i.HAL_RCCEx_PeriphCLKConfig  stm32f0xx_hal_rcc_ex.o
    0x08001f78   0x08001f78   0x0000012c   Code   RO         1181    i.HAL_RCC_ClockConfig  stm32f0xx_hal_rcc.o
    0x080020a4   0x080020a4   0x0000000c   Code   RO         1186    i.HAL_RCC_GetHCLKFreq  stm32f0xx_hal_rcc.o
    0x080020b0   0x080020b0   0x00000020   Code   RO         1188    i.HAL_RCC_GetPCLK1Freq  stm32f0xx_hal_rcc.o
    0x080020d0   0x080020d0   0x00000078   Code   RO         1189    i.HAL_RCC_GetSysClockFreq  stm32f0xx_hal_rcc.o
    0x08002148   0x08002148   0x00000354   Code   RO         1192    i.HAL_RCC_OscConfig  stm32f0xx_hal_rcc.o
    0x0800249c   0x0800249c   0x00000018   Code   RO         1757    i.HAL_SYSTICK_CLKSourceConfig  stm32f0xx_hal_cortex.o
    0x080024b4   0x080024b4   0x00000002   Code   RO         1758    i.HAL_SYSTICK_Callback  stm32f0xx_hal_cortex.o
    0x080024b6   0x080024b6   0x00000002   PAD
    0x080024b8   0x080024b8   0x00000030   Code   RO         1759    i.HAL_SYSTICK_Config  stm32f0xx_hal_cortex.o
    0x080024e8   0x080024e8   0x00000008   Code   RO         1760    i.HAL_SYSTICK_IRQHandler  stm32f0xx_hal_cortex.o
    0x080024f0   0x080024f0   0x00000058   Code   RO          397    i.HAL_UART_DMAStop  stm32f0xx_hal_uart.o
    0x08002548   0x08002548   0x00000002   Code   RO          399    i.HAL_UART_ErrorCallback  stm32f0xx_hal_uart.o
    0x0800254a   0x0800254a   0x00000002   PAD
    0x0800254c   0x0800254c   0x00000114   Code   RO          402    i.HAL_UART_IRQHandler  stm32f0xx_hal_uart.o
    0x08002660   0x08002660   0x0000006c   Code   RO          403    i.HAL_UART_Init     stm32f0xx_hal_uart.o
    0x080026cc   0x080026cc   0x000000dc   Code   RO         2457    i.HAL_UART_MspInit  stm32f0xx_hal_msp.o
    0x080027a8   0x080027a8   0x000000a4   Code   RO          407    i.HAL_UART_Receive_DMA  stm32f0xx_hal_uart.o
    0x0800284c   0x0800284c   0x00000002   Code   RO          409    i.HAL_UART_RxCpltCallback  stm32f0xx_hal_uart.o
    0x0800284e   0x0800284e   0x00000002   Code   RO          410    i.HAL_UART_RxHalfCpltCallback  stm32f0xx_hal_uart.o
    0x08002850   0x08002850   0x00000098   Code   RO          412    i.HAL_UART_Transmit_DMA  stm32f0xx_hal_uart.o
    0x080028e8   0x080028e8   0x00000002   Code   RO          414    i.HAL_UART_TxCpltCallback  stm32f0xx_hal_uart.o
    0x080028ea   0x080028ea   0x00000002   Code   RO          415    i.HAL_UART_TxHalfCpltCallback  stm32f0xx_hal_uart.o
    0x080028ec   0x080028ec   0x00000002   Code   RO         2389    i.HardFault_Handler  stm32f0xx_it.o
    0x080028ee   0x080028ee   0x00000002   PAD
    0x080028f0   0x080028f0   0x0000015c   Code   RO         2079    i.IIC_Init1         io_iic.o
    0x08002a4c   0x08002a4c   0x00000070   Code   RO         2080    i.IIC_Send_Byte1    io_iic.o
    0x08002abc   0x08002abc   0x00000168   Code   RO         2081    i.IIC_Send_Byte_Mix  io_iic.o
    0x08002c24   0x08002c24   0x0000008c   Code   RO         2082    i.IIC_Start1        io_iic.o
    0x08002cb0   0x08002cb0   0x000000fc   Code   RO         2083    i.IIC_Stop1         io_iic.o
    0x08002dac   0x08002dac   0x00000030   Code   RO         2084    i.IIC_Wait_Ack      io_iic.o
    0x08002ddc   0x08002ddc   0x000000e8   Code   RO         2140    i.KeyComMsg         key.o
    0x08002ec4   0x08002ec4   0x000000c4   Code   RO         2141    i.KeyEventPorc      key.o
    0x08002f88   0x08002f88   0x0000000c   Code   RO         2142    i.KeyScan           key.o
    0x08002f94   0x08002f94   0x00000070   Code   RO         2326    i.MX_ADC_Init       main.o
    0x08003004   0x08003004   0x000000a8   Code   RO         2327    i.MX_GPIO_Init      main.o
    0x080030ac   0x080030ac   0x00000058   Code   RO         2328    i.MX_USART1_UART_Init  main.o
    0x08003104   0x08003104   0x00000100   Code   RO         2193    i.Mapping_Arrary    rgb.o
    0x08003204   0x08003204   0x00000002   Code   RO         2390    i.NMI_Handler       stm32f0xx_it.o
    0x08003206   0x08003206   0x00000002   PAD
    0x08003208   0x08003208   0x00000044   Code   RO         1761    i.NVIC_SetPriority  stm32f0xx_hal_cortex.o
    0x0800324c   0x0800324c   0x00000002   Code   RO         2391    i.PendSV_Handler    stm32f0xx_it.o
    0x0800324e   0x0800324e   0x00000002   PAD
    0x08003250   0x08003250   0x000000b8   Code   RO         1940    i.PowerON_Reset     app_main.o
    0x08003308   0x08003308   0x00000008   Code   RO         2194    i.RGBMode_Handle    rgb.o
    0x08003310   0x08003310   0x00000010   Code   RO         2281    i.SN3236_Driver     sn3236.o
    0x08003320   0x08003320   0x00000054   Code   RO         2282    i.SN3236_Init1      sn3236.o
    0x08003374   0x08003374   0x00000044   Code   RO         2283    i.SN3236_RegWrite   sn3236.o
    0x080033b8   0x080033b8   0x00000002   Code   RO         2392    i.SVC_Handler       stm32f0xx_it.o
    0x080033ba   0x080033ba   0x00000002   PAD
    0x080033bc   0x080033bc   0x0000006c   Code   RO         2393    i.SysTick_Handler   stm32f0xx_it.o
    0x08003428   0x08003428   0x0000007c   Code   RO         2329    i.SystemClock_Config  main.o
    0x080034a4   0x080034a4   0x0000005c   Code   RO         2499    i.SystemInit        system_stm32f0xx.o
    0x08003500   0x08003500   0x000000ca   Code   RO          416    i.UART_AdvFeatureConfig  stm32f0xx_hal_uart.o
    0x080035ca   0x080035ca   0x00000012   Code   RO          417    i.UART_CheckIdleState  stm32f0xx_hal_uart.o
    0x080035dc   0x080035dc   0x00000014   Code   RO          418    i.UART_DMAAbortOnError  stm32f0xx_hal_uart.o
    0x080035f0   0x080035f0   0x0000004a   Code   RO          419    i.UART_DMAError     stm32f0xx_hal_uart.o
    0x0800363a   0x0800363a   0x00000040   Code   RO          420    i.UART_DMAReceiveCplt  stm32f0xx_hal_uart.o
    0x0800367a   0x0800367a   0x0000000a   Code   RO          422    i.UART_DMARxHalfCplt  stm32f0xx_hal_uart.o
    0x08003684   0x08003684   0x00000030   Code   RO          424    i.UART_DMATransmitCplt  stm32f0xx_hal_uart.o
    0x080036b4   0x080036b4   0x0000000a   Code   RO          426    i.UART_DMATxHalfCplt  stm32f0xx_hal_uart.o
    0x080036be   0x080036be   0x0000001e   Code   RO          428    i.UART_EndRxTransfer  stm32f0xx_hal_uart.o
    0x080036dc   0x080036dc   0x0000001a   Code   RO          429    i.UART_EndTransmit_IT  stm32f0xx_hal_uart.o
    0x080036f6   0x080036f6   0x00000012   Code   RO          430    i.UART_EndTxTransfer  stm32f0xx_hal_uart.o
    0x08003708   0x08003708   0x0000007a   Code   RO          431    i.UART_Receive_IT   stm32f0xx_hal_uart.o
    0x08003782   0x08003782   0x00000002   PAD
    0x08003784   0x08003784   0x00000114   Code   RO          432    i.UART_SetConfig    stm32f0xx_hal_uart.o
    0x08003898   0x08003898   0x00000066   Code   RO          433    i.UART_Transmit_IT  stm32f0xx_hal_uart.o
    0x080038fe   0x080038fe   0x00000002   PAD
    0x08003900   0x08003900   0x0000002c   Code   RO         2394    i.USART1_IRQHandler  stm32f0xx_it.o
    0x0800392c   0x0800392c   0x00000038   Code   RO         2018    i.Usart1SendData_DMA  bt_mode.o
    0x08003964   0x08003964   0x00000002   Code   RO         2330    i._Error_Handler    main.o
    0x08003966   0x08003966   0x0000000e   Code   RO         2557    i.__scatterload_copy  mc_p.l(handlers.o)
    0x08003974   0x08003974   0x00000002   Code   RO         2558    i.__scatterload_null  mc_p.l(handlers.o)
    0x08003976   0x08003976   0x0000000e   Code   RO         2559    i.__scatterload_zeroinit  mc_p.l(handlers.o)
    0x08003984   0x08003984   0x00000070   Code   RO         1941    i.app_main          app_main.o
    0x080039f4   0x080039f4   0x00000050   Code   RO         2331    i.main              main.o
    0x08003a44   0x08003a44   0x00002490   Data   RO         2200    .constdata          rgb.o
    0x08005ed4   0x08005ed4   0x00000010   Data   RO         2500    .constdata          system_stm32f0xx.o
    0x08005ee4   0x08005ee4   0x00000008   Data   RO         2501    .constdata          system_stm32f0xx.o
    0x08005eec   0x08005eec   0x00000020   Data   RO         2555    Region$$Table       anon$$obj.o


    Execution Region RW_IRAM1 (Exec base: 0x20000000, Load base: 0x08005f0c, Size: 0x00000920, Max: 0x00001000, ABSOLUTE)

    Exec Addr    Load Addr    Size         Type   Attr      Idx    E Section Name        Object

    0x20000000   0x08005f0c   0x00000004   Data   RW         1443    .data               stm32f0xx_hal.o
    0x20000004   0x08005f10   0x0000000c   Data   RW         1942    .data               app_main.o
    0x20000010   0x08005f1c   0x00000001   Data   RW         1946    .data               app_main.o
    0x20000011   0x08005f1d   0x00000001   Data   RW         1949    .data               app_main.o
    0x20000012   0x08005f1e   0x00000001   Data   RW         2023    .data               bt_mode.o
    0x20000013   0x08005f1f   0x00000002   Data   RW         2024    .data               bt_mode.o
    0x20000015   0x08005f21   0x00000001   PAD
    0x20000016   0x08005f22   0x00000024   Data   RW         2145    .data               key.o
    0x2000003a   0x08005f46   0x00000003   Data   RW         2208    .data               rgb.o
    0x2000003d   0x08005f49   0x00000003   PAD
    0x20000040   0x08005f4c   0x00000004   Data   RW         2502    .data               system_stm32f0xx.o
    0x20000044        -       0x0000012c   Zero   RW         2021    .bss                bt_mode.o
    0x20000170        -       0x00000090   Zero   RW         2198    .bss                rgb.o
    0x20000200        -       0x00000014   Zero   RW         2260    .bss                rgb_flashing.o
    0x20000214        -       0x00000014   Zero   RW         2261    .bss                rgb_flashing.o
    0x20000228        -       0x00000093   Zero   RW         2284    .bss                sn3236.o
    0x200002bb        -       0x00000024   Zero   RW         2285    .bss                sn3236.o
    0x200002df        -       0x00000024   Zero   RW         2286    .bss                sn3236.o
    0x20000303        -       0x00000024   Zero   RW         2287    .bss                sn3236.o
    0x20000327        -       0x00000024   Zero   RW         2288    .bss                sn3236.o
    0x2000034b        -       0x00000024   Zero   RW         2289    .bss                sn3236.o
    0x2000036f        -       0x00000024   Zero   RW         2290    .bss                sn3236.o
    0x20000393   0x08005f50   0x00000001   PAD
    0x20000394        -       0x000000bc   Zero   RW         2332    .bss                main.o
    0x20000450        -       0x00000044   Zero   RW         2333    .bss                main.o
    0x20000494        -       0x00000044   Zero   RW         2334    .bss                main.o
    0x200004d8        -       0x00000044   Zero   RW         2335    .bss                main.o
    0x2000051c   0x08005f50   0x00000004   PAD
    0x20000520        -       0x00000400   Zero   RW            1    STACK               startup_stm32f030x6.o


==============================================================================

Image component sizes


      Code (inc. data)   RO Data    RW Data    ZI Data      Debug   Object Name

       416         48          0         14          0       3428   app_main.o
       308         58          0          3        300       2673   bt_mode.o
      1272         78          0          0          0       4957   io_iic.o
       472         30          0         36          0       3820   key.o
       574         46          0          0        392       4326   main.o
      4676        248       9360          3        144      21292   rgb.o
         0          0          0          0         40        594   rgb_flashing.o
       168         14          0          0        363       2585   sn3236.o
        28          8        176          0       1024        644   startup_stm32f030x6.o
        94         18          0          4          0       3151   stm32f0xx_hal.o
      1382         54          0          0          0       9936   stm32f0xx_hal_adc.o
       178         28          0          0          0      10647   stm32f0xx_hal_cortex.o
       542         14          0          0          0     244606   stm32f0xx_hal_dma.o
       350         26          0          0          0       2923   stm32f0xx_hal_gpio.o
       424        100          0          0          0       2408   stm32f0xx_hal_msp.o
      1316         94          0          0          0       5093   stm32f0xx_hal_rcc.o
       232         14          0          0          0       1392   stm32f0xx_hal_rcc_ex.o
      1818         50          0          0          0      16249   stm32f0xx_hal_uart.o
       208         54          0          0          0       3679   stm32f0xx_it.o
        92         14         24          4          0       1183   system_stm32f0xx.o

    ----------------------------------------------------------------------
     14574        996       9592         68       2268     345586   Object Totals
         0          0         32          0          0          0   (incl. Generated)
        24          0          0          4          5          0   (incl. Padding)

    ----------------------------------------------------------------------

      Code (inc. data)   RO Data    RW Data    ZI Data      Debug   Library Member Name

         0          0          0          0          0          0   entry.o
         0          0          0          0          0          0   entry10a.o
         0          0          0          0          0          0   entry11a.o
         8          4          0          0          0          0   entry2.o
         4          0          0          0          0          0   entry5.o
         0          0          0          0          0          0   entry7b.o
         0          0          0          0          0          0   entry8b.o
         8          4          0          0          0          0   entry9a.o
        30          0          0          0          0          0   handlers.o
        36          8          0          0          0         68   init.o
        36          0          0          0          0        100   memseta.o
        44          0          0          0          0         72   uidiv.o

    ----------------------------------------------------------------------
       166         16          0          0          0        240   Library Totals
         0          0          0          0          0          0   (incl. Padding)

    ----------------------------------------------------------------------

      Code (inc. data)   RO Data    RW Data    ZI Data      Debug   Library Name

       166         16          0          0          0        240   mc_p.l

    ----------------------------------------------------------------------
       166         16          0          0          0        240   Library Totals

    ----------------------------------------------------------------------

==============================================================================


      Code (inc. data)   RO Data    RW Data    ZI Data      Debug   

     14740       1012       9592         68       2268     341446   Grand Totals
     14740       1012       9592         68       2268     341446   ELF Image Totals
     14740       1012       9592         68          0          0   ROM Totals

==============================================================================

    Total RO  Size (Code + RO Data)                24332 (  23.76kB)
    Total RW  Size (RW Data + ZI Data)              2336 (   2.28kB)
    Total ROM Size (Code + RO Data + RW Data)      24400 (  23.83kB)

==============================================================================

